Archive member included to satisfy reference by file (symbol)

c:/program files (x86)/atmel/studio/7.0/toolchain/avr8/avr8-gnu-toolchain/bin/../lib/gcc/avr/4.9.2/../../../../avr/lib/avrxmega6\libm.a(addsf3.o)
                              md_core_analog.o (__subsf3)
c:/program files (x86)/atmel/studio/7.0/toolchain/avr8/avr8-gnu-toolchain/bin/../lib/gcc/avr/4.9.2/../../../../avr/lib/avrxmega6\libm.a(addsf3x.o)
                              c:/program files (x86)/atmel/studio/7.0/toolchain/avr8/avr8-gnu-toolchain/bin/../lib/gcc/avr/4.9.2/../../../../avr/lib/avrxmega6\libm.a(addsf3.o) (__addsf3x)
c:/program files (x86)/atmel/studio/7.0/toolchain/avr8/avr8-gnu-toolchain/bin/../lib/gcc/avr/4.9.2/../../../../avr/lib/avrxmega6\libm.a(cmpsf2.o)
                              md_core_analog.o (__ltsf2)
c:/program files (x86)/atmel/studio/7.0/toolchain/avr8/avr8-gnu-toolchain/bin/../lib/gcc/avr/4.9.2/../../../../avr/lib/avrxmega6\libm.a(divsf3.o)
                              md_9dof.o (__divsf3)
c:/program files (x86)/atmel/studio/7.0/toolchain/avr8/avr8-gnu-toolchain/bin/../lib/gcc/avr/4.9.2/../../../../avr/lib/avrxmega6\libm.a(divsf3x.o)
                              c:/program files (x86)/atmel/studio/7.0/toolchain/avr8/avr8-gnu-toolchain/bin/../lib/gcc/avr/4.9.2/../../../../avr/lib/avrxmega6\libm.a(divsf3.o) (__divsf3x)
c:/program files (x86)/atmel/studio/7.0/toolchain/avr8/avr8-gnu-toolchain/bin/../lib/gcc/avr/4.9.2/../../../../avr/lib/avrxmega6\libm.a(fixsfsi.o)
                              md_core_analog.o (__fixsfsi)
c:/program files (x86)/atmel/studio/7.0/toolchain/avr8/avr8-gnu-toolchain/bin/../lib/gcc/avr/4.9.2/../../../../avr/lib/avrxmega6\libm.a(fixunssfsi.o)
                              c:/program files (x86)/atmel/studio/7.0/toolchain/avr8/avr8-gnu-toolchain/bin/../lib/gcc/avr/4.9.2/../../../../avr/lib/avrxmega6\libm.a(fixsfsi.o) (__fixunssfsi)
c:/program files (x86)/atmel/studio/7.0/toolchain/avr8/avr8-gnu-toolchain/bin/../lib/gcc/avr/4.9.2/../../../../avr/lib/avrxmega6\libm.a(floatdisf.o)
                              md_core_analog.o (__floatdisf)
c:/program files (x86)/atmel/studio/7.0/toolchain/avr8/avr8-gnu-toolchain/bin/../lib/gcc/avr/4.9.2/../../../../avr/lib/avrxmega6\libm.a(floatsisf.o)
                              md_core_analog.o (__floatunsisf)
c:/program files (x86)/atmel/studio/7.0/toolchain/avr8/avr8-gnu-toolchain/bin/../lib/gcc/avr/4.9.2/../../../../avr/lib/avrxmega6\libm.a(floatundisf.o)
                              c:/program files (x86)/atmel/studio/7.0/toolchain/avr8/avr8-gnu-toolchain/bin/../lib/gcc/avr/4.9.2/../../../../avr/lib/avrxmega6\libm.a(floatdisf.o) (__fp_di2sf)
c:/program files (x86)/atmel/studio/7.0/toolchain/avr8/avr8-gnu-toolchain/bin/../lib/gcc/avr/4.9.2/../../../../avr/lib/avrxmega6\libm.a(fp_cmp.o)
                              c:/program files (x86)/atmel/studio/7.0/toolchain/avr8/avr8-gnu-toolchain/bin/../lib/gcc/avr/4.9.2/../../../../avr/lib/avrxmega6\libm.a(cmpsf2.o) (__fp_cmp)
c:/program files (x86)/atmel/studio/7.0/toolchain/avr8/avr8-gnu-toolchain/bin/../lib/gcc/avr/4.9.2/../../../../avr/lib/avrxmega6\libm.a(fp_inf.o)
                              c:/program files (x86)/atmel/studio/7.0/toolchain/avr8/avr8-gnu-toolchain/bin/../lib/gcc/avr/4.9.2/../../../../avr/lib/avrxmega6\libm.a(addsf3x.o) (__fp_inf)
c:/program files (x86)/atmel/studio/7.0/toolchain/avr8/avr8-gnu-toolchain/bin/../lib/gcc/avr/4.9.2/../../../../avr/lib/avrxmega6\libm.a(fp_nan.o)
                              c:/program files (x86)/atmel/studio/7.0/toolchain/avr8/avr8-gnu-toolchain/bin/../lib/gcc/avr/4.9.2/../../../../avr/lib/avrxmega6\libm.a(addsf3x.o) (__fp_nan)
c:/program files (x86)/atmel/studio/7.0/toolchain/avr8/avr8-gnu-toolchain/bin/../lib/gcc/avr/4.9.2/../../../../avr/lib/avrxmega6\libm.a(fp_negdi.o)
                              c:/program files (x86)/atmel/studio/7.0/toolchain/avr8/avr8-gnu-toolchain/bin/../lib/gcc/avr/4.9.2/../../../../avr/lib/avrxmega6\libm.a(floatdisf.o) (__fp_negdi)
c:/program files (x86)/atmel/studio/7.0/toolchain/avr8/avr8-gnu-toolchain/bin/../lib/gcc/avr/4.9.2/../../../../avr/lib/avrxmega6\libm.a(fp_pscA.o)
                              c:/program files (x86)/atmel/studio/7.0/toolchain/avr8/avr8-gnu-toolchain/bin/../lib/gcc/avr/4.9.2/../../../../avr/lib/avrxmega6\libm.a(addsf3x.o) (__fp_pscA)
c:/program files (x86)/atmel/studio/7.0/toolchain/avr8/avr8-gnu-toolchain/bin/../lib/gcc/avr/4.9.2/../../../../avr/lib/avrxmega6\libm.a(fp_pscB.o)
                              c:/program files (x86)/atmel/studio/7.0/toolchain/avr8/avr8-gnu-toolchain/bin/../lib/gcc/avr/4.9.2/../../../../avr/lib/avrxmega6\libm.a(addsf3x.o) (__fp_pscB)
c:/program files (x86)/atmel/studio/7.0/toolchain/avr8/avr8-gnu-toolchain/bin/../lib/gcc/avr/4.9.2/../../../../avr/lib/avrxmega6\libm.a(fp_round.o)
                              c:/program files (x86)/atmel/studio/7.0/toolchain/avr8/avr8-gnu-toolchain/bin/../lib/gcc/avr/4.9.2/../../../../avr/lib/avrxmega6\libm.a(addsf3.o) (__fp_round)
[...]
Memory Configuration

Name             Origin             Length             Attributes
text             0x00000000         0x00100000         xr
data             0x00802000         0x0000ffa0         rw !x
eeprom           0x00810000         0x00010000         rw !x
fuse             0x00820000         0x00000006         rw !x
lock             0x00830000         0x00000400         rw !x
signature        0x00840000         0x00000400         rw !x
user_signatures  0x00850000         0x00000400         rw !x
*default*        0x00000000         0xffffffff

Linker script and memory map

LOAD C:/Program Files (x86)/Atmel/Studio/7.0/Packs/atmel/XMEGAA_DFP/1.1.63/gcc/dev/atxmega256a3u/avrxmega6/crtatxmega256a3u.o
LOAD clksys_driver.o
LOAD DataInSlave.o
LOAD H2A_SECOM_MotorDriver.o
LOAD md_9dof.o
LOAD md_core_analog.o
LOAD md_readbussensors.o
LOAD md_serial.o
LOAD md_ticktimer.o
LOAD util.o
START GROUP
LOAD c:/program files (x86)/atmel/studio/7.0/toolchain/avr8/avr8-gnu-toolchain/bin/../lib/gcc/avr/4.9.2/../../../../avr/lib/avrxmega6\libm.a
END GROUP
LOAD c:/program files (x86)/atmel/studio/7.0/toolchain/avr8/avr8-gnu-toolchain/bin/../lib/gcc/avr/4.9.2/../../../../avr/lib/avrxmega6\libprintf_flt.a
LOAD c:/program files (x86)/atmel/studio/7.0/toolchain/avr8/avr8-gnu-toolchain/bin/../lib/gcc/avr/4.9.2/../../../../avr/lib/avrxmega6\libm.a
START GROUP
LOAD c:/program files (x86)/atmel/studio/7.0/toolchain/avr8/avr8-gnu-toolchain/bin/../lib/gcc/avr/4.9.2/avrxmega6\libgcc.a
LOAD c:/program files (x86)/atmel/studio/7.0/toolchain/avr8/avr8-gnu-toolchain/bin/../lib/gcc/avr/4.9.2/../../../../avr/lib/avrxmega6\libm.a
LOAD c:/program files (x86)/atmel/studio/7.0/toolchain/avr8/avr8-gnu-toolchain/bin/../lib/gcc/avr/4.9.2/../../../../avr/lib/avrxmega6\libc.a
LOAD C:/Program Files (x86)/Atmel/Studio/7.0/Packs/atmel/XMEGAA_DFP/1.1.63/gcc/dev/atxmega256a3u/avrxmega6\libatxmega256a3u.a
END GROUP
                0x00100000                __TEXT_REGION_LENGTH__ = DEFINED (__TEXT_REGION_LENGTH__)?__TEXT_REGION_LENGTH__:0x100000
                0x0000ffa0                __DATA_REGION_LENGTH__ = DEFINED (__DATA_REGION_LENGTH__)?__DATA_REGION_LENGTH__:0xffa0
                0x00010000                __EEPROM_REGION_LENGTH__ = DEFINED (__EEPROM_REGION_LENGTH__)?__EEPROM_REGION_LENGTH__:0x10000
                [0x00000006]                __FUSE_REGION_LENGTH__ = DEFINED (__FUSE_REGION_LENGTH__)?__FUSE_REGION_LENGTH__:0x400
                0x00000400                __LOCK_REGION_LENGTH__ = DEFINED (__LOCK_REGION_LENGTH__)?__LOCK_REGION_LENGTH__:0x400
                0x00000400                __SIGNATURE_REGION_LENGTH__ = DEFINED (__SIGNATURE_REGION_LENGTH__)?__SIGNATURE_REGION_LENGTH__:0x400
                0x00000400                __USER_SIGNATURE_REGION_LENGTH__ = DEFINED (__USER_SIGNATURE_REGION_LENGTH__)?__USER_SIGNATURE_REGION_LENGTH__:0x400

.hash
 *(.hash)

.dynsym
 *(.dynsym)

.dynstr
 *(.dynstr)

.gnu.version
 *(.gnu.version)

.gnu.version_d
 *(.gnu.version_d)

.gnu.version_r
 *(.gnu.version_r)

.rel.init
 *(.rel.init)

.rela.init
 *(.rela.init)

.rel.text
 *(.rel.text)
 *(.rel.text.*)
 *(.rel.gnu.linkonce.t*)

.rela.text
 *(.rela.text)
 *(.rela.text.*)
 *(.rela.gnu.linkonce.t*)

.rel.fini
 *(.rel.fini)

.rela.fini
 *(.rela.fini)

.rel.rodata
 *(.rel.rodata)
 *(.rel.rodata.*)
 *(.rel.gnu.linkonce.r*)

.rela.rodata
 *(.rela.rodata)
 *(.rela.rodata.*)
 *(.rela.gnu.linkonce.r*)

.rel.data
 *(.rel.data)
 *(.rel.data.*)
 *(.rel.gnu.linkonce.d*)

.rela.data
 *(.rela.data)
 *(.rela.data.*)
 *(.rela.gnu.linkonce.d*)

.rel.ctors
 *(.rel.ctors)

.rela.ctors
 *(.rela.ctors)

.rel.dtors
 *(.rel.dtors)

.rela.dtors
 *(.rela.dtors)

.rel.got
 *(.rel.got)

.rela.got
 *(.rela.got)

.rel.bss
 *(.rel.bss)

.rela.bss
 *(.rela.bss)

.rel.plt
 *(.rel.plt)

.rela.plt
 *(.rela.plt)

.text           0x00000000     0x7918
 *(.vectors)
 .vectors       0x00000000      0x1fc C:/Program Files (x86)/Atmel/Studio/7.0/Packs/atmel/XMEGAA_DFP/1.1.63/gcc/dev/atxmega256a3u/avrxmega6/crtatxmega256a3u.o
                0x00000000                __vector_default
                0x00000000                __vectors
 *(.vectors)
 *(.progmem.gcc*)
                0x000001fc                . = ALIGN (0x2)
                0x000001fc                __trampolines_start = .
 *(.trampolines)
 .trampolines   0x000001fc       0x60 linker stubs
 *(.trampolines*)
                0x0000025c                __trampolines_end = .
 *libprintf_flt.a:*(.progmem.data)
 .progmem.data  0x0000025c        0x8 c:/program files (x86)/atmel/studio/7.0/toolchain/avr8/avr8-gnu-toolchain/bin/../lib/gcc/avr/4.9.2/../../../../avr/lib/avrxmega6\libprintf_flt.a(vfprintf_flt.o)
 *libc.a:*(.progmem.data)
 .progmem.data  0x00000264       0xfa c:/program files (x86)/atmel/studio/7.0/toolchain/avr8/avr8-gnu-toolchain/bin/../lib/gcc/avr/4.9.2/../../../../avr/lib/avrxmega6\libc.a(ftoa_engine.o)
 *(.progmem*)
                0x0000035e                . = ALIGN (0x2)
 *(.jumptables)
 *(.jumptables*)
 *(.lowtext)
 *(.lowtext*)
                0x0000035e                __ctors_start = .
 *(.ctors)
                0x0000035e                __ctors_end = .
                0x0000035e                __dtors_start = .
 *(.dtors)
                0x0000035e                __dtors_end = .
 SORT(*)(.ctors)
 SORT(*)(.dtors)
 *(.init0)
 .init0         0x0000035e        0x0 C:/Program Files (x86)/Atmel/Studio/7.0/Packs/atmel/XMEGAA_DFP/1.1.63/gcc/dev/atxmega256a3u/avrxmega6/crtatxmega256a3u.o
                0x0000035e                __init
 *(.init0)
 *(.init1)
 *(.init1)
 *(.init2)
 .init2         0x0000035e       0x10 C:/Program Files (x86)/Atmel/Studio/7.0/Packs/atmel/XMEGAA_DFP/1.1.63/gcc/dev/atxmega256a3u/avrxmega6/crtatxmega256a3u.o
 *(.init2)
 *(.init3)
 *(.init3)
 *(.init4)
 .init4         0x0000036e       0x1a c:/program files (x86)/atmel/studio/7.0/toolchain/avr8/avr8-gnu-toolchain/bin/../lib/gcc/avr/4.9.2/avrxmega6\libgcc.a(_copy_data.o)
                0x0000036e                __do_copy_data
 .init4         0x00000388       0x10 c:/program files (x86)/atmel/studio/7.0/toolchain/avr8/avr8-gnu-toolchain/bin/../lib/gcc/avr/4.9.2/avrxmega6\libgcc.a(_clear_bss.o)
                0x00000388                __do_clear_bss
 *(.init4)
 *(.init5)
 *(.init5)
 *(.init6)
 *(.init6)
 *(.init7)
 *(.init7)
 *(.init8)
 *(.init8)
 *(.init9)
 .init9         0x00000398        0x8 C:/Program Files (x86)/Atmel/Studio/7.0/Packs/atmel/XMEGAA_DFP/1.1.63/gcc/dev/atxmega256a3u/avrxmega6/crtatxmega256a3u.o
 *(.init9)
 *(.text)
 .text          0x000003a0        0x4 C:/Program Files (x86)/Atmel/Studio/7.0/Packs/atmel/XMEGAA_DFP/1.1.63/gcc/dev/atxmega256a3u/avrxmega6/crtatxmega256a3u.o
                0x000003a0                __vector_38
                0x000003a0                __vector_104
                0x000003a0                __vector_22
                0x000003a0                __vector_63
                0x000003a0                __vector_28
                0x000003a0                __vector_67
                0x000003a0                __vector_1
                0x000003a0                __vector_32
                0x000003a0                __vector_75
                0x000003a0                __vector_34
                0x000003a0                __vector_62
                0x000003a0                __vector_77
                0x000003a0                __vector_102
                0x000003a0                __vector_24
                0x000003a0                __vector_12
                0x000003a0                __vector_55
                0x000003a0                __vector_69
                0x000003a0                __vector_81
                0x000003a0                __vector_46
                0x000003a0                __bad_interrupt
                0x000003a0                __vector_122
                0x000003a0                __vector_72
                0x000003a0                __vector_114
                0x000003a0                __vector_6
                0x000003a0                __vector_110
                0x000003a0                __vector_31
                0x000003a0                __vector_35
                0x000003a0                __vector_78
                0x000003a0                __vector_74
                0x000003a0                __vector_117
                0x000003a0                __vector_39
                0x000003a0                __vector_107
                0x000003a0                __vector_3
                0x000003a0                __vector_105
                0x000003a0                __vector_98
                0x000003a0                __vector_23
                0x000003a0                __vector_68
                0x000003a0                __vector_30
                0x000003a0                __vector_73
                0x000003a0                __vector_45
                0x000003a0                __vector_25
                0x000003a0                __vector_93
                0x000003a0                __vector_61
                0x000003a0                __vector_11
                0x000003a0                __vector_54
                0x000003a0                __vector_99
                0x000003a0                __vector_13
                0x000003a0                __vector_17
                0x000003a0                __vector_19
                0x000003a0                __vector_56
                0x000003a0                __vector_7
                0x000003a0                __vector_125
                0x000003a0                __vector_49
                0x000003a0                __vector_123
                0x000003a0                __vector_41
                0x000003a0                __vector_86
                0x000003a0                __vector_100
                0x000003a0                __vector_101
                0x000003a0                __vector_64
                0x000003a0                __vector_109
                0x000003a0                __vector_43
                0x000003a0                __vector_27
                0x000003a0                __vector_5
                0x000003a0                __vector_113
                0x000003a0                __vector_33
                0x000003a0                __vector_76
                0x000003a0                __vector_115
                0x000003a0                __vector_47
                0x000003a0                __vector_52
                0x000003a0                __vector_37
                0x000003a0                __vector_95
                0x000003a0                __vector_103
                0x000003a0                __vector_96
                0x000003a0                __vector_108
                0x000003a0                __vector_4
                0x000003a0                __vector_44
                0x000003a0                __vector_82
                0x000003a0                __vector_106
                0x000003a0                __vector_118
                0x000003a0                __vector_51
                0x000003a0                __vector_9
                0x000003a0                __vector_2
                0x000003a0                __vector_21
                0x000003a0                __vector_15
                0x000003a0                __vector_66
                0x000003a0                __vector_36
                0x000003a0                __vector_79
                0x000003a0                __vector_58
                0x000003a0                __vector_70
                0x000003a0                __vector_83
                0x000003a0                __vector_29
                0x000003a0                __vector_60
                0x000003a0                __vector_121
                0x000003a0                __vector_40
                0x000003a0                __vector_85
                0x000003a0                __vector_94
                0x000003a0                __vector_126
                0x000003a0                __vector_8
                0x000003a0                __vector_26
                0x000003a0                __vector_48
                0x000003a0                __vector_124
                0x000003a0                __vector_116
                0x000003a0                __vector_112
                0x000003a0                __vector_111
                0x000003a0                __vector_80
                0x000003a0                __vector_14
                0x000003a0                __vector_84
                0x000003a0                __vector_57
                0x000003a0                __vector_53
                0x000003a0                __vector_10
                0x000003a0                __vector_50
                0x000003a0                __vector_16
                0x000003a0                __vector_59
                0x000003a0                __vector_18
                0x000003a0                __vector_97
                0x000003a0                __vector_20
                0x000003a0                __vector_42
                0x000003a0                __vector_87
                0x000003a0                __vector_65
                0x000003a4                . = ALIGN (0x2)
 *(.text.*)
 .text.CCPWrite
                0x000003a4       0x2a clksys_driver.o
                0x000003a4                CCPWrite
 .text.CLKSYS_XOSC_Config
                0x000003ce       0x14 clksys_driver.o
                0x000003ce                CLKSYS_XOSC_Config
 .text.CLKSYS_PLL_Config
                0x000003e2        0xa clksys_driver.o
                0x000003e2                CLKSYS_PLL_Config
 .text.CLKSYS_Disable
                0x000003ec       0x14 clksys_driver.o
                0x000003ec                CLKSYS_Disable
 .text.CLKSYS_Main_ClockSource_Select
                0x00000400       0x2a clksys_driver.o
                0x00000400                CLKSYS_Main_ClockSource_Select
 .text.InitSlave
                0x0000042a       0x2a DataInSlave.o
                0x0000042a                InitSlave
 .text.AddSlaveOwnSensor
                0x00000454       0xac DataInSlave.o
                0x00000454                AddSlaveOwnSensor
 .text.AddWantedSensor
                0x00000500       0x90 DataInSlave.o
                0x00000500                AddWantedSensor
 .text.HandleSnapshot
                0x00000590       0x4c DataInSlave.o
                0x00000590                HandleSnapshot
 .text.HandleCmdS.constprop.1
                0x000005dc      0x18e DataInSlave.o
 .text.SendLineRS485
                0x0000076a       0x22 DataInSlave.o
                0x0000076a                SendLineRS485
 .text.ReadLineRS45
                0x0000078c       0x66 DataInSlave.o
                0x0000078c                ReadLineRS45
 .text.ScanDataInSlave
                0x000007f2      0x390 DataInSlave.o
                0x000007f2                ScanDataInSlave
 .text.startup.main
                0x00000b82      0x1e2 H2A_SECOM_MotorDriver.o
                0x00000b82                main
 .text.S9DOFWrite
                0x00000d64       0x8c md_9dof.o
 .text.S9DOFRead.constprop.0
                0x00000df0      0x110 md_9dof.o
 .text.Init9DOF
                0x00000f00       0x80 md_9dof.o
                0x00000f00                Init9DOF
 .text.Process9DOF
                0x00000f80        0x2 md_9dof.o
                0x00000f80                Process9DOF
 .text.GyroGetTemp
                0x00000f82       0x22 md_9dof.o
                0x00000f82                GyroGetTemp
 .text.GyroGetMagnetic
                0x00000fa4       0x4c md_9dof.o
                0x00000fa4                GyroGetMagnetic
 .text.GyroGetAcceleration
                0x00000ff0       0x58 md_9dof.o
                0x00000ff0                GyroGetAcceleration
 .text.GyroGetGyro
                0x00001048       0x40 md_9dof.o
                0x00001048                GyroGetGyro
 .text.PrintCSV_9DOF
                0x00001088      0x174 md_9dof.o
                0x00001088                PrintCSV_9DOF
 .text.CoreAnalogTakeSnapshot485
                0x000011fc        0xc md_core_analog.o
 .text.GetCruiseControlButtonStatus
                0x00001208       0x82 md_core_analog.o
 .text.GetFullPowerButtonStatus
                0x0000128a       0x82 md_core_analog.o
 .text.GetMotorDriverTemp
                0x0000130c       0x70 md_core_analog.o
 .text.GetDiodeStatus
                0x0000137c       0x84 md_core_analog.o
 .text.GetTimeSnapshot
                0x00001400       0x70 md_core_analog.o
 .text.GetSupercapEnergy
                0x00001470       0xec md_core_analog.o
 .text.GetSupercapPower
                0x0000155c       0xdc md_core_analog.o
 .text.GetSupercapCurrent
                0x00001638       0xb4 md_core_analog.o
 .text.GetSupercapVoltage
                0x000016ec       0xb4 md_core_analog.o
 .text.GetFuelCellEnergy
                0x000017a0       0xec md_core_analog.o
 .text.GetFuelCellPower
                0x0000188c       0xdc md_core_analog.o
 .text.GetFuelCellCurrent
                0x00001968       0xb4 md_core_analog.o
 .text.GetFuelCellVoltage
                0x00001a1c       0xb4 md_core_analog.o
 .text.GetMotorCurrent
                0x00001ad0       0x7c md_core_analog.o
 .text.GetMotorVoltage
                0x00001b4c       0xb4 md_core_analog.o
 .text.GetWheelDistance
                0x00001c00       0x70 md_core_analog.o
 .text.GetWheelSpeedEVA
                0x00001c70       0xba md_core_analog.o
 .text.GetWheelSpeedH2A
                0x00001d2a       0xba md_core_analog.o
 .text.InitCoreAnalog
                0x00001de4      0x57e md_core_analog.o
                0x00001de4                InitCoreAnalog
 .text.CalibrateChannel
                0x00002362      0x990 md_core_analog.o
                0x00002362                CalibrateChannel
 .text.TakeSnapshot
                0x00002cf2        0x8 md_core_analog.o
                0x00002cf2                TakeSnapshot
 .text.GetSessionCycleCount
                0x00002cfa       0x3a md_core_analog.o
                0x00002cfa                GetSessionCycleCount
 .text.PrintCSV_H2A
                0x00002d34     0x1072 md_core_analog.o
                0x00002d34                PrintCSV_H2A
 .text.PrintCSV_EVA
                0x00003da6      0x9d0 md_core_analog.o
                0x00003da6                PrintCSV_EVA
 .text.PrintResetHeader
                0x00004776       0x58 md_core_analog.o
                0x00004776                PrintResetHeader
 .text.__vector_71
                0x000047ce      0xf18 md_core_analog.o
                0x000047ce                __vector_71
 .text.CopySensorData
                0x000056e6       0x36 md_readbussensors.o
 .text.AcceptDataGPSPosition
                0x0000571c        0xe md_readbussensors.o
 .text.AcceptDataGPSDirection
                0x0000572a        0xe md_readbussensors.o
 .text.AcceptDataGPSSpeed
                0x00005738        0xe md_readbussensors.o
 .text.AcceptDataGPSTime
                0x00005746        0xe md_readbussensors.o
 .text.InitReadBussensors
                0x00005754       0x30 md_readbussensors.o
                0x00005754                InitReadBussensors
 .text.PrintBussensors
                0x00005784       0x3c md_readbussensors.o
                0x00005784                PrintBussensors
 .text.InitSerial
                0x000057c0       0xb4 md_serial.o
                0x000057c0                InitSerial
 .text.CanRead_Comm485
                0x00005874       0x12 md_serial.o
                0x00005874                CanRead_Comm485
 .text.ReadByte_Comm485
                0x00005886       0x2a md_serial.o
                0x00005886                ReadByte_Comm485
 .text.CanWrite_Comm485
                0x000058b0       0x1e md_serial.o
                0x000058b0                CanWrite_Comm485
 .text.WriteByte_Comm485
                0x000058ce       0x7c md_serial.o
                0x000058ce                WriteByte_Comm485
 .text.CanRead_Ctrl
                0x0000594a       0x12 md_serial.o
                0x0000594a                CanRead_Ctrl
 .text.ReadByte_Ctrl
                0x0000595c       0x2a md_serial.o
                0x0000595c                ReadByte_Ctrl
 .text.CanWrite_Ctrl
                0x00005986       0x1e md_serial.o
                0x00005986                CanWrite_Ctrl
 .text.WriteByte_Ctrl
                0x000059a4       0x4e md_serial.o
                0x000059a4                WriteByte_Ctrl
 .text.Ctrl_putchar
                0x000059f2       0x54 md_serial.o
 .text.__vector_88
                0x00005a46       0x50 md_serial.o
                0x00005a46                __vector_88
 .text.__vector_89
                0x00005a96       0x64 md_serial.o
                0x00005a96                __vector_89
 .text.__vector_90
                0x00005afa       0x3a md_serial.o
                0x00005afa                __vector_90
 .text.__vector_91
                0x00005b34       0x50 md_serial.o
                0x00005b34                __vector_91
 .text.__vector_92
                0x00005b84       0x64 md_serial.o
                0x00005b84                __vector_92
 .text.__vector_119
                0x00005be8       0x50 md_serial.o
                0x00005be8                __vector_119
 .text.__vector_120
                0x00005c38       0x64 md_serial.o
                0x00005c38                __vector_120
 .text.InitTimer
                0x00005c9c       0x20 md_ticktimer.o
                0x00005c9c                InitTimer
 .text.GetTicks
                0x00005cbc        0xa md_ticktimer.o
                0x00005cbc                GetTicks
 .text.BusyWaitTillAfter
                0x00005cc6       0x28 md_ticktimer.o
                0x00005cc6                BusyWaitTillAfter
 .text.GetBusID
                0x00005cee       0x22 util.o
                0x00005cee                GetBusID
 .text.PrintBoardType
                0x00005d10       0x3a util.o
                0x00005d10                PrintBoardType
 .text.PrintProcessorID
                0x00005d4a       0x90 util.o
                0x00005d4a                PrintProcessorID
 .text.TryReadEEPROM
                0x00005dda       0xa6 util.o
                0x00005dda                TryReadEEPROM
 .text.UpdateEEPROM
                0x00005e80       0x6c util.o
                0x00005e80                UpdateEEPROM
 .text.ReadCalibrationByte
                0x00005eec       0x18 util.o
                0x00005eec                ReadCalibrationByte
 .text.InitUtil
                0x00005f04       0x7a util.o
                0x00005f04                InitUtil
 .text.avr-libc.fplib
                0x00005f7e        0xe c:/program files (x86)/atmel/studio/7.0/toolchain/avr8/avr8-gnu-toolchain/bin/../lib/gcc/avr/4.9.2/../../../../avr/lib/avrxmega6\libm.a(addsf3.o)
                0x00005f7e                __subsf3
                0x00005f80                __addsf3
 .text.avr-libc.fplib
                0x00005f8c       0xcc c:/program files (x86)/atmel/studio/7.0/toolchain/avr8/avr8-gnu-toolchain/bin/../lib/gcc/avr/4.9.2/../../../../avr/lib/avrxmega6\libm.a(addsf3x.o)
                0x00005fae                __addsf3x
 .text.avr-libc.fplib
                0x00006058        0xa c:/program files (x86)/atmel/studio/7.0/toolchain/avr8/avr8-gnu-toolchain/bin/../lib/gcc/avr/4.9.2/../../../../avr/lib/avrxmega6\libm.a(cmpsf2.o)
                0x00006058                __nesf2
                0x00006058                __eqsf2
                0x00006058                __cmpsf2
                0x00006058                __ltsf2
                0x00006058                __lesf2
 .text.avr-libc.fplib
                0x00006062        0x8 c:/program files (x86)/atmel/studio/7.0/toolchain/avr8/avr8-gnu-toolchain/bin/../lib/gcc/avr/4.9.2/../../../../avr/lib/avrxmega6\libm.a(divsf3.o)
                0x00006062                __divsf3
 .text.avr-libc.fplib
                0x0000606a       0xdc c:/program files (x86)/atmel/studio/7.0/toolchain/avr8/avr8-gnu-toolchain/bin/../lib/gcc/avr/4.9.2/../../../../avr/lib/avrxmega6\libm.a(divsf3x.o)
                0x0000608a                __divsf3x
                0x00006090                __divsf3_pse
 .text.avr-libc.fplib
                0x00006146        0xe c:/program files (x86)/atmel/studio/7.0/toolchain/avr8/avr8-gnu-toolchain/bin/../lib/gcc/avr/4.9.2/../../../../avr/lib/avrxmega6\libm.a(fixsfsi.o)
                0x00006146                __fixsfsi
 .text.avr-libc.fplib
                0x00006154       0x5e c:/program files (x86)/atmel/studio/7.0/toolchain/avr8/avr8-gnu-toolchain/bin/../lib/gcc/avr/4.9.2/../../../../avr/lib/avrxmega6\libm.a(fixunssfsi.o)
                0x00006154                __fixunssfsi
 .text.avr-libc.fplib
                0x000061b2        0xc c:/program files (x86)/atmel/studio/7.0/toolchain/avr8/avr8-gnu-toolchain/bin/../lib/gcc/avr/4.9.2/../../../../avr/lib/avrxmega6\libm.a(floatdisf.o)
                0x000061b2                __floatdisf
 .text.avr-libc.fplib
                0x000061be       0x7a c:/program files (x86)/atmel/studio/7.0/toolchain/avr8/avr8-gnu-toolchain/bin/../lib/gcc/avr/4.9.2/../../../../avr/lib/avrxmega6\libm.a(floatsisf.o)
                0x000061be                __floatunsisf
                0x000061c2                __floatsisf
 .text.avr-libc.fplib
                0x00006238       0x7c c:/program files (x86)/atmel/studio/7.0/toolchain/avr8/avr8-gnu-toolchain/bin/../lib/gcc/avr/4.9.2/../../../../avr/lib/avrxmega6\libm.a(floatundisf.o)
                0x00006238                __floatundisf
                0x0000623a                __fp_di2sf
 .text.avr-libc.fplib
                0x000062b4       0x48 c:/program files (x86)/atmel/studio/7.0/toolchain/avr8/avr8-gnu-toolchain/bin/../lib/gcc/avr/4.9.2/../../../../avr/lib/avrxmega6\libm.a(fp_cmp.o)
                0x000062b4                __fp_cmp
 .text.avr-libc.fplib
                0x000062fc        0xc c:/program files (x86)/atmel/studio/7.0/toolchain/avr8/avr8-gnu-toolchain/bin/../lib/gcc/avr/4.9.2/../../../../avr/lib/avrxmega6\libm.a(fp_inf.o)
                0x000062fc                __fp_inf
 .text.avr-libc.fplib
                0x00006308        0x6 c:/program files (x86)/atmel/studio/7.0/toolchain/avr8/avr8-gnu-toolchain/bin/../lib/gcc/avr/4.9.2/../../../../avr/lib/avrxmega6\libm.a(fp_nan.o)
                0x00006308                __fp_nan
 .text.avr-libc.fplib
                0x0000630e       0x20 c:/program files (x86)/atmel/studio/7.0/toolchain/avr8/avr8-gnu-toolchain/bin/../lib/gcc/avr/4.9.2/../../../../avr/lib/avrxmega6\libm.a(fp_negdi.o)
                0x0000630e                __fp_negdi
 .text.avr-libc.fplib
                0x0000632e        0xe c:/program files (x86)/atmel/studio/7.0/toolchain/avr8/avr8-gnu-toolchain/bin/../lib/gcc/avr/4.9.2/../../../../avr/lib/avrxmega6\libm.a(fp_pscA.o)
                0x0000632e                __fp_pscA
 .text.avr-libc.fplib
                0x0000633c        0xe c:/program files (x86)/atmel/studio/7.0/toolchain/avr8/avr8-gnu-toolchain/bin/../lib/gcc/avr/4.9.2/../../../../avr/lib/avrxmega6\libm.a(fp_pscB.o)
                0x0000633c                __fp_pscB
 .text.avr-libc.fplib
                0x0000634a       0x22 c:/program files (x86)/atmel/studio/7.0/toolchain/avr8/avr8-gnu-toolchain/bin/../lib/gcc/avr/4.9.2/../../../../avr/lib/avrxmega6\libm.a(fp_round.o)
                0x0000634a                __fp_round
 .text.avr-libc.fplib
                0x0000636c       0x44 c:/program files (x86)/atmel/studio/7.0/toolchain/avr8/avr8-gnu-toolchain/bin/../lib/gcc/avr/4.9.2/../../../../avr/lib/avrxmega6\libm.a(fp_split3.o)
                0x0000636c                __fp_split3
                0x0000637c                __fp_splitA
 .text.avr-libc.fplib
                0x000063b0        0xe c:/program files (x86)/atmel/studio/7.0/toolchain/avr8/avr8-gnu-toolchain/bin/../lib/gcc/avr/4.9.2/../../../../avr/lib/avrxmega6\libm.a(fp_zero.o)
                0x000063b0                __fp_zero
                0x000063b2                __fp_szero
 .text.avr-libc.fplib
                0x000063be        0x8 c:/program files (x86)/atmel/studio/7.0/toolchain/avr8/avr8-gnu-toolchain/bin/../lib/gcc/avr/4.9.2/../../../../avr/lib/avrxmega6\libm.a(mulsf3.o)
                0x000063be                __mulsf3
 .text.avr-libc.fplib
                0x000063c6       0xd2 c:/program files (x86)/atmel/studio/7.0/toolchain/avr8/avr8-gnu-toolchain/bin/../lib/gcc/avr/4.9.2/../../../../avr/lib/avrxmega6\libm.a(mulsf3x.o)
                0x000063e4                __mulsf3x
                0x000063ea                __mulsf3_pse
 .text.avr-libc.fplib
                0x00006498       0x48 c:/program files (x86)/atmel/studio/7.0/toolchain/avr8/avr8-gnu-toolchain/bin/../lib/gcc/avr/4.9.2/../../../../avr/lib/avrxmega6\libm.a(round.o)
                0x00006498                round
 .text.avr-libc.fplib
                0x000064e0       0x36 c:/program files (x86)/atmel/studio/7.0/toolchain/avr8/avr8-gnu-toolchain/bin/../lib/gcc/avr/4.9.2/../../../../avr/lib/avrxmega6\libm.a(fp_mintl.o)
                0x000064e0                __fp_mintl
 .text.avr-libc.fplib
                0x00006516       0x1c c:/program files (x86)/atmel/studio/7.0/toolchain/avr8/avr8-gnu-toolchain/bin/../lib/gcc/avr/4.9.2/../../../../avr/lib/avrxmega6\libm.a(fp_mpack.o)
                0x00006516                __fp_mpack
                0x0000651a                __fp_mpack_finite
 .text.avr-libc
                0x00006532      0x73e c:/program files (x86)/atmel/studio/7.0/toolchain/avr8/avr8-gnu-toolchain/bin/../lib/gcc/avr/4.9.2/../../../../avr/lib/avrxmega6\libprintf_flt.a(vfprintf_flt.o)
                0x00006532                vfprintf
 .text.libgcc.mul
                0x00006c70       0x10 c:/program files (x86)/atmel/studio/7.0/toolchain/avr8/avr8-gnu-toolchain/bin/../lib/gcc/avr/4.9.2/avrxmega6\libgcc.a(_mulhisi3.o)
                0x00006c70                __mulhisi3
 .text.libgcc.mul
                0x00006c80       0x1e c:/program files (x86)/atmel/studio/7.0/toolchain/avr8/avr8-gnu-toolchain/bin/../lib/gcc/avr/4.9.2/avrxmega6\libgcc.a(_umulhisi3.o)
                0x00006c80                __umulhisi3
 .text.libgcc.mul
                0x00006c9e        0xe c:/program files (x86)/atmel/studio/7.0/toolchain/avr8/avr8-gnu-toolchain/bin/../lib/gcc/avr/4.9.2/avrxmega6\libgcc.a(_usmulhisi3.o)
                0x00006c9e                __usmulhisi3
                0x00006ca2                __usmulhisi3_tail
 .text.libgcc.mul
                0x00006cac       0x16 c:/program files (x86)/atmel/studio/7.0/toolchain/avr8/avr8-gnu-toolchain/bin/../lib/gcc/avr/4.9.2/avrxmega6\libgcc.a(_muluhisi3.o)
                0x00006cac                __muluhisi3
 .text.libgcc   0x00006cc2       0x12 c:/program files (x86)/atmel/studio/7.0/toolchain/avr8/avr8-gnu-toolchain/bin/../lib/gcc/avr/4.9.2/avrxmega6\libgcc.a(_adddi3.o)
                0x00006cc2                __adddi3
 .text.avr-libc
                0x00006cd4      0x25a c:/program files (x86)/atmel/studio/7.0/toolchain/avr8/avr8-gnu-toolchain/bin/../lib/gcc/avr/4.9.2/../../../../avr/lib/avrxmega6\libc.a(malloc.o)
                0x00006cd4                malloc
                0x00006dfe                free
 .text.avr-libc
                0x00006f2e      0x1d2 c:/program files (x86)/atmel/studio/7.0/toolchain/avr8/avr8-gnu-toolchain/bin/../lib/gcc/avr/4.9.2/../../../../avr/lib/avrxmega6\libc.a(realloc.o)
                0x00006f2e                realloc
 .text.avr-libc
                0x00007100      0x256 c:/program files (x86)/atmel/studio/7.0/toolchain/avr8/avr8-gnu-toolchain/bin/../lib/gcc/avr/4.9.2/../../../../avr/lib/avrxmega6\libc.a(strtol.o)
                0x00007100                strtol
 .text.avr-libc
                0x00007356      0x1b0 c:/program files (x86)/atmel/studio/7.0/toolchain/avr8/avr8-gnu-toolchain/bin/../lib/gcc/avr/4.9.2/../../../../avr/lib/avrxmega6\libc.a(ftoa_engine.o)
                0x00007356                __ftoa_engine
 .text.avr-libc
                0x00007506       0x12 c:/program files (x86)/atmel/studio/7.0/toolchain/avr8/avr8-gnu-toolchain/bin/../lib/gcc/avr/4.9.2/../../../../avr/lib/avrxmega6\libc.a(isspace.o)
                0x00007506                isspace
 .text.avr-libc
                0x00007518       0x16 c:/program files (x86)/atmel/studio/7.0/toolchain/avr8/avr8-gnu-toolchain/bin/../lib/gcc/avr/4.9.2/../../../../avr/lib/avrxmega6\libc.a(strnlen_P.o)
                0x00007518                strnlen_P
 .text.avr-libc
                0x0000752e       0x12 c:/program files (x86)/atmel/studio/7.0/toolchain/avr8/avr8-gnu-toolchain/bin/../lib/gcc/avr/4.9.2/../../../../avr/lib/avrxmega6\libc.a(memcpy.o)
                0x0000752e                memcpy
 .text.avr-libc
                0x00007540       0x1c c:/program files (x86)/atmel/studio/7.0/toolchain/avr8/avr8-gnu-toolchain/bin/../lib/gcc/avr/4.9.2/../../../../avr/lib/avrxmega6\libc.a(strncmp.o)
                0x00007540                strncmp
 .text.avr-libc
                0x0000755c       0x1e c:/program files (x86)/atmel/studio/7.0/toolchain/avr8/avr8-gnu-toolchain/bin/../lib/gcc/avr/4.9.2/../../../../avr/lib/avrxmega6\libc.a(strncpy.o)
                0x0000755c                strncpy
 .text.avr-libc
                0x0000757a       0x16 c:/program files (x86)/atmel/studio/7.0/toolchain/avr8/avr8-gnu-toolchain/bin/../lib/gcc/avr/4.9.2/../../../../avr/lib/avrxmega6\libc.a(strnlen.o)
                0x0000757a                strnlen
 .text.avr-libc
                0x00007590       0x20 c:/program files (x86)/atmel/studio/7.0/toolchain/avr8/avr8-gnu-toolchain/bin/../lib/gcc/avr/4.9.2/../../../../avr/lib/avrxmega6\libc.a(fprintf.o)
                0x00007590                fprintf
 .text.avr-libc
                0x000075b0       0x70 c:/program files (x86)/atmel/studio/7.0/toolchain/avr8/avr8-gnu-toolchain/bin/../lib/gcc/avr/4.9.2/../../../../avr/lib/avrxmega6\libc.a(fputc.o)
                0x000075b0                fputc
 .text.avr-libc
                0x00007620       0x58 c:/program files (x86)/atmel/studio/7.0/toolchain/avr8/avr8-gnu-toolchain/bin/../lib/gcc/avr/4.9.2/../../../../avr/lib/avrxmega6\libc.a(fputs.o)
                0x00007620                fputs
 .text.avr-libc
                0x00007678       0x6e c:/program files (x86)/atmel/studio/7.0/toolchain/avr8/avr8-gnu-toolchain/bin/../lib/gcc/avr/4.9.2/../../../../avr/lib/avrxmega6\libc.a(snprintf.o)
                0x00007678                snprintf
 .text.avr-libc
                0x000076e6       0x54 c:/program files (x86)/atmel/studio/7.0/toolchain/avr8/avr8-gnu-toolchain/bin/../lib/gcc/avr/4.9.2/../../../../avr/lib/avrxmega6\libc.a(sprintf.o)
                0x000076e6                sprintf
 .text.avr-libc
                0x0000773a       0xbc c:/program files (x86)/atmel/studio/7.0/toolchain/avr8/avr8-gnu-toolchain/bin/../lib/gcc/avr/4.9.2/../../../../avr/lib/avrxmega6\libc.a(ultoa_invert.o)
                0x0000773a                __ultoa_invert
 .text.avr-libc
                0x000077f6        0x6 c:/program files (x86)/atmel/studio/7.0/toolchain/avr8/avr8-gnu-toolchain/bin/../lib/gcc/avr/4.9.2/../../../../avr/lib/avrxmega6\libc.a(cty_isfalse.o)
                0x000077f6                __ctype_isfalse
                0x000077fa                __ctype_istrue
 .text.avr-libc
                0x000077fc       0x18 C:/Program Files (x86)/Atmel/Studio/7.0/Packs/atmel/XMEGAA_DFP/1.1.63/gcc/dev/atxmega256a3u/avrxmega6\libatxmega256a3u.a(eerd_block.o)
                0x000077fc                eeprom_read_block
 .text.avr-libc
                0x00007814       0x20 C:/Program Files (x86)/Atmel/Studio/7.0/Packs/atmel/XMEGAA_DFP/1.1.63/gcc/dev/atxmega256a3u/avrxmega6\libatxmega256a3u.a(eeupd_block.o)
                0x00007814                eeprom_update_block
 .text.avr-libc
                0x00007834       0x16 C:/Program Files (x86)/Atmel/Studio/7.0/Packs/atmel/XMEGAA_DFP/1.1.63/gcc/dev/atxmega256a3u/avrxmega6\libatxmega256a3u.a(eeupd_byte.o)
                0x00007834                eeprom_update_byte
                0x00007836                eeprom_update_r18
 .text.avr-libc
                0x0000784a       0x46 C:/Program Files (x86)/Atmel/Studio/7.0/Packs/atmel/XMEGAA_DFP/1.1.63/gcc/dev/atxmega256a3u/avrxmega6\libatxmega256a3u.a(eewr_byte.o)
                0x0000784a                eeprom_write_byte
                0x0000784c                eeprom_write_r18
 .text.avr-libc
                0x00007890       0x20 C:/Program Files (x86)/Atmel/Studio/7.0/Packs/atmel/XMEGAA_DFP/1.1.63/gcc/dev/atxmega256a3u/avrxmega6\libatxmega256a3u.a(eerd_byte.o)
                0x00007890                eeprom_read_byte
                0x00007898                eeprom_mapen
 .text.libgcc.mul
                0x000078b0       0x20 c:/program files (x86)/atmel/studio/7.0/toolchain/avr8/avr8-gnu-toolchain/bin/../lib/gcc/avr/4.9.2/avrxmega6\libgcc.a(_mulsi3.o)
                0x000078b0                __mulsi3
 .text.libgcc.div
                0x000078d0       0x44 c:/program files (x86)/atmel/studio/7.0/toolchain/avr8/avr8-gnu-toolchain/bin/../lib/gcc/avr/4.9.2/avrxmega6\libgcc.a(_udivmodsi4.o)
                0x000078d0                __udivmodsi4
                0x00007914                . = ALIGN (0x2)
 *(.fini9)
 .fini9         0x00007914        0x0 c:/program files (x86)/atmel/studio/7.0/toolchain/avr8/avr8-gnu-toolchain/bin/../lib/gcc/avr/4.9.2/avrxmega6\libgcc.a(_exit.o)
                0x00007914                _exit
                0x00007914                exit
 *(.fini9)
 *(.fini8)
 *(.fini8)
 *(.fini7)
 *(.fini7)
 *(.fini6)
 *(.fini6)
 *(.fini5)
 *(.fini5)
 *(.fini4)
 *(.fini4)
 *(.fini3)
 *(.fini3)
 *(.fini2)
 *(.fini2)
 *(.fini1)
 *(.fini1)
 *(.fini0)
 .fini0         0x00007914        0x4 c:/program files (x86)/atmel/studio/7.0/toolchain/avr8/avr8-gnu-toolchain/bin/../lib/gcc/avr/4.9.2/avrxmega6\libgcc.a(_exit.o)
 *(.fini0)
                0x00007918                _etext = .

.data           0x00802000      0x7a0 load address 0x00007918
                0x00802000                PROVIDE (__data_start, .)
 *(.data)
 .data          0x00802000        0x6 c:/program files (x86)/atmel/studio/7.0/toolchain/avr8/avr8-gnu-toolchain/bin/../lib/gcc/avr/4.9.2/../../../../avr/lib/avrxmega6\libc.a(malloc.o)
                0x00802000                __malloc_heap_end
                0x00802002                __malloc_heap_start
                0x00802004                __malloc_margin
 *(.data*)
 .data.sSpeedSensorLastValidInterval.4805
                0x00802006        0x2 md_core_analog.o
 .data.sGPSPos  0x00802008       0x4e md_readbussensors.o
 .data.gCtrl_IO
                0x00802056        0xe md_serial.o
                0x00802056                gCtrl_IO
 *(.rodata)
 .rodata        0x00802064       0x60 md_core_analog.o
 *(.rodata*)
 .rodata.str1.1
                0x008020c4       0xfe DataInSlave.o
 .rodata.str1.1
                0x008021c2        0x4 H2A_SECOM_MotorDriver.o
 .rodata.str1.1
                0x008021c6       0x33 md_9dof.o
 .rodata.str1.1
                0x008021f9      0x541 md_core_analog.o
                                0x549 (size before relaxing)
 .rodata.str1.1
                0x0080273a       0x21 md_readbussensors.o
 .rodata.str1.1
                0x0080275b       0x44 util.o
                                 0x49 (size before relaxing)
 *(.gnu.linkonce.d*)
                0x008027a0                . = ALIGN (0x2)
 *fill*         0x0080279f        0x1 
                0x008027a0                _edata = .
                0x008027a0                PROVIDE (__data_end, .)

.bss            0x008027a0      0x6f8
                0x008027a0                PROVIDE (__bss_start, .)
 *(.bss)
 *(.bss*)
 .bss.index.4407
                0x008027a0        0x2 DataInSlave.o
 .bss.responseSlave.4469
                0x008027a2       0x53 DataInSlave.o
 .bss.getKarakter.4457
                0x008027f5        0x1 DataInSlave.o
 .bss.sWantedSensor
                0x008027f6        0x2 DataInSlave.o
 .bss.sOwnSensor
                0x008027f8        0x2 DataInSlave.o
 .bss.sNumWantedSensor
                0x008027fa        0x2 DataInSlave.o
 .bss.sNumOwnSensor
                0x008027fc        0x2 DataInSlave.o
 .bss.sMyAdress
                0x008027fe        0x2 DataInSlave.o
 .bss.slaveData.4527
                0x00802800       0x53 H2A_SECOM_MotorDriver.o
 .bss.sCCRunTimer.4804
                0x00802853        0x2 md_core_analog.o
 .bss.sCCPrevPulseInterval.4810
                0x00802855        0x4 md_core_analog.o
 .bss.sCCIsOn.4803
                0x00802859        0x1 md_core_analog.o
 .bss.sPrevPWMCycles.4802
                0x0080285a        0x1 md_core_analog.o
 .bss.sSamplingVin.4801
                0x0080285b        0x1 md_core_analog.o
 .bss.sSpeedSensorPreviousValidEdgeTimestamp.4806
                0x0080285c        0x4 md_core_analog.o
 .bss.sSpeedSensorNegDeglitchCounter.4809
                0x00802860        0x1 md_core_analog.o
 .bss.sSpeedSensorPreviousState.4807
                0x00802861        0x1 md_core_analog.o
 .bss.sSpeedSensorPosDeglitchCounter.4808
                0x00802862        0x1 md_core_analog.o
 .bss.sSensorData
                0x00802863       0x79 md_core_analog.o
 .bss.sCC2TargetSpeed
                0x008028dc        0x4 md_core_analog.o
 .bss.sCC2MinSpeed
                0x008028e0        0x4 md_core_analog.o
 .bss.sCC2TargetSpeedUpdate
                0x008028e4        0x1 md_core_analog.o
 .bss.sSessionCycleCount
                0x008028e5        0x4 md_core_analog.o
 .bss.sTakeSnapshot485
                0x008028e9        0x1 md_core_analog.o
 .bss.sSessionCycleCountSnapshot485
                0x008028ea        0x4 md_core_analog.o
 .bss.sSensorDataSnapshot485
                0x008028ee       0x79 md_core_analog.o
 .bss.sTakeSnapshot
                0x00802967        0x1 md_core_analog.o
 .bss.sSessionCycleCountSnapshot
                0x00802968        0x4 md_core_analog.o
 .bss.sSensorDataSnapshot
                0x0080296c       0x79 md_core_analog.o
 .bss.sCal      0x008029e5       0x30 md_core_analog.o
 .bss.sGPSTime  0x00802a15       0x4e md_readbussensors.o
 .bss.sGPSSpeed
                0x00802a63       0x4e md_readbussensors.o
 .bss.sGPSDirection
                0x00802ab1       0x4e md_readbussensors.o
 .bss.checksum.4192
                0x00802aff        0x1 md_serial.o
 .bss.rx_fc_buf
                0x00802b00       0x64 md_serial.o
 .bss.rx_fc_rdidx
                0x00802b64        0x1 md_serial.o
 .bss.rx_fc_wridx
                0x00802b65        0x1 md_serial.o
 .bss.tx_fc_buf
                0x00802b66       0x64 md_serial.o
 .bss.tx_fc_rdidx
                0x00802bca        0x1 md_serial.o
 .bss.tx_fc_wridx
                0x00802bcb        0x1 md_serial.o
 .bss.rx_ctrl_buf
                0x00802bcc       0x50 md_serial.o
 .bss.rx_ctrl_rdidx
                0x00802c1c        0x1 md_serial.o
 .bss.rx_ctrl_wridx
                0x00802c1d        0x1 md_serial.o
 .bss.tx_ctrl_buf
                0x00802c1e       0xfa md_serial.o
 .bss.tx_ctrl_rdidx
                0x00802d18        0x1 md_serial.o
 .bss.tx_ctrl_wridx
                0x00802d19        0x1 md_serial.o
 .bss.rx_485_buf
                0x00802d1a       0xb4 md_serial.o
 .bss.rx_485_rdidx
                0x00802dce        0x1 md_serial.o
 .bss.rx_485_wridx
                0x00802dcf        0x1 md_serial.o
 .bss.tx_485_busy
                0x00802dd0        0x1 md_serial.o
 .bss.tx_485_buf
                0x00802dd1       0xb4 md_serial.o
 .bss.tx_485_rdidx
                0x00802e85        0x1 md_serial.o
 .bss.tx_485_wridx
                0x00802e86        0x1 md_serial.o
 .bss.sProcID   0x00802e87        0xb util.o
 *(COMMON)
 COMMON         0x00802e92        0x4 c:/program files (x86)/atmel/studio/7.0/toolchain/avr8/avr8-gnu-toolchain/bin/../lib/gcc/avr/4.9.2/../../../../avr/lib/avrxmega6\libc.a(malloc.o)
                0x00802e92                __brkval
                0x00802e94                __flp
 COMMON         0x00802e96        0x2 c:/program files (x86)/atmel/studio/7.0/toolchain/avr8/avr8-gnu-toolchain/bin/../lib/gcc/avr/4.9.2/../../../../avr/lib/avrxmega6\libc.a(errno.o)
                0x00802e96                errno
                0x00802e98                PROVIDE (__bss_end, .)
                0x00007918                __data_load_start = LOADADDR (.data)
                0x000080b8                __data_load_end = (__data_load_start + SIZEOF (.data))

.noinit         0x00802e98        0x0
                [!provide]                PROVIDE (__noinit_start, .)
 *(.noinit*)
                [!provide]                PROVIDE (__noinit_end, .)
                0x00802e98                _end = .
                0x00802e98                PROVIDE (__heap_start, .)

.eeprom         0x00810000        0x0
 *(.eeprom*)
                0x00810000                __eeprom_end = .

.fuse
 *(.fuse)
 *(.lfuse)
 *(.hfuse)
 *(.efuse)

.lock
 *(.lock*)

.signature
 *(.signature*)

.user_signatures
 *(.user_signatures*)

.stab
 *(.stab)

.stabstr
 *(.stabstr)

.stab.excl
 *(.stab.excl)

.stab.exclstr
 *(.stab.exclstr)

.stab.index
 *(.stab.index)

.stab.indexstr
 *(.stab.indexstr)

.comment        0x00000000       0x5c
 *(.comment)
 .comment       0x00000000       0x30 clksys_driver.o
                                 0x31 (size before relaxing)
 .comment       0x00000030       0x31 DataInSlave.o
 .comment       0x00000030       0x31 H2A_SECOM_MotorDriver.o
 .comment       0x00000030       0x31 md_9dof.o
 .comment       0x00000030       0x31 md_core_analog.o
 .comment       0x00000030       0x31 md_readbussensors.o
 .comment       0x00000030       0x31 md_serial.o
 .comment       0x00000030       0x31 md_ticktimer.o
 .comment       0x00000030       0x31 util.o
 .comment       0x00000030       0x2c c:/program files (x86)/atmel/studio/7.0/toolchain/avr8/avr8-gnu-toolchain/bin/../lib/gcc/avr/4.9.2/../../../../avr/lib/avrxmega6\libprintf_flt.a(vfprintf_flt.o)
                                 0x2d (size before relaxing)
 .comment       0x0000005c       0x31 c:/program files (x86)/atmel/studio/7.0/toolchain/avr8/avr8-gnu-toolchain/bin/../lib/gcc/avr/4.9.2/../../../../avr/lib/avrxmega6\libc.a(malloc.o)
 .comment       0x0000005c       0x31 c:/program files (x86)/atmel/studio/7.0/toolchain/avr8/avr8-gnu-toolchain/bin/../lib/gcc/avr/4.9.2/../../../../avr/lib/avrxmega6\libc.a(realloc.o)
 .comment       0x0000005c       0x31 c:/program files (x86)/atmel/studio/7.0/toolchain/avr8/avr8-gnu-toolchain/bin/../lib/gcc/avr/4.9.2/../../../../avr/lib/avrxmega6\libc.a(strtol.o)
 .comment       0x0000005c       0x31 c:/program files (x86)/atmel/studio/7.0/toolchain/avr8/avr8-gnu-toolchain/bin/../lib/gcc/avr/4.9.2/../../../../avr/lib/avrxmega6\libc.a(fprintf.o)
 .comment       0x0000005c       0x31 c:/program files (x86)/atmel/studio/7.0/toolchain/avr8/avr8-gnu-toolchain/bin/../lib/gcc/avr/4.9.2/../../../../avr/lib/avrxmega6\libc.a(fputc.o)
 .comment       0x0000005c       0x31 c:/program files (x86)/atmel/studio/7.0/toolchain/avr8/avr8-gnu-toolchain/bin/../lib/gcc/avr/4.9.2/../../../../avr/lib/avrxmega6\libc.a(fputs.o)
 .comment       0x0000005c       0x31 c:/program files (x86)/atmel/studio/7.0/toolchain/avr8/avr8-gnu-toolchain/bin/../lib/gcc/avr/4.9.2/../../../../avr/lib/avrxmega6\libc.a(snprintf.o)
 .comment       0x0000005c       0x31 c:/program files (x86)/atmel/studio/7.0/toolchain/avr8/avr8-gnu-toolchain/bin/../lib/gcc/avr/4.9.2/../../../../avr/lib/avrxmega6\libc.a(sprintf.o)
 .comment       0x0000005c       0x2d c:/program files (x86)/atmel/studio/7.0/toolchain/avr8/avr8-gnu-toolchain/bin/../lib/gcc/avr/4.9.2/../../../../avr/lib/avrxmega6\libc.a(errno.o)

.note.gnu.avr.deviceinfo
                0x00000000       0x40
 .note.gnu.avr.deviceinfo
                0x00000000       0x40 C:/Program Files (x86)/Atmel/Studio/7.0/Packs/atmel/XMEGAA_DFP/1.1.63/gcc/dev/atxmega256a3u/avrxmega6/crtatxmega256a3u.o

.note.gnu.build-id
 *(.note.gnu.build-id)

.debug
 *(.debug)

.line
 *(.line)

.debug_srcinfo
 *(.debug_srcinfo)

.debug_sfnames
 *(.debug_sfnames)

.debug_aranges  0x00000000      0x480
 *(.debug_aranges)
 .debug_aranges
                0x00000000       0x68 clksys_driver.o
 .debug_aranges
                0x00000068       0x60 DataInSlave.o
 .debug_aranges
                0x000000c8       0x20 H2A_SECOM_MotorDriver.o
 .debug_aranges
                0x000000e8       0x60 md_9dof.o
 .debug_aranges
                0x00000148       0xf8 md_core_analog.o
 .debug_aranges
                0x00000240       0x50 md_readbussensors.o
 .debug_aranges
                0x00000290       0xc8 md_serial.o
 .debug_aranges
                0x00000358       0x30 md_ticktimer.o
 .debug_aranges
                0x00000388       0x58 util.o
 .debug_aranges
                0x000003e0       0x20 C:/Program Files (x86)/Atmel/Studio/7.0/Packs/atmel/XMEGAA_DFP/1.1.63/gcc/dev/atxmega256a3u/avrxmega6\libatxmega256a3u.a(eerd_block.o)
 .debug_aranges
                0x00000400       0x20 C:/Program Files (x86)/Atmel/Studio/7.0/Packs/atmel/XMEGAA_DFP/1.1.63/gcc/dev/atxmega256a3u/avrxmega6\libatxmega256a3u.a(eeupd_block.o)
 .debug_aranges
                0x00000420       0x20 C:/Program Files (x86)/Atmel/Studio/7.0/Packs/atmel/XMEGAA_DFP/1.1.63/gcc/dev/atxmega256a3u/avrxmega6\libatxmega256a3u.a(eeupd_byte.o)
 .debug_aranges
                0x00000440       0x20 C:/Program Files (x86)/Atmel/Studio/7.0/Packs/atmel/XMEGAA_DFP/1.1.63/gcc/dev/atxmega256a3u/avrxmega6\libatxmega256a3u.a(eewr_byte.o)
 .debug_aranges
                0x00000460       0x20 C:/Program Files (x86)/Atmel/Studio/7.0/Packs/atmel/XMEGAA_DFP/1.1.63/gcc/dev/atxmega256a3u/avrxmega6\libatxmega256a3u.a(eerd_byte.o)

.debug_pubnames
 *(.debug_pubnames)

.debug_info     0x00000000     0xc1d6
 *(.debug_info .gnu.linkonce.wi.*)
 .debug_info    0x00000000     0x3409 C:/Program Files (x86)/Atmel/Studio/7.0/Packs/atmel/XMEGAA_DFP/1.1.63/gcc/dev/atxmega256a3u/avrxmega6/crtatxmega256a3u.o
 .debug_info    0x00003409      0x658 clksys_driver.o
 .debug_info    0x00003a61      0xc16 DataInSlave.o
 .debug_info    0x00004677      0x94a H2A_SECOM_MotorDriver.o
 .debug_info    0x00004fc1      0x7f6 md_9dof.o
 .debug_info    0x000057b7     0x41cb md_core_analog.o
 .debug_info    0x00009982      0x4ba md_readbussensors.o
 .debug_info    0x00009e3c      0xdb2 md_serial.o
 .debug_info    0x0000abee      0x866 md_ticktimer.o
 .debug_info    0x0000b454      0x9fa util.o
 .debug_info    0x0000be4e       0xb5 C:/Program Files (x86)/Atmel/Studio/7.0/Packs/atmel/XMEGAA_DFP/1.1.63/gcc/dev/atxmega256a3u/avrxmega6\libatxmega256a3u.a(eerd_block.o)
 .debug_info    0x0000bf03       0xb6 C:/Program Files (x86)/Atmel/Studio/7.0/Packs/atmel/XMEGAA_DFP/1.1.63/gcc/dev/atxmega256a3u/avrxmega6\libatxmega256a3u.a(eeupd_block.o)
 .debug_info    0x0000bfb9       0xb5 C:/Program Files (x86)/Atmel/Studio/7.0/Packs/atmel/XMEGAA_DFP/1.1.63/gcc/dev/atxmega256a3u/avrxmega6\libatxmega256a3u.a(eeupd_byte.o)
 .debug_info    0x0000c06e       0xb4 C:/Program Files (x86)/Atmel/Studio/7.0/Packs/atmel/XMEGAA_DFP/1.1.63/gcc/dev/atxmega256a3u/avrxmega6\libatxmega256a3u.a(eewr_byte.o)
 .debug_info    0x0000c122       0xb4 C:/Program Files (x86)/Atmel/Studio/7.0/Packs/atmel/XMEGAA_DFP/1.1.63/gcc/dev/atxmega256a3u/avrxmega6\libatxmega256a3u.a(eerd_byte.o)

.debug_abbrev   0x00000000     0x4940
 *(.debug_abbrev)
 .debug_abbrev  0x00000000     0x3148 C:/Program Files (x86)/Atmel/Studio/7.0/Packs/atmel/XMEGAA_DFP/1.1.63/gcc/dev/atxmega256a3u/avrxmega6/crtatxmega256a3u.o
 .debug_abbrev  0x00003148      0x1a9 clksys_driver.o
 .debug_abbrev  0x000032f1      0x3b0 DataInSlave.o
 .debug_abbrev  0x000036a1      0x23d H2A_SECOM_MotorDriver.o
 .debug_abbrev  0x000038de      0x290 md_9dof.o
 .debug_abbrev  0x00003b6e      0x44b md_core_analog.o
 .debug_abbrev  0x00003fb9      0x1e7 md_readbussensors.o
 .debug_abbrev  0x000041a0      0x342 md_serial.o
 .debug_abbrev  0x000044e2      0x167 md_ticktimer.o
 .debug_abbrev  0x00004649      0x293 util.o
 .debug_abbrev  0x000048dc       0x14 C:/Program Files (x86)/Atmel/Studio/7.0/Packs/atmel/XMEGAA_DFP/1.1.63/gcc/dev/atxmega256a3u/avrxmega6\libatxmega256a3u.a(eerd_block.o)
 .debug_abbrev  0x000048f0       0x14 C:/Program Files (x86)/Atmel/Studio/7.0/Packs/atmel/XMEGAA_DFP/1.1.63/gcc/dev/atxmega256a3u/avrxmega6\libatxmega256a3u.a(eeupd_block.o)
 .debug_abbrev  0x00004904       0x14 C:/Program Files (x86)/Atmel/Studio/7.0/Packs/atmel/XMEGAA_DFP/1.1.63/gcc/dev/atxmega256a3u/avrxmega6\libatxmega256a3u.a(eeupd_byte.o)
 .debug_abbrev  0x00004918       0x14 C:/Program Files (x86)/Atmel/Studio/7.0/Packs/atmel/XMEGAA_DFP/1.1.63/gcc/dev/atxmega256a3u/avrxmega6\libatxmega256a3u.a(eewr_byte.o)
 .debug_abbrev  0x0000492c       0x14 C:/Program Files (x86)/Atmel/Studio/7.0/Packs/atmel/XMEGAA_DFP/1.1.63/gcc/dev/atxmega256a3u/avrxmega6\libatxmega256a3u.a(eerd_byte.o)

.debug_line     0x00000000     0x39e4
 *(.debug_line .debug_line.* .debug_line_end)
 .debug_line    0x00000000      0x39d C:/Program Files (x86)/Atmel/Studio/7.0/Packs/atmel/XMEGAA_DFP/1.1.63/gcc/dev/atxmega256a3u/avrxmega6/crtatxmega256a3u.o
 .debug_line    0x0000039d      0x250 clksys_driver.o
 .debug_line    0x000005ed      0x4cd DataInSlave.o
 .debug_line    0x00000aba      0x332 H2A_SECOM_MotorDriver.o
 .debug_line    0x00000dec      0x49d md_9dof.o
 .debug_line    0x00001289     0x152c md_core_analog.o
 .debug_line    0x000027b5      0x1b1 md_readbussensors.o
 .debug_line    0x00002966      0x78d md_serial.o
 .debug_line    0x000030f3      0x19c md_ticktimer.o
 .debug_line    0x0000328f      0x3df util.o
 .debug_line    0x0000366e       0x8d C:/Program Files (x86)/Atmel/Studio/7.0/Packs/atmel/XMEGAA_DFP/1.1.63/gcc/dev/atxmega256a3u/avrxmega6\libatxmega256a3u.a(eerd_block.o)
 .debug_line    0x000036fb       0xa5 C:/Program Files (x86)/Atmel/Studio/7.0/Packs/atmel/XMEGAA_DFP/1.1.63/gcc/dev/atxmega256a3u/avrxmega6\libatxmega256a3u.a(eeupd_block.o)
 .debug_line    0x000037a0       0x80 C:/Program Files (x86)/Atmel/Studio/7.0/Packs/atmel/XMEGAA_DFP/1.1.63/gcc/dev/atxmega256a3u/avrxmega6\libatxmega256a3u.a(eeupd_byte.o)
 .debug_line    0x00003820      0x11b C:/Program Files (x86)/Atmel/Studio/7.0/Packs/atmel/XMEGAA_DFP/1.1.63/gcc/dev/atxmega256a3u/avrxmega6\libatxmega256a3u.a(eewr_byte.o)
 .debug_line    0x0000393b       0xa9 C:/Program Files (x86)/Atmel/Studio/7.0/Packs/atmel/XMEGAA_DFP/1.1.63/gcc/dev/atxmega256a3u/avrxmega6\libatxmega256a3u.a(eerd_byte.o)

.debug_frame    0x00000000     0x12a4
 *(.debug_frame)
 .debug_frame   0x00000000       0xdc clksys_driver.o
 .debug_frame   0x000000dc      0x1e8 DataInSlave.o
 .debug_frame   0x000002c4       0x24 H2A_SECOM_MotorDriver.o
 .debug_frame   0x000002e8      0x124 md_9dof.o
 .debug_frame   0x0000040c      0x9c0 md_core_analog.o
 .debug_frame   0x00000dcc       0xac md_readbussensors.o
 .debug_frame   0x00000e78      0x2a8 md_serial.o
 .debug_frame   0x00001120       0x44 md_ticktimer.o
 .debug_frame   0x00001164      0x140 util.o

.debug_str      0x00000000     0x69c5
 *(.debug_str)
 .debug_str     0x00000000     0x223b C:/Program Files (x86)/Atmel/Studio/7.0/Packs/atmel/XMEGAA_DFP/1.1.63/gcc/dev/atxmega256a3u/avrxmega6/crtatxmega256a3u.o
 .debug_str     0x0000223b      0x7c0 clksys_driver.o
                                0x805 (size before relaxing)
 .debug_str     0x000029fb      0x2c6 DataInSlave.o
                                0x487 (size before relaxing)
 .debug_str     0x00002cc1      0x33e H2A_SECOM_MotorDriver.o
                                0x7dd (size before relaxing)
 .debug_str     0x00002fff       0xdc md_9dof.o
                                0x3c1 (size before relaxing)
 .debug_str     0x000030db     0x2fcb md_core_analog.o
                               0x348d (size before relaxing)
 .debug_str     0x000060a6       0xaa md_readbussensors.o
                                0x2bd (size before relaxing)
 .debug_str     0x00006150      0x3ae md_serial.o
                                0x870 (size before relaxing)
 .debug_str     0x000064fe       0x2f md_ticktimer.o
                                0x8bd (size before relaxing)
 .debug_str     0x0000652d      0x498 util.o
                                0x924 (size before relaxing)

.debug_loc      0x00000000     0x5809
 *(.debug_loc)
 .debug_loc     0x00000000      0x2cf clksys_driver.o
 .debug_loc     0x000002cf      0xa49 DataInSlave.o
 .debug_loc     0x00000d18      0x151 H2A_SECOM_MotorDriver.o
 .debug_loc     0x00000e69      0x7f3 md_9dof.o
 .debug_loc     0x0000165c     0x306a md_core_analog.o
 .debug_loc     0x000046c6      0x271 md_readbussensors.o
 .debug_loc     0x00004937      0x956 md_serial.o
 .debug_loc     0x0000528d       0x76 md_ticktimer.o
 .debug_loc     0x00005303      0x506 util.o

.debug_macinfo
 *(.debug_macinfo)

.debug_weaknames
 *(.debug_weaknames)

.debug_funcnames
 *(.debug_funcnames)

.debug_typenames
 *(.debug_typenames)

.debug_varnames
 *(.debug_varnames)

.debug_pubtypes
 *(.debug_pubtypes)

.debug_ranges   0x00000000      0x3e8
 *(.debug_ranges)
 .debug_ranges  0x00000000       0x58 clksys_driver.o
 .debug_ranges  0x00000058       0xe8 DataInSlave.o
 .debug_ranges  0x00000140       0x10 H2A_SECOM_MotorDriver.o
 .debug_ranges  0x00000150       0x50 md_9dof.o
 .debug_ranges  0x000001a0       0xe8 md_core_analog.o
 .debug_ranges  0x00000288       0x40 md_readbussensors.o
 .debug_ranges  0x000002c8       0xb8 md_serial.o
 .debug_ranges  0x00000380       0x20 md_ticktimer.o
 .debug_ranges  0x000003a0       0x48 util.o

.debug_macro
 *(.debug_macro)
OUTPUT(H2A_SECOM_MotorDriver.elf elf32-avr)
LOAD linker stubs
