Archive member included to satisfy reference by file (symbol)

c:/program files (x86)/atmel/studio/7.0/toolchain/avr8/avr8-gnu-toolchain/bin/../lib/gcc/avr/5.4.0/../../../../avr/lib/avrxmega6\libm.a(addsf3.o)
                              md_core_analog.o (__subsf3)
c:/program files (x86)/atmel/studio/7.0/toolchain/avr8/avr8-gnu-toolchain/bin/../lib/gcc/avr/5.4.0/../../../../avr/lib/avrxmega6\libm.a(addsf3x.o)
                              c:/program files (x86)/atmel/studio/7.0/toolchain/avr8/avr8-gnu-toolchain/bin/../lib/gcc/avr/5.4.0/../../../../avr/lib/avrxmega6\libm.a(addsf3.o) (__addsf3x)
c:/program files (x86)/atmel/studio/7.0/toolchain/avr8/avr8-gnu-toolchain/bin/../lib/gcc/avr/5.4.0/../../../../avr/lib/avrxmega6\libm.a(cmpsf2.o)
                              md_core_analog.o (__ltsf2)
c:/program files (x86)/atmel/studio/7.0/toolchain/avr8/avr8-gnu-toolchain/bin/../lib/gcc/avr/5.4.0/../../../../avr/lib/avrxmega6\libm.a(divsf3.o)
                              md_9dof.o (__divsf3)
c:/program files (x86)/atmel/studio/7.0/toolchain/avr8/avr8-gnu-toolchain/bin/../lib/gcc/avr/5.4.0/../../../../avr/lib/avrxmega6\libm.a(divsf3x.o)
                              c:/program files (x86)/atmel/studio/7.0/toolchain/avr8/avr8-gnu-toolchain/bin/../lib/gcc/avr/5.4.0/../../../../avr/lib/avrxmega6\libm.a(divsf3.o) (__divsf3x)
c:/program files (x86)/atmel/studio/7.0/toolchain/avr8/avr8-gnu-toolchain/bin/../lib/gcc/avr/5.4.0/../../../../avr/lib/avrxmega6\libm.a(fixsfsi.o)
                              md_core_analog.o (__fixsfsi)
c:/program files (x86)/atmel/studio/7.0/toolchain/avr8/avr8-gnu-toolchain/bin/../lib/gcc/avr/5.4.0/../../../../avr/lib/avrxmega6\libm.a(fixunssfsi.o)
                              c:/program files (x86)/atmel/studio/7.0/toolchain/avr8/avr8-gnu-toolchain/bin/../lib/gcc/avr/5.4.0/../../../../avr/lib/avrxmega6\libm.a(fixsfsi.o) (__fixunssfsi)
c:/program files (x86)/atmel/studio/7.0/toolchain/avr8/avr8-gnu-toolchain/bin/../lib/gcc/avr/5.4.0/../../../../avr/lib/avrxmega6\libm.a(floatdisf.o)
                              md_core_analog.o (__floatdisf)
c:/program files (x86)/atmel/studio/7.0/toolchain/avr8/avr8-gnu-toolchain/bin/../lib/gcc/avr/5.4.0/../../../../avr/lib/avrxmega6\libm.a(floatsisf.o)
                              md_core_analog.o (__floatunsisf)
c:/program files (x86)/atmel/studio/7.0/toolchain/avr8/avr8-gnu-toolchain/bin/../lib/gcc/avr/5.4.0/../../../../avr/lib/avrxmega6\libm.a(floatundisf.o)
                              c:/program files (x86)/atmel/studio/7.0/toolchain/avr8/avr8-gnu-toolchain/bin/../lib/gcc/avr/5.4.0/../../../../avr/lib/avrxmega6\libm.a(floatdisf.o) (__fp_di2sf)
c:/program files (x86)/atmel/studio/7.0/toolchain/avr8/avr8-gnu-toolchain/bin/../lib/gcc/avr/5.4.0/../../../../avr/lib/avrxmega6\libm.a(fp_cmp.o)
                              c:/program files (x86)/atmel/studio/7.0/toolchain/avr8/avr8-gnu-toolchain/bin/../lib/gcc/avr/5.4.0/../../../../avr/lib/avrxmega6\libm.a(cmpsf2.o) (__fp_cmp)
c:/program files (x86)/atmel/studio/7.0/toolchain/avr8/avr8-gnu-toolchain/bin/../lib/gcc/avr/5.4.0/../../../../avr/lib/avrxmega6\libm.a(fp_inf.o)
                              c:/program files (x86)/atmel/studio/7.0/toolchain/avr8/avr8-gnu-toolchain/bin/../lib/gcc/avr/5.4.0/../../../../avr/lib/avrxmega6\libm.a(addsf3x.o) (__fp_inf)
c:/program files (x86)/atmel/studio/7.0/toolchain/avr8/avr8-gnu-toolchain/bin/../lib/gcc/avr/5.4.0/../../../../avr/lib/avrxmega6\libm.a(fp_nan.o)
                              c:/program files (x86)/atmel/studio/7.0/toolchain/avr8/avr8-gnu-toolchain/bin/../lib/gcc/avr/5.4.0/../../../../avr/lib/avrxmega6\libm.a(addsf3x.o) (__fp_nan)
c:/program files (x86)/atmel/studio/7.0/toolchain/avr8/avr8-gnu-toolchain/bin/../lib/gcc/avr/5.4.0/../../../../avr/lib/avrxmega6\libm.a(fp_negdi.o)
                              c:/program files (x86)/atmel/studio/7.0/toolchain/avr8/avr8-gnu-toolchain/bin/../lib/gcc/avr/5.4.0/../../../../avr/lib/avrxmega6\libm.a(floatdisf.o) (__fp_negdi)
c:/program files (x86)/atmel/studio/7.0/toolchain/avr8/avr8-gnu-toolchain/bin/../lib/gcc/avr/5.4.0/../../../../avr/lib/avrxmega6\libm.a(fp_pscA.o)
                              c:/program files (x86)/atmel/studio/7.0/toolchain/avr8/avr8-gnu-toolchain/bin/../lib/gcc/avr/5.4.0/../../../../avr/lib/avrxmega6\libm.a(addsf3x.o) (__fp_pscA)
c:/program files (x86)/atmel/studio/7.0/toolchain/avr8/avr8-gnu-toolchain/bin/../lib/gcc/avr/5.4.0/../../../../avr/lib/avrxmega6\libm.a(fp_pscB.o)
                              c:/program files (x86)/atmel/studio/7.0/toolchain/avr8/avr8-gnu-toolchain/bin/../lib/gcc/avr/5.4.0/../../../../avr/lib/avrxmega6\libm.a(addsf3x.o) (__fp_pscB)
c:/program files (x86)/atmel/studio/7.0/toolchain/avr8/avr8-gnu-toolchain/bin/../lib/gcc/avr/5.4.0/../../../../avr/lib/avrxmega6\libm.a(fp_round.o)
                              c:/program files (x86)/atmel/studio/7.0/toolchain/avr8/avr8-gnu-toolchain/bin/../lib/gcc/avr/5.4.0/../../../../avr/lib/avrxmega6\libm.a(addsf3.o) (__fp_round)
[...]
Memory Configuration

Name             Origin             Length             Attributes
text             0x00000000         0x00100000         xr
data             0x00802000         0x0000ffa0         rw !x
eeprom           0x00810000         0x00010000         rw !x
fuse             0x00820000         0x00000006         rw !x
lock             0x00830000         0x00000400         rw !x
signature        0x00840000         0x00000400         rw !x
user_signatures  0x00850000         0x00000400         rw !x
*default*        0x00000000         0xffffffff

Linker script and memory map

LOAD C:/Program Files (x86)/Atmel/Studio/7.0/Packs/atmel/XMEGAA_DFP/1.1.68/gcc/dev/atxmega256a3u/avrxmega6/crtatxmega256a3u.o
LOAD clksys_driver.o
LOAD DataInSlave.o
LOAD H2A_SECOM_MotorDriver.o
LOAD md_9dof.o
LOAD md_core_analog.o
LOAD md_readbussensors.o
LOAD md_serial.o
LOAD md_ticktimer.o
LOAD util.o
START GROUP
LOAD c:/program files (x86)/atmel/studio/7.0/toolchain/avr8/avr8-gnu-toolchain/bin/../lib/gcc/avr/5.4.0/../../../../avr/lib/avrxmega6\libm.a
END GROUP
START GROUP
LOAD c:/program files (x86)/atmel/studio/7.0/toolchain/avr8/avr8-gnu-toolchain/bin/../lib/gcc/avr/5.4.0/avrxmega6\libgcc.a
LOAD c:/program files (x86)/atmel/studio/7.0/toolchain/avr8/avr8-gnu-toolchain/bin/../lib/gcc/avr/5.4.0/../../../../avr/lib/avrxmega6\libm.a
LOAD c:/program files (x86)/atmel/studio/7.0/toolchain/avr8/avr8-gnu-toolchain/bin/../lib/gcc/avr/5.4.0/../../../../avr/lib/avrxmega6\libc.a
LOAD C:/Program Files (x86)/Atmel/Studio/7.0/Packs/atmel/XMEGAA_DFP/1.1.68/gcc/dev/atxmega256a3u/avrxmega6\libatxmega256a3u.a
END GROUP
                0x00100000                __TEXT_REGION_LENGTH__ = DEFINED (__TEXT_REGION_LENGTH__)?__TEXT_REGION_LENGTH__:0x100000
                0x0000ffa0                __DATA_REGION_LENGTH__ = DEFINED (__DATA_REGION_LENGTH__)?__DATA_REGION_LENGTH__:0xffa0
                0x00010000                __EEPROM_REGION_LENGTH__ = DEFINED (__EEPROM_REGION_LENGTH__)?__EEPROM_REGION_LENGTH__:0x10000
                [0x00000006]                __FUSE_REGION_LENGTH__ = DEFINED (__FUSE_REGION_LENGTH__)?__FUSE_REGION_LENGTH__:0x400
                0x00000400                __LOCK_REGION_LENGTH__ = DEFINED (__LOCK_REGION_LENGTH__)?__LOCK_REGION_LENGTH__:0x400
                0x00000400                __SIGNATURE_REGION_LENGTH__ = DEFINED (__SIGNATURE_REGION_LENGTH__)?__SIGNATURE_REGION_LENGTH__:0x400
                0x00000400                __USER_SIGNATURE_REGION_LENGTH__ = DEFINED (__USER_SIGNATURE_REGION_LENGTH__)?__USER_SIGNATURE_REGION_LENGTH__:0x400

.hash
 *(.hash)

.dynsym
 *(.dynsym)

.dynstr
 *(.dynstr)

.gnu.version
 *(.gnu.version)

.gnu.version_d
 *(.gnu.version_d)

.gnu.version_r
 *(.gnu.version_r)

.rel.init
 *(.rel.init)

.rela.init
 *(.rela.init)

.rel.text
 *(.rel.text)
 *(.rel.text.*)
 *(.rel.gnu.linkonce.t*)

.rela.text
 *(.rela.text)
 *(.rela.text.*)
 *(.rela.gnu.linkonce.t*)

.rel.fini
 *(.rel.fini)

.rela.fini
 *(.rela.fini)

.rel.rodata
 *(.rel.rodata)
 *(.rel.rodata.*)
 *(.rel.gnu.linkonce.r*)

.rela.rodata
 *(.rela.rodata)
 *(.rela.rodata.*)
 *(.rela.gnu.linkonce.r*)

.rel.data
 *(.rel.data)
 *(.rel.data.*)
 *(.rel.gnu.linkonce.d*)

.rela.data
 *(.rela.data)
 *(.rela.data.*)
 *(.rela.gnu.linkonce.d*)

.rel.ctors
 *(.rel.ctors)

.rela.ctors
 *(.rela.ctors)

.rel.dtors
 *(.rel.dtors)

.rela.dtors
 *(.rela.dtors)

.rel.got
 *(.rel.got)

.rela.got
 *(.rela.got)

.rel.bss
 *(.rel.bss)

.rela.bss
 *(.rela.bss)

.rel.plt
 *(.rel.plt)

.rela.plt
 *(.rela.plt)

.text           0x00000000     0x7650
 *(.vectors)
 .vectors       0x00000000      0x1fc C:/Program Files (x86)/Atmel/Studio/7.0/Packs/atmel/XMEGAA_DFP/1.1.68/gcc/dev/atxmega256a3u/avrxmega6/crtatxmega256a3u.o
                0x00000000                __vector_default
                0x00000000                __vectors
 *(.vectors)
 *(.progmem.gcc*)
                0x000001fc                . = ALIGN (0x2)
                0x000001fc                __trampolines_start = .
 *(.trampolines)
 .trampolines   0x000001fc       0x60 linker stubs
 *(.trampolines*)
                0x0000025c                __trampolines_end = .
 *libprintf_flt.a:*(.progmem.data)
 *libc.a:*(.progmem.data)
 *(.progmem*)
                0x0000025c                . = ALIGN (0x2)
 *(.jumptables)
 *(.jumptables*)
 *(.lowtext)
 *(.lowtext*)
                0x0000025c                __ctors_start = .
 *(.ctors)
                0x0000025c                __ctors_end = .
                0x0000025c                __dtors_start = .
 *(.dtors)
                0x0000025c                __dtors_end = .
 SORT(*)(.ctors)
 SORT(*)(.dtors)
 *(.init0)
 .init0         0x0000025c        0x0 C:/Program Files (x86)/Atmel/Studio/7.0/Packs/atmel/XMEGAA_DFP/1.1.68/gcc/dev/atxmega256a3u/avrxmega6/crtatxmega256a3u.o
                0x0000025c                __init
 *(.init0)
 *(.init1)
 *(.init1)
 *(.init2)
 .init2         0x0000025c       0x10 C:/Program Files (x86)/Atmel/Studio/7.0/Packs/atmel/XMEGAA_DFP/1.1.68/gcc/dev/atxmega256a3u/avrxmega6/crtatxmega256a3u.o
 *(.init2)
 *(.init3)
 *(.init3)
 *(.init4)
 .init4         0x0000026c       0x1a c:/program files (x86)/atmel/studio/7.0/toolchain/avr8/avr8-gnu-toolchain/bin/../lib/gcc/avr/5.4.0/avrxmega6\libgcc.a(_copy_data.o)
                0x0000026c                __do_copy_data
 .init4         0x00000286       0x10 c:/program files (x86)/atmel/studio/7.0/toolchain/avr8/avr8-gnu-toolchain/bin/../lib/gcc/avr/5.4.0/avrxmega6\libgcc.a(_clear_bss.o)
                0x00000286                __do_clear_bss
 *(.init4)
 *(.init5)
 *(.init5)
 *(.init6)
 *(.init6)
 *(.init7)
 *(.init7)
 *(.init8)
 *(.init8)
 *(.init9)
 .init9         0x00000296        0x8 C:/Program Files (x86)/Atmel/Studio/7.0/Packs/atmel/XMEGAA_DFP/1.1.68/gcc/dev/atxmega256a3u/avrxmega6/crtatxmega256a3u.o
 *(.init9)
 *(.text)
 .text          0x0000029e        0x4 C:/Program Files (x86)/Atmel/Studio/7.0/Packs/atmel/XMEGAA_DFP/1.1.68/gcc/dev/atxmega256a3u/avrxmega6/crtatxmega256a3u.o
                0x0000029e                __vector_38
                0x0000029e                __vector_104
                0x0000029e                __vector_22
                0x0000029e                __vector_63
                0x0000029e                __vector_28
                0x0000029e                __vector_67
                0x0000029e                __vector_1
                0x0000029e                __vector_32
                0x0000029e                __vector_75
                0x0000029e                __vector_34
                0x0000029e                __vector_62
                0x0000029e                __vector_77
                0x0000029e                __vector_102
                0x0000029e                __vector_24
                0x0000029e                __vector_12
                0x0000029e                __vector_55
                0x0000029e                __vector_69
                0x0000029e                __vector_81
                0x0000029e                __vector_46
                0x0000029e                __bad_interrupt
                0x0000029e                __vector_122
                0x0000029e                __vector_72
                0x0000029e                __vector_114
                0x0000029e                __vector_6
                0x0000029e                __vector_110
                0x0000029e                __vector_31
                0x0000029e                __vector_35
                0x0000029e                __vector_78
                0x0000029e                __vector_74
                0x0000029e                __vector_117
                0x0000029e                __vector_39
                0x0000029e                __vector_107
                0x0000029e                __vector_3
                0x0000029e                __vector_105
                0x0000029e                __vector_98
                0x0000029e                __vector_23
                0x0000029e                __vector_68
                0x0000029e                __vector_30
                0x0000029e                __vector_73
                0x0000029e                __vector_45
                0x0000029e                __vector_25
                0x0000029e                __vector_93
                0x0000029e                __vector_61
                0x0000029e                __vector_11
                0x0000029e                __vector_54
                0x0000029e                __vector_99
                0x0000029e                __vector_13
                0x0000029e                __vector_17
                0x0000029e                __vector_19
                0x0000029e                __vector_56
                0x0000029e                __vector_7
                0x0000029e                __vector_125
                0x0000029e                __vector_49
                0x0000029e                __vector_123
                0x0000029e                __vector_41
                0x0000029e                __vector_86
                0x0000029e                __vector_100
                0x0000029e                __vector_101
                0x0000029e                __vector_64
                0x0000029e                __vector_109
                0x0000029e                __vector_43
                0x0000029e                __vector_27
                0x0000029e                __vector_5
                0x0000029e                __vector_113
                0x0000029e                __vector_33
                0x0000029e                __vector_76
                0x0000029e                __vector_115
                0x0000029e                __vector_47
                0x0000029e                __vector_52
                0x0000029e                __vector_37
                0x0000029e                __vector_95
                0x0000029e                __vector_103
                0x0000029e                __vector_96
                0x0000029e                __vector_108
                0x0000029e                __vector_4
                0x0000029e                __vector_44
                0x0000029e                __vector_82
                0x0000029e                __vector_106
                0x0000029e                __vector_118
                0x0000029e                __vector_51
                0x0000029e                __vector_9
                0x0000029e                __vector_2
                0x0000029e                __vector_21
                0x0000029e                __vector_15
                0x0000029e                __vector_66
                0x0000029e                __vector_36
                0x0000029e                __vector_79
                0x0000029e                __vector_58
                0x0000029e                __vector_70
                0x0000029e                __vector_83
                0x0000029e                __vector_29
                0x0000029e                __vector_60
                0x0000029e                __vector_121
                0x0000029e                __vector_40
                0x0000029e                __vector_85
                0x0000029e                __vector_94
                0x0000029e                __vector_126
                0x0000029e                __vector_8
                0x0000029e                __vector_26
                0x0000029e                __vector_48
                0x0000029e                __vector_124
                0x0000029e                __vector_116
                0x0000029e                __vector_112
                0x0000029e                __vector_111
                0x0000029e                __vector_80
                0x0000029e                __vector_14
                0x0000029e                __vector_84
                0x0000029e                __vector_57
                0x0000029e                __vector_53
                0x0000029e                __vector_10
                0x0000029e                __vector_50
                0x0000029e                __vector_16
                0x0000029e                __vector_59
                0x0000029e                __vector_18
                0x0000029e                __vector_97
                0x0000029e                __vector_20
                0x0000029e                __vector_42
                0x0000029e                __vector_87
                0x0000029e                __vector_65
                0x000002a2                . = ALIGN (0x2)
 *(.text.*)
 .text.CCPWrite
                0x000002a2       0x2a clksys_driver.o
                0x000002a2                CCPWrite
 .text.CLKSYS_XOSC_Config
                0x000002cc       0x14 clksys_driver.o
                0x000002cc                CLKSYS_XOSC_Config
 .text.CLKSYS_PLL_Config
                0x000002e0        0xa clksys_driver.o
                0x000002e0                CLKSYS_PLL_Config
 .text.CLKSYS_Disable
                0x000002ea       0x14 clksys_driver.o
                0x000002ea                CLKSYS_Disable
 .text.CLKSYS_Main_ClockSource_Select
                0x000002fe       0x2a clksys_driver.o
                0x000002fe                CLKSYS_Main_ClockSource_Select
 .text.InitSlave
                0x00000328       0x2a DataInSlave.o
                0x00000328                InitSlave
 .text.AddSlaveOwnSensor
                0x00000352       0x9e DataInSlave.o
                0x00000352                AddSlaveOwnSensor
 .text.AddWantedSensor
                0x000003f0       0x96 DataInSlave.o
                0x000003f0                AddWantedSensor
 .text.HandleSnapshot
                0x00000486       0x58 DataInSlave.o
                0x00000486                HandleSnapshot
 .text.HandleCmdS
                0x000004de      0x1b2 DataInSlave.o
 .text.SendLineRS485
                0x00000690       0x2a DataInSlave.o
                0x00000690                SendLineRS485
 .text.ReadLineRS45
                0x000006ba       0x62 DataInSlave.o
                0x000006ba                ReadLineRS45
 .text.ScanDataInSlave
                0x0000071c      0x3ec DataInSlave.o
                0x0000071c                ScanDataInSlave
 .text.main     0x00000b08      0x21c H2A_SECOM_MotorDriver.o
                0x00000b08                main
 .text.Process9DOF
                0x00000d24        0x2 md_9dof.o
                0x00000d24                Process9DOF
 .text.S9DOFWrite
                0x00000d26       0xb4 md_9dof.o
                0x00000d26                S9DOFWrite
 .text.Init9DOF
                0x00000dda       0x82 md_9dof.o
                0x00000dda                Init9DOF
 .text.S9DOFRead
                0x00000e5c      0x1b2 md_9dof.o
                0x00000e5c                S9DOFRead
 .text.GyroGetTemp
                0x0000100e       0x24 md_9dof.o
                0x0000100e                GyroGetTemp
 .text.GyroGetMagnetic
                0x00001032       0x5a md_9dof.o
                0x00001032                GyroGetMagnetic
 .text.GyroGetAcceleration
                0x0000108c       0x66 md_9dof.o
                0x0000108c                GyroGetAcceleration
 .text.GyroGetGyro
                0x000010f2       0x4e md_9dof.o
                0x000010f2                GyroGetGyro
 .text.PrintCSV_9DOF
                0x00001140      0x170 md_9dof.o
                0x00001140                PrintCSV_9DOF
 .text.CoreAnalogTakeSnapshot485
                0x000012b0        0xc md_core_analog.o
 .text.GetCruiseControlButtonStatus
                0x000012bc       0x84 md_core_analog.o
 .text.GetFullPowerButtonStatus
                0x00001340       0x84 md_core_analog.o
 .text.GetMotorDriverTemp
                0x000013c4       0x70 md_core_analog.o
 .text.GetWheelSpeedH2A
                0x00001434       0xc4 md_core_analog.o
 .text.GetDiodeStatus
                0x000014f8       0x80 md_core_analog.o
 .text.GetTimeSnapshot
                0x00001578       0x70 md_core_analog.o
 .text.GetSupercapEnergy
                0x000015e8       0xd4 md_core_analog.o
 .text.GetSupercapPower
                0x000016bc       0xd0 md_core_analog.o
 .text.GetSupercapCurrent
                0x0000178c       0xb4 md_core_analog.o
 .text.GetSupercapVoltage
                0x00001840       0xb4 md_core_analog.o
 .text.GetFuelCellEnergy
                0x000018f4       0xd4 md_core_analog.o
 .text.GetFuelCellPower
                0x000019c8       0xd0 md_core_analog.o
 .text.GetFuelCellCurrent
                0x00001a98       0xb4 md_core_analog.o
 .text.GetFuelCellVoltage
                0x00001b4c       0xb4 md_core_analog.o
 .text.GetMotorCurrent
                0x00001c00       0x7c md_core_analog.o
 .text.GetMotorVoltage
                0x00001c7c       0xb4 md_core_analog.o
 .text.GetWheelDistance
                0x00001d30       0x70 md_core_analog.o
 .text.GetWheelSpeedEVA
                0x00001da0       0xc4 md_core_analog.o
 .text.InitCoreAnalog
                0x00001e64      0x532 md_core_analog.o
                0x00001e64                InitCoreAnalog
 .text.CalibrateChannel
                0x00002396      0xc0e md_core_analog.o
                0x00002396                CalibrateChannel
 .text.TakeSnapshot
                0x00002fa4        0x8 md_core_analog.o
                0x00002fa4                TakeSnapshot
 .text.GetSessionCycleCount
                0x00002fac       0x3a md_core_analog.o
                0x00002fac                GetSessionCycleCount
 .text.PrintCSV_H2A
                0x00002fe6     0x1048 md_core_analog.o
                0x00002fe6                PrintCSV_H2A
 .text.PrintCSV_EVA
                0x0000402e      0x98a md_core_analog.o
                0x0000402e                PrintCSV_EVA
 .text.PrintResetHeader
                0x000049b8       0x6a md_core_analog.o
                0x000049b8                PrintResetHeader
 .text.__vector_71
                0x00004a22      0xe2c md_core_analog.o
                0x00004a22                __vector_71
 .text.CopySensorData
                0x0000584e       0x50 md_readbussensors.o
 .text.AcceptDataGPSPosition
                0x0000589e        0xe md_readbussensors.o
 .text.AcceptDataGPSDirection
                0x000058ac        0xe md_readbussensors.o
 .text.AcceptDataGPSSpeed
                0x000058ba        0xe md_readbussensors.o
 .text.AcceptDataGPSTime
                0x000058c8        0xe md_readbussensors.o
 .text.InitReadBussensors
                0x000058d6       0x32 md_readbussensors.o
                0x000058d6                InitReadBussensors
 .text.PrintBussensors
                0x00005908       0x3c md_readbussensors.o
                0x00005908                PrintBussensors
 .text.InitSerial
                0x00005944       0xb4 md_serial.o
                0x00005944                InitSerial
 .text.CanRead_Comm485
                0x000059f8       0x16 md_serial.o
                0x000059f8                CanRead_Comm485
 .text.ReadByte_Comm485
                0x00005a0e       0x2a md_serial.o
                0x00005a0e                ReadByte_Comm485
 .text.CanWrite_Comm485
                0x00005a38       0x22 md_serial.o
                0x00005a38                CanWrite_Comm485
 .text.WriteByte_Comm485
                0x00005a5a       0x88 md_serial.o
                0x00005a5a                WriteByte_Comm485
 .text.CanRead_Ctrl
                0x00005ae2       0x16 md_serial.o
                0x00005ae2                CanRead_Ctrl
 .text.ReadByte_Ctrl
                0x00005af8       0x2a md_serial.o
                0x00005af8                ReadByte_Ctrl
 .text.CanWrite_Ctrl
                0x00005b22       0x22 md_serial.o
                0x00005b22                CanWrite_Ctrl
 .text.WriteByte_Ctrl
                0x00005b44       0x56 md_serial.o
                0x00005b44                WriteByte_Ctrl
 .text.Ctrl_putchar
                0x00005b9a       0x60 md_serial.o
 .text.__vector_88
                0x00005bfa       0x50 md_serial.o
                0x00005bfa                __vector_88
 .text.__vector_89
                0x00005c4a       0x62 md_serial.o
                0x00005c4a                __vector_89
 .text.__vector_90
                0x00005cac       0x3a md_serial.o
                0x00005cac                __vector_90
 .text.__vector_91
                0x00005ce6       0x50 md_serial.o
                0x00005ce6                __vector_91
 .text.__vector_92
                0x00005d36       0x62 md_serial.o
                0x00005d36                __vector_92
 .text.__vector_119
                0x00005d98       0x50 md_serial.o
                0x00005d98                __vector_119
 .text.__vector_120
                0x00005de8       0x62 md_serial.o
                0x00005de8                __vector_120
 .text.InitTimer
                0x00005e4a       0x20 md_ticktimer.o
                0x00005e4a                InitTimer
 .text.GetTicks
                0x00005e6a        0xa md_ticktimer.o
                0x00005e6a                GetTicks
 .text.BusyWaitTillAfter
                0x00005e74       0x28 md_ticktimer.o
                0x00005e74                BusyWaitTillAfter
 .text.GetBusID
                0x00005e9c       0x24 util.o
                0x00005e9c                GetBusID
 .text.PrintBoardType
                0x00005ec0       0x78 util.o
                0x00005ec0                PrintBoardType
 .text.PrintProcessorID
                0x00005f38       0x94 util.o
                0x00005f38                PrintProcessorID
 .text.TryReadEEPROM
                0x00005fcc       0xc6 util.o
                0x00005fcc                TryReadEEPROM
 .text.UpdateEEPROM
                0x00006092       0x7e util.o
                0x00006092                UpdateEEPROM
 .text.ReadCalibrationByte
                0x00006110       0x18 util.o
                0x00006110                ReadCalibrationByte
 .text.InitUtil
                0x00006128       0x7a util.o
                0x00006128                InitUtil
 .text.avr-libc.fplib
                0x000061a2        0xe c:/program files (x86)/atmel/studio/7.0/toolchain/avr8/avr8-gnu-toolchain/bin/../lib/gcc/avr/5.4.0/../../../../avr/lib/avrxmega6\libm.a(addsf3.o)
                0x000061a2                __subsf3
                0x000061a4                __addsf3
 .text.avr-libc.fplib
                0x000061b0       0xcc c:/program files (x86)/atmel/studio/7.0/toolchain/avr8/avr8-gnu-toolchain/bin/../lib/gcc/avr/5.4.0/../../../../avr/lib/avrxmega6\libm.a(addsf3x.o)
                0x000061d2                __addsf3x
 .text.avr-libc.fplib
                0x0000627c        0xa c:/program files (x86)/atmel/studio/7.0/toolchain/avr8/avr8-gnu-toolchain/bin/../lib/gcc/avr/5.4.0/../../../../avr/lib/avrxmega6\libm.a(cmpsf2.o)
                0x0000627c                __nesf2
                0x0000627c                __eqsf2
                0x0000627c                __cmpsf2
                0x0000627c                __ltsf2
                0x0000627c                __lesf2
 .text.avr-libc.fplib
                0x00006286        0x8 c:/program files (x86)/atmel/studio/7.0/toolchain/avr8/avr8-gnu-toolchain/bin/../lib/gcc/avr/5.4.0/../../../../avr/lib/avrxmega6\libm.a(divsf3.o)
                0x00006286                __divsf3
 .text.avr-libc.fplib
                0x0000628e       0xdc c:/program files (x86)/atmel/studio/7.0/toolchain/avr8/avr8-gnu-toolchain/bin/../lib/gcc/avr/5.4.0/../../../../avr/lib/avrxmega6\libm.a(divsf3x.o)
                0x000062ae                __divsf3x
                0x000062b4                __divsf3_pse
 .text.avr-libc.fplib
                0x0000636a        0xe c:/program files (x86)/atmel/studio/7.0/toolchain/avr8/avr8-gnu-toolchain/bin/../lib/gcc/avr/5.4.0/../../../../avr/lib/avrxmega6\libm.a(fixsfsi.o)
                0x0000636a                __fixsfsi
 .text.avr-libc.fplib
                0x00006378       0x5e c:/program files (x86)/atmel/studio/7.0/toolchain/avr8/avr8-gnu-toolchain/bin/../lib/gcc/avr/5.4.0/../../../../avr/lib/avrxmega6\libm.a(fixunssfsi.o)
                0x00006378                __fixunssfsi
 .text.avr-libc.fplib
                0x000063d6        0xc c:/program files (x86)/atmel/studio/7.0/toolchain/avr8/avr8-gnu-toolchain/bin/../lib/gcc/avr/5.4.0/../../../../avr/lib/avrxmega6\libm.a(floatdisf.o)
                0x000063d6                __floatdisf
 .text.avr-libc.fplib
                0x000063e2       0x7a c:/program files (x86)/atmel/studio/7.0/toolchain/avr8/avr8-gnu-toolchain/bin/../lib/gcc/avr/5.4.0/../../../../avr/lib/avrxmega6\libm.a(floatsisf.o)
                0x000063e2                __floatunsisf
                0x000063e6                __floatsisf
 .text.avr-libc.fplib
                0x0000645c       0x7c c:/program files (x86)/atmel/studio/7.0/toolchain/avr8/avr8-gnu-toolchain/bin/../lib/gcc/avr/5.4.0/../../../../avr/lib/avrxmega6\libm.a(floatundisf.o)
                0x0000645c                __floatundisf
                0x0000645e                __fp_di2sf
 .text.avr-libc.fplib
                0x000064d8       0x48 c:/program files (x86)/atmel/studio/7.0/toolchain/avr8/avr8-gnu-toolchain/bin/../lib/gcc/avr/5.4.0/../../../../avr/lib/avrxmega6\libm.a(fp_cmp.o)
                0x000064d8                __fp_cmp
 .text.avr-libc.fplib
                0x00006520        0xc c:/program files (x86)/atmel/studio/7.0/toolchain/avr8/avr8-gnu-toolchain/bin/../lib/gcc/avr/5.4.0/../../../../avr/lib/avrxmega6\libm.a(fp_inf.o)
                0x00006520                __fp_inf
 .text.avr-libc.fplib
                0x0000652c        0x6 c:/program files (x86)/atmel/studio/7.0/toolchain/avr8/avr8-gnu-toolchain/bin/../lib/gcc/avr/5.4.0/../../../../avr/lib/avrxmega6\libm.a(fp_nan.o)
                0x0000652c                __fp_nan
 .text.avr-libc.fplib
                0x00006532       0x20 c:/program files (x86)/atmel/studio/7.0/toolchain/avr8/avr8-gnu-toolchain/bin/../lib/gcc/avr/5.4.0/../../../../avr/lib/avrxmega6\libm.a(fp_negdi.o)
                0x00006532                __fp_negdi
 .text.avr-libc.fplib
                0x00006552        0xe c:/program files (x86)/atmel/studio/7.0/toolchain/avr8/avr8-gnu-toolchain/bin/../lib/gcc/avr/5.4.0/../../../../avr/lib/avrxmega6\libm.a(fp_pscA.o)
                0x00006552                __fp_pscA
 .text.avr-libc.fplib
                0x00006560        0xe c:/program files (x86)/atmel/studio/7.0/toolchain/avr8/avr8-gnu-toolchain/bin/../lib/gcc/avr/5.4.0/../../../../avr/lib/avrxmega6\libm.a(fp_pscB.o)
                0x00006560                __fp_pscB
 .text.avr-libc.fplib
                0x0000656e       0x22 c:/program files (x86)/atmel/studio/7.0/toolchain/avr8/avr8-gnu-toolchain/bin/../lib/gcc/avr/5.4.0/../../../../avr/lib/avrxmega6\libm.a(fp_round.o)
                0x0000656e                __fp_round
 .text.avr-libc.fplib
                0x00006590       0x44 c:/program files (x86)/atmel/studio/7.0/toolchain/avr8/avr8-gnu-toolchain/bin/../lib/gcc/avr/5.4.0/../../../../avr/lib/avrxmega6\libm.a(fp_split3.o)
                0x00006590                __fp_split3
                0x000065a0                __fp_splitA
 .text.avr-libc.fplib
                0x000065d4        0xe c:/program files (x86)/atmel/studio/7.0/toolchain/avr8/avr8-gnu-toolchain/bin/../lib/gcc/avr/5.4.0/../../../../avr/lib/avrxmega6\libm.a(fp_zero.o)
                0x000065d4                __fp_zero
                0x000065d6                __fp_szero
 .text.avr-libc.fplib
                0x000065e2        0x8 c:/program files (x86)/atmel/studio/7.0/toolchain/avr8/avr8-gnu-toolchain/bin/../lib/gcc/avr/5.4.0/../../../../avr/lib/avrxmega6\libm.a(mulsf3.o)
                0x000065e2                __mulsf3
 .text.avr-libc.fplib
                0x000065ea       0xd2 c:/program files (x86)/atmel/studio/7.0/toolchain/avr8/avr8-gnu-toolchain/bin/../lib/gcc/avr/5.4.0/../../../../avr/lib/avrxmega6\libm.a(mulsf3x.o)
                0x00006608                __mulsf3x
                0x0000660e                __mulsf3_pse
 .text.avr-libc.fplib
                0x000066bc       0x48 c:/program files (x86)/atmel/studio/7.0/toolchain/avr8/avr8-gnu-toolchain/bin/../lib/gcc/avr/5.4.0/../../../../avr/lib/avrxmega6\libm.a(round.o)
                0x000066bc                round
 .text.avr-libc.fplib
                0x00006704       0x36 c:/program files (x86)/atmel/studio/7.0/toolchain/avr8/avr8-gnu-toolchain/bin/../lib/gcc/avr/5.4.0/../../../../avr/lib/avrxmega6\libm.a(fp_mintl.o)
                0x00006704                __fp_mintl
 .text.avr-libc.fplib
                0x0000673a       0x1c c:/program files (x86)/atmel/studio/7.0/toolchain/avr8/avr8-gnu-toolchain/bin/../lib/gcc/avr/5.4.0/../../../../avr/lib/avrxmega6\libm.a(fp_mpack.o)
                0x0000673a                __fp_mpack
                0x0000673e                __fp_mpack_finite
 .text.libgcc.mul
                0x00006756       0x20 c:/program files (x86)/atmel/studio/7.0/toolchain/avr8/avr8-gnu-toolchain/bin/../lib/gcc/avr/5.4.0/avrxmega6\libgcc.a(_mulsi3.o)
                0x00006756                __mulsi3
 .text.libgcc.mul
                0x00006776       0x16 c:/program files (x86)/atmel/studio/7.0/toolchain/avr8/avr8-gnu-toolchain/bin/../lib/gcc/avr/5.4.0/avrxmega6\libgcc.a(_muluhisi3.o)
                0x00006776                __muluhisi3
 .text.libgcc   0x0000678c       0x12 c:/program files (x86)/atmel/studio/7.0/toolchain/avr8/avr8-gnu-toolchain/bin/../lib/gcc/avr/5.4.0/avrxmega6\libgcc.a(_adddi3.o)
                0x0000678c                __adddi3
 .text.libgcc.mul
                0x0000679e       0x1e c:/program files (x86)/atmel/studio/7.0/toolchain/avr8/avr8-gnu-toolchain/bin/../lib/gcc/avr/5.4.0/avrxmega6\libgcc.a(_umulhisi3.o)
                0x0000679e                __umulhisi3
 .text.avr-libc
                0x000067bc      0x242 c:/program files (x86)/atmel/studio/7.0/toolchain/avr8/avr8-gnu-toolchain/bin/../lib/gcc/avr/5.4.0/../../../../avr/lib/avrxmega6\libc.a(malloc.o)
                0x000067bc                malloc
                0x000068ec                free
 .text.avr-libc
                0x000069fe      0x1ca c:/program files (x86)/atmel/studio/7.0/toolchain/avr8/avr8-gnu-toolchain/bin/../lib/gcc/avr/5.4.0/../../../../avr/lib/avrxmega6\libc.a(realloc.o)
                0x000069fe                realloc
 .text.avr-libc
                0x00006bc8      0x25c c:/program files (x86)/atmel/studio/7.0/toolchain/avr8/avr8-gnu-toolchain/bin/../lib/gcc/avr/5.4.0/../../../../avr/lib/avrxmega6\libc.a(strtol.o)
                0x00006bc8                strtol
 .text.avr-libc
                0x00006e24       0x12 c:/program files (x86)/atmel/studio/7.0/toolchain/avr8/avr8-gnu-toolchain/bin/../lib/gcc/avr/5.4.0/../../../../avr/lib/avrxmega6\libc.a(isspace.o)
                0x00006e24                isspace
 .text.avr-libc
                0x00006e36       0x12 c:/program files (x86)/atmel/studio/7.0/toolchain/avr8/avr8-gnu-toolchain/bin/../lib/gcc/avr/5.4.0/../../../../avr/lib/avrxmega6\libc.a(memcpy.o)
                0x00006e36                memcpy
 .text.avr-libc
                0x00006e48       0x1c c:/program files (x86)/atmel/studio/7.0/toolchain/avr8/avr8-gnu-toolchain/bin/../lib/gcc/avr/5.4.0/../../../../avr/lib/avrxmega6\libc.a(strncmp.o)
                0x00006e48                strncmp
 .text.avr-libc
                0x00006e64       0x1e c:/program files (x86)/atmel/studio/7.0/toolchain/avr8/avr8-gnu-toolchain/bin/../lib/gcc/avr/5.4.0/../../../../avr/lib/avrxmega6\libc.a(strncpy.o)
                0x00006e64                strncpy
 .text.avr-libc
                0x00006e82       0x20 c:/program files (x86)/atmel/studio/7.0/toolchain/avr8/avr8-gnu-toolchain/bin/../lib/gcc/avr/5.4.0/../../../../avr/lib/avrxmega6\libc.a(fprintf.o)
                0x00006e82                fprintf
 .text.avr-libc
                0x00006ea2       0x78 c:/program files (x86)/atmel/studio/7.0/toolchain/avr8/avr8-gnu-toolchain/bin/../lib/gcc/avr/5.4.0/../../../../avr/lib/avrxmega6\libc.a(fputc.o)
                0x00006ea2                fputc
 .text.avr-libc
                0x00006f1a       0x84 c:/program files (x86)/atmel/studio/7.0/toolchain/avr8/avr8-gnu-toolchain/bin/../lib/gcc/avr/5.4.0/../../../../avr/lib/avrxmega6\libc.a(fwrite.o)
                0x00006f1a                fwrite
 .text.avr-libc
                0x00006f9e       0x6e c:/program files (x86)/atmel/studio/7.0/toolchain/avr8/avr8-gnu-toolchain/bin/../lib/gcc/avr/5.4.0/../../../../avr/lib/avrxmega6\libc.a(snprintf.o)
                0x00006f9e                snprintf
 .text.avr-libc
                0x0000700c       0x52 c:/program files (x86)/atmel/studio/7.0/toolchain/avr8/avr8-gnu-toolchain/bin/../lib/gcc/avr/5.4.0/../../../../avr/lib/avrxmega6\libc.a(sprintf.o)
                0x0000700c                sprintf
 .text.avr-libc
                0x0000705e      0x408 c:/program files (x86)/atmel/studio/7.0/toolchain/avr8/avr8-gnu-toolchain/bin/../lib/gcc/avr/5.4.0/../../../../avr/lib/avrxmega6\libc.a(vfprintf_std.o)
                0x0000705e                vfprintf
 .text.avr-libc
                0x00007466        0x6 c:/program files (x86)/atmel/studio/7.0/toolchain/avr8/avr8-gnu-toolchain/bin/../lib/gcc/avr/5.4.0/../../../../avr/lib/avrxmega6\libc.a(cty_isfalse.o)
                0x00007466                __ctype_isfalse
                0x0000746a                __ctype_istrue
 .text.avr-libc
                0x0000746c       0x16 c:/program files (x86)/atmel/studio/7.0/toolchain/avr8/avr8-gnu-toolchain/bin/../lib/gcc/avr/5.4.0/../../../../avr/lib/avrxmega6\libc.a(strnlen_P.o)
                0x0000746c                strnlen_P
 .text.avr-libc
                0x00007482       0x16 c:/program files (x86)/atmel/studio/7.0/toolchain/avr8/avr8-gnu-toolchain/bin/../lib/gcc/avr/5.4.0/../../../../avr/lib/avrxmega6\libc.a(strnlen.o)
                0x00007482                strnlen
 .text.avr-libc
                0x00007498       0xbc c:/program files (x86)/atmel/studio/7.0/toolchain/avr8/avr8-gnu-toolchain/bin/../lib/gcc/avr/5.4.0/../../../../avr/lib/avrxmega6\libc.a(ultoa_invert.o)
                0x00007498                __ultoa_invert
 .text.avr-libc
                0x00007554       0x18 C:/Program Files (x86)/Atmel/Studio/7.0/Packs/atmel/XMEGAA_DFP/1.1.68/gcc/dev/atxmega256a3u/avrxmega6\libatxmega256a3u.a(eerd_block.o)
                0x00007554                eeprom_read_block
 .text.avr-libc
                0x0000756c       0x20 C:/Program Files (x86)/Atmel/Studio/7.0/Packs/atmel/XMEGAA_DFP/1.1.68/gcc/dev/atxmega256a3u/avrxmega6\libatxmega256a3u.a(eeupd_block.o)
                0x0000756c                eeprom_update_block
 .text.avr-libc
                0x0000758c       0x16 C:/Program Files (x86)/Atmel/Studio/7.0/Packs/atmel/XMEGAA_DFP/1.1.68/gcc/dev/atxmega256a3u/avrxmega6\libatxmega256a3u.a(eeupd_byte.o)
                0x0000758c                eeprom_update_byte
                0x0000758e                eeprom_update_r18
 .text.avr-libc
                0x000075a2       0x46 C:/Program Files (x86)/Atmel/Studio/7.0/Packs/atmel/XMEGAA_DFP/1.1.68/gcc/dev/atxmega256a3u/avrxmega6\libatxmega256a3u.a(eewr_byte.o)
                0x000075a2                eeprom_write_byte
                0x000075a4                eeprom_write_r18
 .text.avr-libc
                0x000075e8       0x20 C:/Program Files (x86)/Atmel/Studio/7.0/Packs/atmel/XMEGAA_DFP/1.1.68/gcc/dev/atxmega256a3u/avrxmega6\libatxmega256a3u.a(eerd_byte.o)
                0x000075e8                eeprom_read_byte
                0x000075f0                eeprom_mapen
 .text.libgcc.div
                0x00007608       0x44 c:/program files (x86)/atmel/studio/7.0/toolchain/avr8/avr8-gnu-toolchain/bin/../lib/gcc/avr/5.4.0/avrxmega6\libgcc.a(_udivmodsi4.o)
                0x00007608                __udivmodsi4
                0x0000764c                . = ALIGN (0x2)
 *(.fini9)
 .fini9         0x0000764c        0x0 c:/program files (x86)/atmel/studio/7.0/toolchain/avr8/avr8-gnu-toolchain/bin/../lib/gcc/avr/5.4.0/avrxmega6\libgcc.a(_exit.o)
                0x0000764c                _exit
                0x0000764c                exit
 *(.fini9)
 *(.fini8)
 *(.fini8)
 *(.fini7)
 *(.fini7)
 *(.fini6)
 *(.fini6)
 *(.fini5)
 *(.fini5)
 *(.fini4)
 *(.fini4)
 *(.fini3)
 *(.fini3)
 *(.fini2)
 *(.fini2)
 *(.fini1)
 *(.fini1)
 *(.fini0)
 .fini0         0x0000764c        0x4 c:/program files (x86)/atmel/studio/7.0/toolchain/avr8/avr8-gnu-toolchain/bin/../lib/gcc/avr/5.4.0/avrxmega6\libgcc.a(_exit.o)
 *(.fini0)
                0x00007650                _etext = .

.data           0x00802000      0x7a0 load address 0x00007650
                0x00802000                PROVIDE (__data_start, .)
 *(.data)
 .data          0x00802000        0x6 c:/program files (x86)/atmel/studio/7.0/toolchain/avr8/avr8-gnu-toolchain/bin/../lib/gcc/avr/5.4.0/../../../../avr/lib/avrxmega6\libc.a(malloc.o)
                0x00802000                __malloc_heap_end
                0x00802002                __malloc_heap_start
                0x00802004                __malloc_margin
 *(.data*)
 .data.sSpeedSensorLastValidInterval.4877
                0x00802006        0x2 md_core_analog.o
 .data.sGPSPos  0x00802008       0x4e md_readbussensors.o
 .data.gCtrl_IO
                0x00802056        0xe md_serial.o
                0x00802056                gCtrl_IO
 *(.rodata)
 .rodata        0x00802064       0x60 md_core_analog.o
 *(.rodata*)
 .rodata.str1.1
                0x008020c4       0xfe DataInSlave.o
 .rodata.str1.1
                0x008021c2        0x4 H2A_SECOM_MotorDriver.o
 .rodata.str1.1
                0x008021c6       0x33 md_9dof.o
 .rodata.str1.1
                0x008021f9      0x541 md_core_analog.o
                                0x549 (size before relaxing)
 .rodata.str1.1
                0x0080273a       0x21 md_readbussensors.o
 .rodata.str1.1
                0x0080275b       0x44 util.o
                                 0x49 (size before relaxing)
 *(.gnu.linkonce.d*)
                0x008027a0                . = ALIGN (0x2)
 *fill*         0x0080279f        0x1 
                0x008027a0                _edata = .
                0x008027a0                PROVIDE (__data_end, .)

.bss            0x008027a0      0x6f8
                0x008027a0                PROVIDE (__bss_start, .)
 *(.bss)
 *(.bss*)
 .bss.responseSlave.4542
                0x008027a0       0x53 DataInSlave.o
 .bss.sWantedSensor
                0x008027f3        0x2 DataInSlave.o
 .bss.sOwnSensor
                0x008027f5        0x2 DataInSlave.o
 .bss.sNumWantedSensor
                0x008027f7        0x2 DataInSlave.o
 .bss.sNumOwnSensor
                0x008027f9        0x2 DataInSlave.o
 .bss.sMyAdress
                0x008027fb        0x2 DataInSlave.o
 .bss.slaveData.4608
                0x008027fd       0x53 H2A_SECOM_MotorDriver.o
 .bss.sCCRunTimer.4876
                0x00802850        0x2 md_core_analog.o
 .bss.sCCPrevPulseInterval.4882
                0x00802852        0x4 md_core_analog.o
 .bss.sCCIsOn.4875
                0x00802856        0x1 md_core_analog.o
 .bss.sPrevPWMCycles.4874
                0x00802857        0x1 md_core_analog.o
 .bss.sSamplingVin.4873
                0x00802858        0x1 md_core_analog.o
 .bss.sSpeedSensorPreviousValidEdgeTimestamp.4878
                0x00802859        0x4 md_core_analog.o
 .bss.sSpeedSensorNegDeglitchCounter.4881
                0x0080285d        0x1 md_core_analog.o
 .bss.sSpeedSensorPreviousState.4879
                0x0080285e        0x1 md_core_analog.o
 .bss.sSpeedSensorPosDeglitchCounter.4880
                0x0080285f        0x1 md_core_analog.o
 .bss.sSensorData
                0x00802860       0x7a md_core_analog.o
 .bss.sCC2TargetSpeed
                0x008028da        0x4 md_core_analog.o
 .bss.sCC2MinSpeed
                0x008028de        0x4 md_core_analog.o
 .bss.sCC2TargetSpeedUpdate
                0x008028e2        0x1 md_core_analog.o
 .bss.sSessionCycleCount
                0x008028e3        0x4 md_core_analog.o
 .bss.sTakeSnapshot485
                0x008028e7        0x1 md_core_analog.o
 .bss.sSessionCycleCountSnapshot485
                0x008028e8        0x4 md_core_analog.o
 .bss.sSensorDataSnapshot485
                0x008028ec       0x7a md_core_analog.o
 .bss.sTakeSnapshot
                0x00802966        0x1 md_core_analog.o
 .bss.sSessionCycleCountSnapshot
                0x00802967        0x4 md_core_analog.o
 .bss.sSensorDataSnapshot
                0x0080296b       0x7a md_core_analog.o
 .bss.sCal      0x008029e5       0x30 md_core_analog.o
 .bss.sGPSTime  0x00802a15       0x4e md_readbussensors.o
 .bss.sGPSSpeed
                0x00802a63       0x4e md_readbussensors.o
 .bss.sGPSDirection
                0x00802ab1       0x4e md_readbussensors.o
 .bss.checksum.4265
                0x00802aff        0x1 md_serial.o
 .bss.rx_fc_buf
                0x00802b00       0x64 md_serial.o
 .bss.rx_fc_rdidx
                0x00802b64        0x1 md_serial.o
 .bss.rx_fc_wridx
                0x00802b65        0x1 md_serial.o
 .bss.tx_fc_buf
                0x00802b66       0x64 md_serial.o
 .bss.tx_fc_rdidx
                0x00802bca        0x1 md_serial.o
 .bss.tx_fc_wridx
                0x00802bcb        0x1 md_serial.o
 .bss.rx_ctrl_buf
                0x00802bcc       0x50 md_serial.o
 .bss.rx_ctrl_rdidx
                0x00802c1c        0x1 md_serial.o
 .bss.rx_ctrl_wridx
                0x00802c1d        0x1 md_serial.o
 .bss.tx_ctrl_buf
                0x00802c1e       0xfa md_serial.o
 .bss.tx_ctrl_rdidx
                0x00802d18        0x1 md_serial.o
 .bss.tx_ctrl_wridx
                0x00802d19        0x1 md_serial.o
 .bss.rx_485_buf
                0x00802d1a       0xb4 md_serial.o
 .bss.rx_485_rdidx
                0x00802dce        0x1 md_serial.o
 .bss.rx_485_wridx
                0x00802dcf        0x1 md_serial.o
 .bss.tx_485_busy
                0x00802dd0        0x1 md_serial.o
 .bss.tx_485_buf
                0x00802dd1       0xb4 md_serial.o
 .bss.tx_485_rdidx
                0x00802e85        0x1 md_serial.o
 .bss.tx_485_wridx
                0x00802e86        0x1 md_serial.o
 .bss.sProcID   0x00802e87        0xb util.o
 *(COMMON)
 COMMON         0x00802e92        0x4 c:/program files (x86)/atmel/studio/7.0/toolchain/avr8/avr8-gnu-toolchain/bin/../lib/gcc/avr/5.4.0/../../../../avr/lib/avrxmega6\libc.a(malloc.o)
                0x00802e92                __brkval
                0x00802e94                __flp
 COMMON         0x00802e96        0x2 c:/program files (x86)/atmel/studio/7.0/toolchain/avr8/avr8-gnu-toolchain/bin/../lib/gcc/avr/5.4.0/../../../../avr/lib/avrxmega6\libc.a(errno.o)
                0x00802e96                errno
                0x00802e98                PROVIDE (__bss_end, .)
                0x00007650                __data_load_start = LOADADDR (.data)
                0x00007df0                __data_load_end = (__data_load_start + SIZEOF (.data))

.noinit         0x00802e98        0x0
                [!provide]                PROVIDE (__noinit_start, .)
 *(.noinit*)
                [!provide]                PROVIDE (__noinit_end, .)
                0x00802e98                _end = .
                0x00802e98                PROVIDE (__heap_start, .)

.eeprom         0x00810000        0x0
 *(.eeprom*)
                0x00810000                __eeprom_end = .

.fuse
 *(.fuse)
 *(.lfuse)
 *(.hfuse)
 *(.efuse)

.lock
 *(.lock*)

.signature
 *(.signature*)

.user_signatures
 *(.user_signatures*)

.stab
 *(.stab)

.stabstr
 *(.stabstr)

.stab.excl
 *(.stab.excl)

.stab.exclstr
 *(.stab.exclstr)

.stab.index
 *(.stab.index)

.stab.indexstr
 *(.stab.indexstr)

.comment        0x00000000       0x5c
 *(.comment)
 .comment       0x00000000       0x30 clksys_driver.o
                                 0x31 (size before relaxing)
 .comment       0x00000030       0x31 DataInSlave.o
 .comment       0x00000030       0x31 H2A_SECOM_MotorDriver.o
 .comment       0x00000030       0x31 md_9dof.o
 .comment       0x00000030       0x31 md_core_analog.o
 .comment       0x00000030       0x31 md_readbussensors.o
 .comment       0x00000030       0x31 md_serial.o
 .comment       0x00000030       0x31 md_ticktimer.o
 .comment       0x00000030       0x31 util.o
 .comment       0x00000030       0x31 c:/program files (x86)/atmel/studio/7.0/toolchain/avr8/avr8-gnu-toolchain/bin/../lib/gcc/avr/5.4.0/../../../../avr/lib/avrxmega6\libc.a(malloc.o)
 .comment       0x00000030       0x31 c:/program files (x86)/atmel/studio/7.0/toolchain/avr8/avr8-gnu-toolchain/bin/../lib/gcc/avr/5.4.0/../../../../avr/lib/avrxmega6\libc.a(realloc.o)
 .comment       0x00000030       0x31 c:/program files (x86)/atmel/studio/7.0/toolchain/avr8/avr8-gnu-toolchain/bin/../lib/gcc/avr/5.4.0/../../../../avr/lib/avrxmega6\libc.a(strtol.o)
 .comment       0x00000030       0x31 c:/program files (x86)/atmel/studio/7.0/toolchain/avr8/avr8-gnu-toolchain/bin/../lib/gcc/avr/5.4.0/../../../../avr/lib/avrxmega6\libc.a(fprintf.o)
 .comment       0x00000030       0x31 c:/program files (x86)/atmel/studio/7.0/toolchain/avr8/avr8-gnu-toolchain/bin/../lib/gcc/avr/5.4.0/../../../../avr/lib/avrxmega6\libc.a(fputc.o)
 .comment       0x00000030       0x31 c:/program files (x86)/atmel/studio/7.0/toolchain/avr8/avr8-gnu-toolchain/bin/../lib/gcc/avr/5.4.0/../../../../avr/lib/avrxmega6\libc.a(fwrite.o)
 .comment       0x00000030       0x31 c:/program files (x86)/atmel/studio/7.0/toolchain/avr8/avr8-gnu-toolchain/bin/../lib/gcc/avr/5.4.0/../../../../avr/lib/avrxmega6\libc.a(snprintf.o)
 .comment       0x00000030       0x31 c:/program files (x86)/atmel/studio/7.0/toolchain/avr8/avr8-gnu-toolchain/bin/../lib/gcc/avr/5.4.0/../../../../avr/lib/avrxmega6\libc.a(sprintf.o)
 .comment       0x00000030       0x2c c:/program files (x86)/atmel/studio/7.0/toolchain/avr8/avr8-gnu-toolchain/bin/../lib/gcc/avr/5.4.0/../../../../avr/lib/avrxmega6\libc.a(vfprintf_std.o)
                                 0x2d (size before relaxing)
 .comment       0x0000005c       0x2d c:/program files (x86)/atmel/studio/7.0/toolchain/avr8/avr8-gnu-toolchain/bin/../lib/gcc/avr/5.4.0/../../../../avr/lib/avrxmega6\libc.a(errno.o)

.note.gnu.avr.deviceinfo
                0x00000000       0x40
 .note.gnu.avr.deviceinfo
                0x00000000       0x40 C:/Program Files (x86)/Atmel/Studio/7.0/Packs/atmel/XMEGAA_DFP/1.1.68/gcc/dev/atxmega256a3u/avrxmega6/crtatxmega256a3u.o

.note.gnu.build-id
 *(.note.gnu.build-id)

.debug
 *(.debug)

.line
 *(.line)

.debug_srcinfo
 *(.debug_srcinfo)

.debug_sfnames
 *(.debug_sfnames)

.debug_aranges  0x00000000      0x480
 *(.debug_aranges)
 .debug_aranges
                0x00000000       0x68 clksys_driver.o
 .debug_aranges
                0x00000068       0x60 DataInSlave.o
 .debug_aranges
                0x000000c8       0x20 H2A_SECOM_MotorDriver.o
 .debug_aranges
                0x000000e8       0x60 md_9dof.o
 .debug_aranges
                0x00000148       0xf8 md_core_analog.o
 .debug_aranges
                0x00000240       0x50 md_readbussensors.o
 .debug_aranges
                0x00000290       0xc8 md_serial.o
 .debug_aranges
                0x00000358       0x30 md_ticktimer.o
 .debug_aranges
                0x00000388       0x58 util.o
 .debug_aranges
                0x000003e0       0x20 C:/Program Files (x86)/Atmel/Studio/7.0/Packs/atmel/XMEGAA_DFP/1.1.68/gcc/dev/atxmega256a3u/avrxmega6\libatxmega256a3u.a(eerd_block.o)
 .debug_aranges
                0x00000400       0x20 C:/Program Files (x86)/Atmel/Studio/7.0/Packs/atmel/XMEGAA_DFP/1.1.68/gcc/dev/atxmega256a3u/avrxmega6\libatxmega256a3u.a(eeupd_block.o)
 .debug_aranges
                0x00000420       0x20 C:/Program Files (x86)/Atmel/Studio/7.0/Packs/atmel/XMEGAA_DFP/1.1.68/gcc/dev/atxmega256a3u/avrxmega6\libatxmega256a3u.a(eeupd_byte.o)
 .debug_aranges
                0x00000440       0x20 C:/Program Files (x86)/Atmel/Studio/7.0/Packs/atmel/XMEGAA_DFP/1.1.68/gcc/dev/atxmega256a3u/avrxmega6\libatxmega256a3u.a(eewr_byte.o)
 .debug_aranges
                0x00000460       0x20 C:/Program Files (x86)/Atmel/Studio/7.0/Packs/atmel/XMEGAA_DFP/1.1.68/gcc/dev/atxmega256a3u/avrxmega6\libatxmega256a3u.a(eerd_byte.o)

.debug_pubnames
 *(.debug_pubnames)

.debug_info     0x00000000     0xbc58
 *(.debug_info .gnu.linkonce.wi.*)
 .debug_info    0x00000000     0x3409 C:/Program Files (x86)/Atmel/Studio/7.0/Packs/atmel/XMEGAA_DFP/1.1.68/gcc/dev/atxmega256a3u/avrxmega6/crtatxmega256a3u.o
 .debug_info    0x00003409      0x66d clksys_driver.o
 .debug_info    0x00003a76      0xba6 DataInSlave.o
 .debug_info    0x0000461c      0x8a4 H2A_SECOM_MotorDriver.o
 .debug_info    0x00004ec0      0x877 md_9dof.o
 .debug_info    0x00005737     0x3dfa md_core_analog.o
 .debug_info    0x00009531      0x481 md_readbussensors.o
 .debug_info    0x000099b2      0xd6a md_serial.o
 .debug_info    0x0000a71c      0x72b md_ticktimer.o
 .debug_info    0x0000ae47      0xa89 util.o
 .debug_info    0x0000b8d0       0xb5 C:/Program Files (x86)/Atmel/Studio/7.0/Packs/atmel/XMEGAA_DFP/1.1.68/gcc/dev/atxmega256a3u/avrxmega6\libatxmega256a3u.a(eerd_block.o)
 .debug_info    0x0000b985       0xb6 C:/Program Files (x86)/Atmel/Studio/7.0/Packs/atmel/XMEGAA_DFP/1.1.68/gcc/dev/atxmega256a3u/avrxmega6\libatxmega256a3u.a(eeupd_block.o)
 .debug_info    0x0000ba3b       0xb5 C:/Program Files (x86)/Atmel/Studio/7.0/Packs/atmel/XMEGAA_DFP/1.1.68/gcc/dev/atxmega256a3u/avrxmega6\libatxmega256a3u.a(eeupd_byte.o)
 .debug_info    0x0000baf0       0xb4 C:/Program Files (x86)/Atmel/Studio/7.0/Packs/atmel/XMEGAA_DFP/1.1.68/gcc/dev/atxmega256a3u/avrxmega6\libatxmega256a3u.a(eewr_byte.o)
 .debug_info    0x0000bba4       0xb4 C:/Program Files (x86)/Atmel/Studio/7.0/Packs/atmel/XMEGAA_DFP/1.1.68/gcc/dev/atxmega256a3u/avrxmega6\libatxmega256a3u.a(eerd_byte.o)

.debug_abbrev   0x00000000     0x46c2
 *(.debug_abbrev)
 .debug_abbrev  0x00000000     0x3148 C:/Program Files (x86)/Atmel/Studio/7.0/Packs/atmel/XMEGAA_DFP/1.1.68/gcc/dev/atxmega256a3u/avrxmega6/crtatxmega256a3u.o
 .debug_abbrev  0x00003148      0x19d clksys_driver.o
 .debug_abbrev  0x000032e5      0x331 DataInSlave.o
 .debug_abbrev  0x00003616      0x1d7 H2A_SECOM_MotorDriver.o
 .debug_abbrev  0x000037ed      0x20f md_9dof.o
 .debug_abbrev  0x000039fc      0x3fb md_core_analog.o
 .debug_abbrev  0x00003df7      0x1d0 md_readbussensors.o
 .debug_abbrev  0x00003fc7      0x2e5 md_serial.o
 .debug_abbrev  0x000042ac      0x14f md_ticktimer.o
 .debug_abbrev  0x000043fb      0x263 util.o
 .debug_abbrev  0x0000465e       0x14 C:/Program Files (x86)/Atmel/Studio/7.0/Packs/atmel/XMEGAA_DFP/1.1.68/gcc/dev/atxmega256a3u/avrxmega6\libatxmega256a3u.a(eerd_block.o)
 .debug_abbrev  0x00004672       0x14 C:/Program Files (x86)/Atmel/Studio/7.0/Packs/atmel/XMEGAA_DFP/1.1.68/gcc/dev/atxmega256a3u/avrxmega6\libatxmega256a3u.a(eeupd_block.o)
 .debug_abbrev  0x00004686       0x14 C:/Program Files (x86)/Atmel/Studio/7.0/Packs/atmel/XMEGAA_DFP/1.1.68/gcc/dev/atxmega256a3u/avrxmega6\libatxmega256a3u.a(eeupd_byte.o)
 .debug_abbrev  0x0000469a       0x14 C:/Program Files (x86)/Atmel/Studio/7.0/Packs/atmel/XMEGAA_DFP/1.1.68/gcc/dev/atxmega256a3u/avrxmega6\libatxmega256a3u.a(eewr_byte.o)
 .debug_abbrev  0x000046ae       0x14 C:/Program Files (x86)/Atmel/Studio/7.0/Packs/atmel/XMEGAA_DFP/1.1.68/gcc/dev/atxmega256a3u/avrxmega6\libatxmega256a3u.a(eerd_byte.o)

.debug_line     0x00000000     0x3800
 *(.debug_line .debug_line.* .debug_line_end)
 .debug_line    0x00000000      0x39d C:/Program Files (x86)/Atmel/Studio/7.0/Packs/atmel/XMEGAA_DFP/1.1.68/gcc/dev/atxmega256a3u/avrxmega6/crtatxmega256a3u.o
 .debug_line    0x0000039d      0x244 clksys_driver.o
 .debug_line    0x000005e1      0x431 DataInSlave.o
 .debug_line    0x00000a12      0x344 H2A_SECOM_MotorDriver.o
 .debug_line    0x00000d56      0x4c0 md_9dof.o
 .debug_line    0x00001216     0x1321 md_core_analog.o
 .debug_line    0x00002537      0x1cf md_readbussensors.o
 .debug_line    0x00002706      0x7f5 md_serial.o
 .debug_line    0x00002efb      0x196 md_ticktimer.o
 .debug_line    0x00003091      0x3f9 util.o
 .debug_line    0x0000348a       0x8d C:/Program Files (x86)/Atmel/Studio/7.0/Packs/atmel/XMEGAA_DFP/1.1.68/gcc/dev/atxmega256a3u/avrxmega6\libatxmega256a3u.a(eerd_block.o)
 .debug_line    0x00003517       0xa5 C:/Program Files (x86)/Atmel/Studio/7.0/Packs/atmel/XMEGAA_DFP/1.1.68/gcc/dev/atxmega256a3u/avrxmega6\libatxmega256a3u.a(eeupd_block.o)
 .debug_line    0x000035bc       0x80 C:/Program Files (x86)/Atmel/Studio/7.0/Packs/atmel/XMEGAA_DFP/1.1.68/gcc/dev/atxmega256a3u/avrxmega6\libatxmega256a3u.a(eeupd_byte.o)
 .debug_line    0x0000363c      0x11b C:/Program Files (x86)/Atmel/Studio/7.0/Packs/atmel/XMEGAA_DFP/1.1.68/gcc/dev/atxmega256a3u/avrxmega6\libatxmega256a3u.a(eewr_byte.o)
 .debug_line    0x00003757       0xa9 C:/Program Files (x86)/Atmel/Studio/7.0/Packs/atmel/XMEGAA_DFP/1.1.68/gcc/dev/atxmega256a3u/avrxmega6\libatxmega256a3u.a(eerd_byte.o)

.debug_frame    0x00000000     0x1314
 *(.debug_frame)
 .debug_frame   0x00000000       0xdc clksys_driver.o
 .debug_frame   0x000000dc      0x1dc DataInSlave.o
 .debug_frame   0x000002b8       0x24 H2A_SECOM_MotorDriver.o
 .debug_frame   0x000002dc      0x170 md_9dof.o
 .debug_frame   0x0000044c      0x9d8 md_core_analog.o
 .debug_frame   0x00000e24       0xac md_readbussensors.o
 .debug_frame   0x00000ed0      0x2bc md_serial.o
 .debug_frame   0x0000118c       0x44 md_ticktimer.o
 .debug_frame   0x000011d0      0x144 util.o

.debug_str      0x00000000     0x6031
 *(.debug_str)
 .debug_str     0x00000000     0x223b C:/Program Files (x86)/Atmel/Studio/7.0/Packs/atmel/XMEGAA_DFP/1.1.68/gcc/dev/atxmega256a3u/avrxmega6/crtatxmega256a3u.o
 .debug_str     0x0000223b      0x7d8 clksys_driver.o
                                0x81d (size before relaxing)
 .debug_str     0x00002a13      0x2bf DataInSlave.o
                                0x498 (size before relaxing)
 .debug_str     0x00002cd2      0x33f H2A_SECOM_MotorDriver.o
                                0x7b9 (size before relaxing)
 .debug_str     0x00003011       0xdc md_9dof.o
                                0x3d9 (size before relaxing)
 .debug_str     0x000030ed     0x261e md_core_analog.o
                               0x2a5e (size before relaxing)
 .debug_str     0x0000570b       0xaa md_readbussensors.o
                                0x2d5 (size before relaxing)
 .debug_str     0x000057b5      0x3ae md_serial.o
                                0x888 (size before relaxing)
 .debug_str     0x00005b63       0x2f md_ticktimer.o
                                0x501 (size before relaxing)
 .debug_str     0x00005b92      0x49f util.o
                                0x93e (size before relaxing)

.debug_loc      0x00000000     0x5db3
 *(.debug_loc)
 .debug_loc     0x00000000      0x2cf clksys_driver.o
 .debug_loc     0x000002cf      0x9c3 DataInSlave.o
 .debug_loc     0x00000c92      0x17c H2A_SECOM_MotorDriver.o
 .debug_loc     0x00000e0e      0x9b9 md_9dof.o
 .debug_loc     0x000017c7     0x331d md_core_analog.o
 .debug_loc     0x00004ae4      0x28a md_readbussensors.o
 .debug_loc     0x00004d6e      0xa37 md_serial.o
 .debug_loc     0x000057a5       0x76 md_ticktimer.o
 .debug_loc     0x0000581b      0x598 util.o

.debug_macinfo
 *(.debug_macinfo)

.debug_weaknames
 *(.debug_weaknames)

.debug_funcnames
 *(.debug_funcnames)

.debug_typenames
 *(.debug_typenames)

.debug_varnames
 *(.debug_varnames)

.debug_pubtypes
 *(.debug_pubtypes)

.debug_ranges   0x00000000      0x380
 *(.debug_ranges)
 .debug_ranges  0x00000000       0x58 clksys_driver.o
 .debug_ranges  0x00000058       0x68 DataInSlave.o
 .debug_ranges  0x000000c0       0x10 H2A_SECOM_MotorDriver.o
 .debug_ranges  0x000000d0       0x50 md_9dof.o
 .debug_ranges  0x00000120      0x100 md_core_analog.o
 .debug_ranges  0x00000220       0x40 md_readbussensors.o
 .debug_ranges  0x00000260       0xb8 md_serial.o
 .debug_ranges  0x00000318       0x20 md_ticktimer.o
 .debug_ranges  0x00000338       0x48 util.o

.debug_macro
 *(.debug_macro)
OUTPUT(H2A_SECOM_MotorDriver_6_2(3).elf elf32-avr)
LOAD linker stubs
