Archive member included because of file (symbol)

c:/program files (x86)/atmel/atmel toolchain/avr8 gcc/native/3.4.1056/avr8-gnu-toolchain/bin/../lib/gcc/avr/4.8.1/../../../../avr/lib/avrxmega6\libm.a(addsf3.o)
                              md_core_analog.o (__subsf3)
c:/program files (x86)/atmel/atmel toolchain/avr8 gcc/native/3.4.1056/avr8-gnu-toolchain/bin/../lib/gcc/avr/4.8.1/../../../../avr/lib/avrxmega6\libm.a(addsf3x.o)
                              c:/program files (x86)/atmel/atmel toolchain/avr8 gcc/native/3.4.1056/avr8-gnu-toolchain/bin/../lib/gcc/avr/4.8.1/../../../../avr/lib/avrxmega6\libm.a(addsf3.o) (__addsf3x)
c:/program files (x86)/atmel/atmel toolchain/avr8 gcc/native/3.4.1056/avr8-gnu-toolchain/bin/../lib/gcc/avr/4.8.1/../../../../avr/lib/avrxmega6\libm.a(cmpsf2.o)
                              md_core_analog.o (__ltsf2)
c:/program files (x86)/atmel/atmel toolchain/avr8 gcc/native/3.4.1056/avr8-gnu-toolchain/bin/../lib/gcc/avr/4.8.1/../../../../avr/lib/avrxmega6\libm.a(divsf3.o)
                              md_core_analog.o (__divsf3)
c:/program files (x86)/atmel/atmel toolchain/avr8 gcc/native/3.4.1056/avr8-gnu-toolchain/bin/../lib/gcc/avr/4.8.1/../../../../avr/lib/avrxmega6\libm.a(divsf3x.o)
                              c:/program files (x86)/atmel/atmel toolchain/avr8 gcc/native/3.4.1056/avr8-gnu-toolchain/bin/../lib/gcc/avr/4.8.1/../../../../avr/lib/avrxmega6\libm.a(divsf3.o) (__divsf3x)
c:/program files (x86)/atmel/atmel toolchain/avr8 gcc/native/3.4.1056/avr8-gnu-toolchain/bin/../lib/gcc/avr/4.8.1/../../../../avr/lib/avrxmega6\libm.a(fixsfsi.o)
                              md_core_analog.o (__fixsfsi)
c:/program files (x86)/atmel/atmel toolchain/avr8 gcc/native/3.4.1056/avr8-gnu-toolchain/bin/../lib/gcc/avr/4.8.1/../../../../avr/lib/avrxmega6\libm.a(fixunssfsi.o)
                              c:/program files (x86)/atmel/atmel toolchain/avr8 gcc/native/3.4.1056/avr8-gnu-toolchain/bin/../lib/gcc/avr/4.8.1/../../../../avr/lib/avrxmega6\libm.a(fixsfsi.o) (__fixunssfsi)
c:/program files (x86)/atmel/atmel toolchain/avr8 gcc/native/3.4.1056/avr8-gnu-toolchain/bin/../lib/gcc/avr/4.8.1/../../../../avr/lib/avrxmega6\libm.a(floatdisf.o)
                              md_core_analog.o (__floatdisf)
c:/program files (x86)/atmel/atmel toolchain/avr8 gcc/native/3.4.1056/avr8-gnu-toolchain/bin/../lib/gcc/avr/4.8.1/../../../../avr/lib/avrxmega6\libm.a(floatsisf.o)
                              md_core_analog.o (__floatunsisf)
c:/program files (x86)/atmel/atmel toolchain/avr8 gcc/native/3.4.1056/avr8-gnu-toolchain/bin/../lib/gcc/avr/4.8.1/../../../../avr/lib/avrxmega6\libm.a(floatundisf.o)
                              c:/program files (x86)/atmel/atmel toolchain/avr8 gcc/native/3.4.1056/avr8-gnu-toolchain/bin/../lib/gcc/avr/4.8.1/../../../../avr/lib/avrxmega6\libm.a(floatdisf.o) (__fp_di2sf)
c:/program files (x86)/atmel/atmel toolchain/avr8 gcc/native/3.4.1056/avr8-gnu-toolchain/bin/../lib/gcc/avr/4.8.1/../../../../avr/lib/avrxmega6\libm.a(fp_cmp.o)
                              c:/program files (x86)/atmel/atmel toolchain/avr8 gcc/native/3.4.1056/avr8-gnu-toolchain/bin/../lib/gcc/avr/4.8.1/../../../../avr/lib/avrxmega6\libm.a(cmpsf2.o) (__fp_cmp)
c:/program files (x86)/atmel/atmel toolchain/avr8 gcc/native/3.4.1056/avr8-gnu-toolchain/bin/../lib/gcc/avr/4.8.1/../../../../avr/lib/avrxmega6\libm.a(fp_inf.o)
                              c:/program files (x86)/atmel/atmel toolchain/avr8 gcc/native/3.4.1056/avr8-gnu-toolchain/bin/../lib/gcc/avr/4.8.1/../../../../avr/lib/avrxmega6\libm.a(addsf3x.o) (__fp_inf)
c:/program files (x86)/atmel/atmel toolchain/avr8 gcc/native/3.4.1056/avr8-gnu-toolchain/bin/../lib/gcc/avr/4.8.1/../../../../avr/lib/avrxmega6\libm.a(fp_nan.o)
                              c:/program files (x86)/atmel/atmel toolchain/avr8 gcc/native/3.4.1056/avr8-gnu-toolchain/bin/../lib/gcc/avr/4.8.1/../../../../avr/lib/avrxmega6\libm.a(addsf3x.o) (__fp_nan)
c:/program files (x86)/atmel/atmel toolchain/avr8 gcc/native/3.4.1056/avr8-gnu-toolchain/bin/../lib/gcc/avr/4.8.1/../../../../avr/lib/avrxmega6\libm.a(fp_negdi.o)
                              c:/program files (x86)/atmel/atmel toolchain/avr8 gcc/native/3.4.1056/avr8-gnu-toolchain/bin/../lib/gcc/avr/4.8.1/../../../../avr/lib/avrxmega6\libm.a(floatdisf.o) (__fp_negdi)
c:/program files (x86)/atmel/atmel toolchain/avr8 gcc/native/3.4.1056/avr8-gnu-toolchain/bin/../lib/gcc/avr/4.8.1/../../../../avr/lib/avrxmega6\libm.a(fp_pscA.o)
                              c:/program files (x86)/atmel/atmel toolchain/avr8 gcc/native/3.4.1056/avr8-gnu-toolchain/bin/../lib/gcc/avr/4.8.1/../../../../avr/lib/avrxmega6\libm.a(addsf3x.o) (__fp_pscA)
c:/program files (x86)/atmel/atmel toolchain/avr8 gcc/native/3.4.1056/avr8-gnu-toolchain/bin/../lib/gcc/avr/4.8.1/../../../../avr/lib/avrxmega6\libm.a(fp_pscB.o)
[...]
Memory Configuration

Name             Origin             Length             Attributes
text             0x00000000         0x00100000         xr
data             0x00802000         0x0000ffa0         rw !x
eeprom           0x00810000         0x00010000         rw !x
fuse             0x00820000         0x00000400         rw !x
lock             0x00830000         0x00000400         rw !x
signature        0x00840000         0x00000400         rw !x
user_signatures  0x00850000         0x00000400         rw !x
*default*        0x00000000         0xffffffff

Linker script and memory map

LOAD c:/program files (x86)/atmel/atmel toolchain/avr8 gcc/native/3.4.1056/avr8-gnu-toolchain/bin/../lib/gcc/avr/4.8.1/../../../../avr/lib/avrxmega6/crtx256a3u.o
LOAD clksys_driver.o
LOAD DataInSlave.o
LOAD H2A_SECOM_MotorDriver.o
LOAD md_core_analog.o
LOAD md_fccomm.o
LOAD md_readbussensors.o
LOAD md_serial.o
LOAD md_ticktimer.o
LOAD util.o
START GROUP
LOAD c:/program files (x86)/atmel/atmel toolchain/avr8 gcc/native/3.4.1056/avr8-gnu-toolchain/bin/../lib/gcc/avr/4.8.1/../../../../avr/lib/avrxmega6\libm.a
END GROUP
LOAD c:/program files (x86)/atmel/atmel toolchain/avr8 gcc/native/3.4.1056/avr8-gnu-toolchain/bin/../lib/gcc/avr/4.8.1/../../../../avr/lib/avrxmega6\libprintf_flt.a
LOAD c:/program files (x86)/atmel/atmel toolchain/avr8 gcc/native/3.4.1056/avr8-gnu-toolchain/bin/../lib/gcc/avr/4.8.1/../../../../avr/lib/avrxmega6\libm.a
START GROUP
LOAD c:/program files (x86)/atmel/atmel toolchain/avr8 gcc/native/3.4.1056/avr8-gnu-toolchain/bin/../lib/gcc/avr/4.8.1/avrxmega6\libgcc.a
LOAD c:/program files (x86)/atmel/atmel toolchain/avr8 gcc/native/3.4.1056/avr8-gnu-toolchain/bin/../lib/gcc/avr/4.8.1/../../../../avr/lib/avrxmega6\libm.a
LOAD c:/program files (x86)/atmel/atmel toolchain/avr8 gcc/native/3.4.1056/avr8-gnu-toolchain/bin/../lib/gcc/avr/4.8.1/../../../../avr/lib/avrxmega6\libc.a
END GROUP

.hash
 *(.hash)

.dynsym
 *(.dynsym)

.dynstr
 *(.dynstr)

.gnu.version
 *(.gnu.version)

.gnu.version_d
 *(.gnu.version_d)

.gnu.version_r
 *(.gnu.version_r)

.rel.init
 *(.rel.init)

.rela.init
 *(.rela.init)

.rel.text
 *(.rel.text)
 *(.rel.text.*)
 *(.rel.gnu.linkonce.t*)

.rela.text
 *(.rela.text)
 *(.rela.text.*)
 *(.rela.gnu.linkonce.t*)

.rel.fini
 *(.rel.fini)

.rela.fini
 *(.rela.fini)

.rel.rodata
 *(.rel.rodata)
 *(.rel.rodata.*)
 *(.rel.gnu.linkonce.r*)

.rela.rodata
 *(.rela.rodata)
 *(.rela.rodata.*)
 *(.rela.gnu.linkonce.r*)

.rel.data
 *(.rel.data)
 *(.rel.data.*)
 *(.rel.gnu.linkonce.d*)

.rela.data
 *(.rela.data)
 *(.rela.data.*)
 *(.rela.gnu.linkonce.d*)

.rel.ctors
 *(.rel.ctors)

.rela.ctors
 *(.rela.ctors)

.rel.dtors
 *(.rel.dtors)

.rela.dtors
 *(.rela.dtors)

.rel.got
 *(.rel.got)

.rela.got
 *(.rela.got)

.rel.bss
 *(.rel.bss)

.rela.bss
 *(.rela.bss)

.rel.plt
 *(.rel.plt)

.rela.plt
 *(.rela.plt)

.text           0x00000000     0x74a8
 *(.vectors)
 .vectors       0x00000000      0x1fc c:/program files (x86)/atmel/atmel toolchain/avr8 gcc/native/3.4.1056/avr8-gnu-toolchain/bin/../lib/gcc/avr/4.8.1/../../../../avr/lib/avrxmega6/crtx256a3u.o
                0x00000000                __vector_default
                0x00000000                __vectors
 *(.vectors)
 *(.progmem.gcc*)
                0x000001fc                . = ALIGN (0x2)
                0x000001fc                __trampolines_start = .
 *(.trampolines)
 .trampolines   0x000001fc       0x68 linker stubs
 *(.trampolines*)
                0x00000264                __trampolines_end = .
 *(.progmem*)
 .progmem.data  0x00000264        0x8 c:/program files (x86)/atmel/atmel toolchain/avr8 gcc/native/3.4.1056/avr8-gnu-toolchain/bin/../lib/gcc/avr/4.8.1/../../../../avr/lib/avrxmega6\libprintf_flt.a(vfprintf_flt.o)
 .progmem.data  0x0000026c       0xfa c:/program files (x86)/atmel/atmel toolchain/avr8 gcc/native/3.4.1056/avr8-gnu-toolchain/bin/../lib/gcc/avr/4.8.1/../../../../avr/lib/avrxmega6\libc.a(ftoa_engine.o)
                0x00000366                . = ALIGN (0x2)
 *(.jumptables)
 *(.jumptables*)
 *(.lowtext)
 *(.lowtext*)
                0x00000366                __ctors_start = .
 *(.ctors)
                0x00000366                __ctors_end = .
                0x00000366                __dtors_start = .
 *(.dtors)
                0x00000366                __dtors_end = .
 SORT(*)(.ctors)
 SORT(*)(.dtors)
 *(.init0)
 .init0         0x00000366        0x0 c:/program files (x86)/atmel/atmel toolchain/avr8 gcc/native/3.4.1056/avr8-gnu-toolchain/bin/../lib/gcc/avr/4.8.1/../../../../avr/lib/avrxmega6/crtx256a3u.o
                0x00000366                __init
 *(.init0)
 *(.init1)
 *(.init1)
 *(.init2)
 .init2         0x00000366       0x10 c:/program files (x86)/atmel/atmel toolchain/avr8 gcc/native/3.4.1056/avr8-gnu-toolchain/bin/../lib/gcc/avr/4.8.1/../../../../avr/lib/avrxmega6/crtx256a3u.o
 *(.init2)
 *(.init3)
 *(.init3)
 *(.init4)
 .init4         0x00000376       0x1a c:/program files (x86)/atmel/atmel toolchain/avr8 gcc/native/3.4.1056/avr8-gnu-toolchain/bin/../lib/gcc/avr/4.8.1/avrxmega6\libgcc.a(_copy_data.o)
                0x00000376                __do_copy_data
 .init4         0x00000390       0x10 c:/program files (x86)/atmel/atmel toolchain/avr8 gcc/native/3.4.1056/avr8-gnu-toolchain/bin/../lib/gcc/avr/4.8.1/avrxmega6\libgcc.a(_clear_bss.o)
                0x00000390                __do_clear_bss
 *(.init4)
 *(.init5)
 *(.init5)
 *(.init6)
 *(.init6)
 *(.init7)
 *(.init7)
 *(.init8)
 *(.init8)
 *(.init9)
 .init9         0x000003a0        0x8 c:/program files (x86)/atmel/atmel toolchain/avr8 gcc/native/3.4.1056/avr8-gnu-toolchain/bin/../lib/gcc/avr/4.8.1/../../../../avr/lib/avrxmega6/crtx256a3u.o
 *(.init9)
 *(.text)
 .text          0x000003a8        0x4 c:/program files (x86)/atmel/atmel toolchain/avr8 gcc/native/3.4.1056/avr8-gnu-toolchain/bin/../lib/gcc/avr/4.8.1/../../../../avr/lib/avrxmega6/crtx256a3u.o
                0x000003a8                __vector_38
                0x000003a8                __vector_104
                0x000003a8                __vector_22
                0x000003a8                __vector_63
                0x000003a8                __vector_28
                0x000003a8                __vector_67
                0x000003a8                __vector_1
                0x000003a8                __vector_32
                0x000003a8                __vector_75
                0x000003a8                __vector_34
                0x000003a8                __vector_62
                0x000003a8                __vector_77
                0x000003a8                __vector_102
                0x000003a8                __vector_24
                0x000003a8                __vector_12
                0x000003a8                __vector_55
                0x000003a8                __vector_69
                0x000003a8                __vector_81
                0x000003a8                __vector_46
                0x000003a8                __bad_interrupt
                0x000003a8                __vector_122
                0x000003a8                __vector_72
                0x000003a8                __vector_114
                0x000003a8                __vector_6
                0x000003a8                __vector_110
                0x000003a8                __vector_31
                0x000003a8                __vector_35
                0x000003a8                __vector_78
                0x000003a8                __vector_74
                0x000003a8                __vector_117
                0x000003a8                __vector_39
                0x000003a8                __vector_107
                0x000003a8                __vector_3
                0x000003a8                __vector_105
                0x000003a8                __vector_98
                0x000003a8                __vector_23
                0x000003a8                __vector_68
                0x000003a8                __vector_30
                0x000003a8                __vector_73
                0x000003a8                __vector_45
                0x000003a8                __vector_25
                0x000003a8                __vector_93
                0x000003a8                __vector_61
                0x000003a8                __vector_11
                0x000003a8                __vector_54
                0x000003a8                __vector_99
                0x000003a8                __vector_13
                0x000003a8                __vector_17
                0x000003a8                __vector_19
                0x000003a8                __vector_56
                0x000003a8                __vector_7
                0x000003a8                __vector_125
                0x000003a8                __vector_49
                0x000003a8                __vector_123
                0x000003a8                __vector_41
                0x000003a8                __vector_86
                0x000003a8                __vector_100
                0x000003a8                __vector_101
                0x000003a8                __vector_64
                0x000003a8                __vector_109
                0x000003a8                __vector_43
                0x000003a8                __vector_27
                0x000003a8                __vector_5
                0x000003a8                __vector_113
                0x000003a8                __vector_33
                0x000003a8                __vector_76
                0x000003a8                __vector_115
                0x000003a8                __vector_47
                0x000003a8                __vector_52
                0x000003a8                __vector_37
                0x000003a8                __vector_95
                0x000003a8                __vector_103
                0x000003a8                __vector_96
                0x000003a8                __vector_108
                0x000003a8                __vector_4
                0x000003a8                __vector_44
                0x000003a8                __vector_82
                0x000003a8                __vector_106
                0x000003a8                __vector_118
                0x000003a8                __vector_51
                0x000003a8                __vector_9
                0x000003a8                __vector_2
                0x000003a8                __vector_21
                0x000003a8                __vector_15
                0x000003a8                __vector_66
                0x000003a8                __vector_36
                0x000003a8                __vector_79
                0x000003a8                __vector_58
                0x000003a8                __vector_70
                0x000003a8                __vector_83
                0x000003a8                __vector_29
                0x000003a8                __vector_60
                0x000003a8                __vector_121
                0x000003a8                __vector_40
                0x000003a8                __vector_85
                0x000003a8                __vector_94
                0x000003a8                __vector_126
                0x000003a8                __vector_8
                0x000003a8                __vector_26
                0x000003a8                __vector_48
                0x000003a8                __vector_124
                0x000003a8                __vector_116
                0x000003a8                __vector_112
                0x000003a8                __vector_111
                0x000003a8                __vector_80
                0x000003a8                __vector_14
                0x000003a8                __vector_84
                0x000003a8                __vector_57
                0x000003a8                __vector_53
                0x000003a8                __vector_10
                0x000003a8                __vector_50
                0x000003a8                __vector_16
                0x000003a8                __vector_59
                0x000003a8                __vector_18
                0x000003a8                __vector_97
                0x000003a8                __vector_20
                0x000003a8                __vector_42
                0x000003a8                __vector_87
                0x000003a8                __vector_65
                0x000003ac                . = ALIGN (0x2)
 *(.text.*)
 .text.CCPWrite
                0x000003ac       0x2a clksys_driver.o
                0x000003ac                CCPWrite
 .text.CLKSYS_XOSC_Config
                0x000003d6       0x14 clksys_driver.o
                0x000003d6                CLKSYS_XOSC_Config
 .text.CLKSYS_PLL_Config
                0x000003ea        0xc clksys_driver.o
                0x000003ea                CLKSYS_PLL_Config
 .text.CLKSYS_Disable
                0x000003f6       0x14 clksys_driver.o
                0x000003f6                CLKSYS_Disable
 .text.CLKSYS_Main_ClockSource_Select
                0x0000040a       0x26 clksys_driver.o
                0x0000040a                CLKSYS_Main_ClockSource_Select
 .text.InitSlave
                0x00000430       0x2a DataInSlave.o
                0x00000430                InitSlave
 .text.AddSlaveOwnSensor
                0x0000045a       0x9e DataInSlave.o
                0x0000045a                AddSlaveOwnSensor
 .text.AddWantedSensor
                0x000004f8       0x82 DataInSlave.o
                0x000004f8                AddWantedSensor
 .text.HandleSnapshot
                0x0000057a       0x4c DataInSlave.o
                0x0000057a                HandleSnapshot
 .text.HandleCmdS.constprop.1
                0x000005c6      0x15c DataInSlave.o
 .text.SendLineRS485
                0x00000722       0x22 DataInSlave.o
                0x00000722                SendLineRS485
 .text.ReadLineRS45
                0x00000744       0x66 DataInSlave.o
                0x00000744                ReadLineRS45
 .text.ScanDataInSlave
                0x000007aa      0x396 DataInSlave.o
                0x000007aa                ScanDataInSlave
 .text.startup.main
                0x00000b40      0x212 H2A_SECOM_MotorDriver.o
                0x00000b40                main
 .text.CoreAnalogTakeSnapshot485
                0x00000d52        0xc md_core_analog.o
 .text.GetCruiseControlButtonStatus
                0x00000d5e       0x82 md_core_analog.o
 .text.GetFullPowerButtonStatus
                0x00000de0       0x82 md_core_analog.o
 .text.GetMotorDriverTemp
                0x00000e62       0x70 md_core_analog.o
 .text.GetDiodeStatus
                0x00000ed2       0x84 md_core_analog.o
 .text.GetTimeSnapshot
                0x00000f56       0x70 md_core_analog.o
 .text.GetSupercapEnergy
                0x00000fc6       0xec md_core_analog.o
 .text.GetSupercapPower
                0x000010b2       0xdc md_core_analog.o
 .text.GetSupercapCurrent
                0x0000118e       0xb4 md_core_analog.o
 .text.GetSupercapVoltage
                0x00001242       0xb4 md_core_analog.o
 .text.GetFuelCellEnergy
                0x000012f6       0xec md_core_analog.o
 .text.GetFuelCellPower
                0x000013e2       0xdc md_core_analog.o
 .text.GetFuelCellCurrent
                0x000014be       0xb4 md_core_analog.o
 .text.GetFuelCellVoltage
                0x00001572       0xb4 md_core_analog.o
 .text.GetMotorCurrent
                0x00001626       0x7c md_core_analog.o
 .text.GetMotorVoltage
                0x000016a2       0xb4 md_core_analog.o
 .text.GetWheelDistance
                0x00001756       0x70 md_core_analog.o
 .text.GetWheelSpeedEVA
                0x000017c6       0xba md_core_analog.o
 .text.GetWheelSpeedH2A
                0x00001880       0xba md_core_analog.o
 .text.InitCoreAnalog
                0x0000193a      0x550 md_core_analog.o
                0x0000193a                InitCoreAnalog
 .text.CalibrateChannel
                0x00001e8a      0x964 md_core_analog.o
                0x00001e8a                CalibrateChannel
 .text.TakeSnapshot
                0x000027ee        0x8 md_core_analog.o
                0x000027ee                TakeSnapshot
 .text.GetSessionCycleCount
                0x000027f6       0x3a md_core_analog.o
                0x000027f6                GetSessionCycleCount
 .text.PrintCSV_H2A
                0x00002830      0xfc4 md_core_analog.o
                0x00002830                PrintCSV_H2A
 .text.PrintCSV_EVA
                0x000037f4      0x9d4 md_core_analog.o
                0x000037f4                PrintCSV_EVA
 .text.PrintResetHeader
                0x000041c8       0x58 md_core_analog.o
                0x000041c8                PrintResetHeader
 .text.__vector_71
                0x00004220      0xd96 md_core_analog.o
                0x00004220                __vector_71
 .text.FCTakeSnapshot485
                0x00004fb6       0x18 md_fccomm.o
 .text.GetFCTemperature
                0x00004fce       0x6c md_fccomm.o
 .text.InitFCComm
                0x0000503a       0x14 md_fccomm.o
                0x0000503a                InitFCComm
 .text.FCTakeSnapshot
                0x0000504e       0x14 md_fccomm.o
                0x0000504e                FCTakeSnapshot
 .text.FCPrintDataCSV
                0x00005062       0xac md_fccomm.o
                0x00005062                FCPrintDataCSV
 .text.DecodeZBTMessage
                0x0000510e       0xa4 md_fccomm.o
                0x0000510e                DecodeZBTMessage
 .text.ProcessFCComm
                0x000051b2       0xe8 md_fccomm.o
                0x000051b2                ProcessFCComm
 .text.CopySensorData
                0x0000529a       0x36 md_readbussensors.o
 .text.AcceptDataGPSPosition
                0x000052d0        0xe md_readbussensors.o
 .text.AcceptDataGPSDirection
                0x000052de        0xe md_readbussensors.o
 .text.AcceptDataGPSSpeed
                0x000052ec        0xe md_readbussensors.o
 .text.AcceptDataGPSTime
                0x000052fa        0xe md_readbussensors.o
 .text.InitReadBussensors
                0x00005308       0x30 md_readbussensors.o
                0x00005308                InitReadBussensors
 .text.PrintBussensors
                0x00005338       0x3c md_readbussensors.o
                0x00005338                PrintBussensors
 .text.InitSerial
                0x00005374       0xbc md_serial.o
                0x00005374                InitSerial
 .text.CanRead_Comm485
                0x00005430       0x12 md_serial.o
                0x00005430                CanRead_Comm485
 .text.ReadByte_Comm485
                0x00005442       0x2a md_serial.o
                0x00005442                ReadByte_Comm485
 .text.CanWrite_Comm485
                0x0000546c       0x1e md_serial.o
                0x0000546c                CanWrite_Comm485
 .text.WriteByte_Comm485
                0x0000548a       0x7c md_serial.o
                0x0000548a                WriteByte_Comm485
 .text.CanRead_Ctrl
                0x00005506       0x12 md_serial.o
                0x00005506                CanRead_Ctrl
 .text.ReadByte_Ctrl
                0x00005518       0x2a md_serial.o
                0x00005518                ReadByte_Ctrl
 .text.CanWrite_Ctrl
                0x00005542       0x1e md_serial.o
                0x00005542                CanWrite_Ctrl
 .text.WriteByte_Ctrl
                0x00005560       0x4e md_serial.o
                0x00005560                WriteByte_Ctrl
 .text.Ctrl_putchar
                0x000055ae       0x60 md_serial.o
 .text.CanRead_FC
                0x0000560e       0x12 md_serial.o
                0x0000560e                CanRead_FC
 .text.ReadByte_FC
                0x00005620       0x2a md_serial.o
                0x00005620                ReadByte_FC
 .text.__vector_88
                0x0000564a       0x50 md_serial.o
                0x0000564a                __vector_88
 .text.__vector_89
                0x0000569a       0x60 md_serial.o
                0x0000569a                __vector_89
 .text.__vector_90
                0x000056fa       0x3a md_serial.o
                0x000056fa                __vector_90
 .text.__vector_91
                0x00005734       0x50 md_serial.o
                0x00005734                __vector_91
 .text.__vector_92
                0x00005784       0x60 md_serial.o
                0x00005784                __vector_92
 .text.__vector_119
                0x000057e4       0x50 md_serial.o
                0x000057e4                __vector_119
 .text.__vector_120
                0x00005834       0x60 md_serial.o
                0x00005834                __vector_120
 .text.InitTimer
                0x00005894       0x20 md_ticktimer.o
                0x00005894                InitTimer
 .text.GetTicks
                0x000058b4        0xa md_ticktimer.o
                0x000058b4                GetTicks
 .text.BusyWaitTillAfter
                0x000058be       0x28 md_ticktimer.o
                0x000058be                BusyWaitTillAfter
 .text.GetBusID
                0x000058e6       0x22 util.o
                0x000058e6                GetBusID
 .text.PrintBoardType
                0x00005908       0x3a util.o
                0x00005908                PrintBoardType
 .text.PrintProcessorID
                0x00005942       0x86 util.o
                0x00005942                PrintProcessorID
 .text.TryReadEEPROM
                0x000059c8       0xa4 util.o
                0x000059c8                TryReadEEPROM
 .text.UpdateEEPROM
                0x00005a6c       0x64 util.o
                0x00005a6c                UpdateEEPROM
 .text.ReadCalibrationByte
                0x00005ad0       0x18 util.o
                0x00005ad0                ReadCalibrationByte
 .text.InitUtil
                0x00005ae8       0x84 util.o
                0x00005ae8                InitUtil
 .text.avr-libc.fplib
                0x00005b6c        0xa c:/program files (x86)/atmel/atmel toolchain/avr8 gcc/native/3.4.1056/avr8-gnu-toolchain/bin/../lib/gcc/avr/4.8.1/../../../../avr/lib/avrxmega6\libm.a(addsf3.o)
                0x00005b6c                __subsf3
                0x00005b6e                __addsf3
 .text.avr-libc.fplib
                0x00005b76       0xc0 c:/program files (x86)/atmel/atmel toolchain/avr8 gcc/native/3.4.1056/avr8-gnu-toolchain/bin/../lib/gcc/avr/4.8.1/../../../../avr/lib/avrxmega6\libm.a(addsf3x.o)
                0x00005b90                __addsf3x
 .text.avr-libc.fplib
                0x00005c36        0x8 c:/program files (x86)/atmel/atmel toolchain/avr8 gcc/native/3.4.1056/avr8-gnu-toolchain/bin/../lib/gcc/avr/4.8.1/../../../../avr/lib/avrxmega6\libm.a(cmpsf2.o)
                0x00005c36                __nesf2
                0x00005c36                __eqsf2
                0x00005c36                __cmpsf2
                0x00005c36                __ltsf2
                0x00005c36                __lesf2
 .text.avr-libc.fplib
                0x00005c3e        0x4 c:/program files (x86)/atmel/atmel toolchain/avr8 gcc/native/3.4.1056/avr8-gnu-toolchain/bin/../lib/gcc/avr/4.8.1/../../../../avr/lib/avrxmega6\libm.a(divsf3.o)
                0x00005c3e                __divsf3
 .text.avr-libc.fplib
                0x00005c42       0xcc c:/program files (x86)/atmel/atmel toolchain/avr8 gcc/native/3.4.1056/avr8-gnu-toolchain/bin/../lib/gcc/avr/4.8.1/../../../../avr/lib/avrxmega6\libm.a(divsf3x.o)
                0x00005c58                __divsf3x
                0x00005c5c                __divsf3_pse
 .text.avr-libc.fplib
                0x00005d0e        0xa c:/program files (x86)/atmel/atmel toolchain/avr8 gcc/native/3.4.1056/avr8-gnu-toolchain/bin/../lib/gcc/avr/4.8.1/../../../../avr/lib/avrxmega6\libm.a(fixsfsi.o)
                0x00005d0e                __fixsfsi
 .text.avr-libc.fplib
                0x00005d18       0x58 c:/program files (x86)/atmel/atmel toolchain/avr8 gcc/native/3.4.1056/avr8-gnu-toolchain/bin/../lib/gcc/avr/4.8.1/../../../../avr/lib/avrxmega6\libm.a(fixunssfsi.o)
                0x00005d18                __fixunssfsi
 .text.avr-libc.fplib
                0x00005d70        0x8 c:/program files (x86)/atmel/atmel toolchain/avr8 gcc/native/3.4.1056/avr8-gnu-toolchain/bin/../lib/gcc/avr/4.8.1/../../../../avr/lib/avrxmega6\libm.a(floatdisf.o)
                0x00005d70                __floatdisf
 .text.avr-libc.fplib
                0x00005d78       0x7a c:/program files (x86)/atmel/atmel toolchain/avr8 gcc/native/3.4.1056/avr8-gnu-toolchain/bin/../lib/gcc/avr/4.8.1/../../../../avr/lib/avrxmega6\libm.a(floatsisf.o)
                0x00005d78                __floatunsisf
                0x00005d7c                __floatsisf
 .text.avr-libc.fplib
                0x00005df2       0x7c c:/program files (x86)/atmel/atmel toolchain/avr8 gcc/native/3.4.1056/avr8-gnu-toolchain/bin/../lib/gcc/avr/4.8.1/../../../../avr/lib/avrxmega6\libm.a(floatundisf.o)
                0x00005df2                __floatundisf
                0x00005df4                __fp_di2sf
 .text.avr-libc.fplib
                0x00005e6e       0x48 c:/program files (x86)/atmel/atmel toolchain/avr8 gcc/native/3.4.1056/avr8-gnu-toolchain/bin/../lib/gcc/avr/4.8.1/../../../../avr/lib/avrxmega6\libm.a(fp_cmp.o)
                0x00005e6e                __fp_cmp
 .text.avr-libc.fplib
                0x00005eb6        0xc c:/program files (x86)/atmel/atmel toolchain/avr8 gcc/native/3.4.1056/avr8-gnu-toolchain/bin/../lib/gcc/avr/4.8.1/../../../../avr/lib/avrxmega6\libm.a(fp_inf.o)
                0x00005eb6                __fp_inf
 .text.avr-libc.fplib
                0x00005ec2        0x6 c:/program files (x86)/atmel/atmel toolchain/avr8 gcc/native/3.4.1056/avr8-gnu-toolchain/bin/../lib/gcc/avr/4.8.1/../../../../avr/lib/avrxmega6\libm.a(fp_nan.o)
                0x00005ec2                __fp_nan
 .text.avr-libc.fplib
                0x00005ec8       0x20 c:/program files (x86)/atmel/atmel toolchain/avr8 gcc/native/3.4.1056/avr8-gnu-toolchain/bin/../lib/gcc/avr/4.8.1/../../../../avr/lib/avrxmega6\libm.a(fp_negdi.o)
                0x00005ec8                __fp_negdi
 .text.avr-libc.fplib
                0x00005ee8        0xe c:/program files (x86)/atmel/atmel toolchain/avr8 gcc/native/3.4.1056/avr8-gnu-toolchain/bin/../lib/gcc/avr/4.8.1/../../../../avr/lib/avrxmega6\libm.a(fp_pscA.o)
                0x00005ee8                __fp_pscA
 .text.avr-libc.fplib
                0x00005ef6        0xe c:/program files (x86)/atmel/atmel toolchain/avr8 gcc/native/3.4.1056/avr8-gnu-toolchain/bin/../lib/gcc/avr/4.8.1/../../../../avr/lib/avrxmega6\libm.a(fp_pscB.o)
                0x00005ef6                __fp_pscB
 .text.avr-libc.fplib
                0x00005f04       0x22 c:/program files (x86)/atmel/atmel toolchain/avr8 gcc/native/3.4.1056/avr8-gnu-toolchain/bin/../lib/gcc/avr/4.8.1/../../../../avr/lib/avrxmega6\libm.a(fp_round.o)
                0x00005f04                __fp_round
 .text.avr-libc.fplib
                0x00005f26       0x44 c:/program files (x86)/atmel/atmel toolchain/avr8 gcc/native/3.4.1056/avr8-gnu-toolchain/bin/../lib/gcc/avr/4.8.1/../../../../avr/lib/avrxmega6\libm.a(fp_split3.o)
                0x00005f26                __fp_split3
                0x00005f36                __fp_splitA
 .text.avr-libc.fplib
                0x00005f6a        0xe c:/program files (x86)/atmel/atmel toolchain/avr8 gcc/native/3.4.1056/avr8-gnu-toolchain/bin/../lib/gcc/avr/4.8.1/../../../../avr/lib/avrxmega6\libm.a(fp_zero.o)
                0x00005f6a                __fp_zero
                0x00005f6c                __fp_szero
 .text.avr-libc.fplib
                0x00005f78        0x4 c:/program files (x86)/atmel/atmel toolchain/avr8 gcc/native/3.4.1056/avr8-gnu-toolchain/bin/../lib/gcc/avr/4.8.1/../../../../avr/lib/avrxmega6\libm.a(mulsf3.o)
                0x00005f78                __mulsf3
 .text.avr-libc.fplib
                0x00005f7c       0xc2 c:/program files (x86)/atmel/atmel toolchain/avr8 gcc/native/3.4.1056/avr8-gnu-toolchain/bin/../lib/gcc/avr/4.8.1/../../../../avr/lib/avrxmega6\libm.a(mulsf3x.o)
                0x00005f90                __mulsf3x
                0x00005f94                __mulsf3_pse
 .text.avr-libc.fplib
                0x0000603e       0x40 c:/program files (x86)/atmel/atmel toolchain/avr8 gcc/native/3.4.1056/avr8-gnu-toolchain/bin/../lib/gcc/avr/4.8.1/../../../../avr/lib/avrxmega6\libm.a(round.o)
                0x0000603e                round
 .text.avr-libc.fplib
                0x0000607e       0x36 c:/program files (x86)/atmel/atmel toolchain/avr8 gcc/native/3.4.1056/avr8-gnu-toolchain/bin/../lib/gcc/avr/4.8.1/../../../../avr/lib/avrxmega6\libm.a(fp_mintl.o)
                0x0000607e                __fp_mintl
 .text.avr-libc.fplib
                0x000060b4       0x1c c:/program files (x86)/atmel/atmel toolchain/avr8 gcc/native/3.4.1056/avr8-gnu-toolchain/bin/../lib/gcc/avr/4.8.1/../../../../avr/lib/avrxmega6\libm.a(fp_mpack.o)
                0x000060b4                __fp_mpack
                0x000060b8                __fp_mpack_finite
 .text.avr-libc
                0x000060d0      0x73c c:/program files (x86)/atmel/atmel toolchain/avr8 gcc/native/3.4.1056/avr8-gnu-toolchain/bin/../lib/gcc/avr/4.8.1/../../../../avr/lib/avrxmega6\libprintf_flt.a(vfprintf_flt.o)
                0x000060d0                vfprintf
 .text.libgcc.mul
                0x0000680c       0x10 c:/program files (x86)/atmel/atmel toolchain/avr8 gcc/native/3.4.1056/avr8-gnu-toolchain/bin/../lib/gcc/avr/4.8.1/avrxmega6\libgcc.a(_mulhisi3.o)
                0x0000680c                __mulhisi3
 .text.libgcc.mul
                0x0000681c       0x1e c:/program files (x86)/atmel/atmel toolchain/avr8 gcc/native/3.4.1056/avr8-gnu-toolchain/bin/../lib/gcc/avr/4.8.1/avrxmega6\libgcc.a(_umulhisi3.o)
                0x0000681c                __umulhisi3
 .text.libgcc.mul
                0x0000683a        0xe c:/program files (x86)/atmel/atmel toolchain/avr8 gcc/native/3.4.1056/avr8-gnu-toolchain/bin/../lib/gcc/avr/4.8.1/avrxmega6\libgcc.a(_usmulhisi3.o)
                0x0000683a                __usmulhisi3
                0x0000683e                __usmulhisi3_tail
 .text.libgcc.mul
                0x00006848       0x16 c:/program files (x86)/atmel/atmel toolchain/avr8 gcc/native/3.4.1056/avr8-gnu-toolchain/bin/../lib/gcc/avr/4.8.1/avrxmega6\libgcc.a(_muluhisi3.o)
                0x00006848                __muluhisi3
 .text.libgcc   0x0000685e       0x12 c:/program files (x86)/atmel/atmel toolchain/avr8 gcc/native/3.4.1056/avr8-gnu-toolchain/bin/../lib/gcc/avr/4.8.1/avrxmega6\libgcc.a(_adddi3.o)
                0x0000685e                __adddi3
 .text.avr-libc
                0x00006870      0x24e c:/program files (x86)/atmel/atmel toolchain/avr8 gcc/native/3.4.1056/avr8-gnu-toolchain/bin/../lib/gcc/avr/4.8.1/../../../../avr/lib/avrxmega6\libc.a(malloc.o)
                0x00006870                malloc
                0x000069a0                free
 .text.avr-libc
                0x00006abe      0x1d2 c:/program files (x86)/atmel/atmel toolchain/avr8 gcc/native/3.4.1056/avr8-gnu-toolchain/bin/../lib/gcc/avr/4.8.1/../../../../avr/lib/avrxmega6\libc.a(realloc.o)
                0x00006abe                realloc
 .text.avr-libc
                0x00006c90      0x268 c:/program files (x86)/atmel/atmel toolchain/avr8 gcc/native/3.4.1056/avr8-gnu-toolchain/bin/../lib/gcc/avr/4.8.1/../../../../avr/lib/avrxmega6\libc.a(strtol.o)
                0x00006c90                strtol
 .text.avr-libc
                0x00006ef8      0x1b0 c:/program files (x86)/atmel/atmel toolchain/avr8 gcc/native/3.4.1056/avr8-gnu-toolchain/bin/../lib/gcc/avr/4.8.1/../../../../avr/lib/avrxmega6\libc.a(ftoa_engine.o)
                0x00006ef8                __ftoa_engine
 .text.avr-libc
                0x000070a8       0x10 c:/program files (x86)/atmel/atmel toolchain/avr8 gcc/native/3.4.1056/avr8-gnu-toolchain/bin/../lib/gcc/avr/4.8.1/../../../../avr/lib/avrxmega6\libc.a(isspace.o)
                0x000070a8                isspace
 .text.avr-libc
                0x000070b8       0x16 c:/program files (x86)/atmel/atmel toolchain/avr8 gcc/native/3.4.1056/avr8-gnu-toolchain/bin/../lib/gcc/avr/4.8.1/../../../../avr/lib/avrxmega6\libc.a(strnlen_P.o)
                0x000070b8                strnlen_P
 .text.avr-libc
                0x000070ce       0x12 c:/program files (x86)/atmel/atmel toolchain/avr8 gcc/native/3.4.1056/avr8-gnu-toolchain/bin/../lib/gcc/avr/4.8.1/../../../../avr/lib/avrxmega6\libc.a(memcpy.o)
                0x000070ce                memcpy
 .text.avr-libc
                0x000070e0       0x1c c:/program files (x86)/atmel/atmel toolchain/avr8 gcc/native/3.4.1056/avr8-gnu-toolchain/bin/../lib/gcc/avr/4.8.1/../../../../avr/lib/avrxmega6\libc.a(strncmp.o)
                0x000070e0                strncmp
 .text.avr-libc
                0x000070fc       0x1e c:/program files (x86)/atmel/atmel toolchain/avr8 gcc/native/3.4.1056/avr8-gnu-toolchain/bin/../lib/gcc/avr/4.8.1/../../../../avr/lib/avrxmega6\libc.a(strncpy.o)
                0x000070fc                strncpy
 .text.avr-libc
                0x0000711a       0x16 c:/program files (x86)/atmel/atmel toolchain/avr8 gcc/native/3.4.1056/avr8-gnu-toolchain/bin/../lib/gcc/avr/4.8.1/../../../../avr/lib/avrxmega6\libc.a(strnlen.o)
                0x0000711a                strnlen
 .text.avr-libc
                0x00007130       0x20 c:/program files (x86)/atmel/atmel toolchain/avr8 gcc/native/3.4.1056/avr8-gnu-toolchain/bin/../lib/gcc/avr/4.8.1/../../../../avr/lib/avrxmega6\libc.a(fprintf.o)
                0x00007130                fprintf
 .text.avr-libc
                0x00007150       0x64 c:/program files (x86)/atmel/atmel toolchain/avr8 gcc/native/3.4.1056/avr8-gnu-toolchain/bin/../lib/gcc/avr/4.8.1/../../../../avr/lib/avrxmega6\libc.a(fputc.o)
                0x00007150                fputc
 .text.avr-libc
                0x000071b4       0x56 c:/program files (x86)/atmel/atmel toolchain/avr8 gcc/native/3.4.1056/avr8-gnu-toolchain/bin/../lib/gcc/avr/4.8.1/../../../../avr/lib/avrxmega6\libc.a(fputs.o)
                0x000071b4                fputs
 .text.avr-libc
                0x0000720a       0x6e c:/program files (x86)/atmel/atmel toolchain/avr8 gcc/native/3.4.1056/avr8-gnu-toolchain/bin/../lib/gcc/avr/4.8.1/../../../../avr/lib/avrxmega6\libc.a(snprintf.o)
                0x0000720a                snprintf
 .text.avr-libc
                0x00007278       0x52 c:/program files (x86)/atmel/atmel toolchain/avr8 gcc/native/3.4.1056/avr8-gnu-toolchain/bin/../lib/gcc/avr/4.8.1/../../../../avr/lib/avrxmega6\libc.a(sprintf.o)
                0x00007278                sprintf
 .text.avr-libc
                0x000072ca       0xbc c:/program files (x86)/atmel/atmel toolchain/avr8 gcc/native/3.4.1056/avr8-gnu-toolchain/bin/../lib/gcc/avr/4.8.1/../../../../avr/lib/avrxmega6\libc.a(ultoa_invert.o)
                0x000072ca                __ultoa_invert
 .text.avr-libc
                0x00007386       0x18 c:/program files (x86)/atmel/atmel toolchain/avr8 gcc/native/3.4.1056/avr8-gnu-toolchain/bin/../lib/gcc/avr/4.8.1/../../../../avr/lib/avrxmega6\libc.a(eerd_block_atxmega256a3u.o)
                0x00007386                __eerd_block_x256a3u
 .text.avr-libc
                0x0000739e       0x20 c:/program files (x86)/atmel/atmel toolchain/avr8 gcc/native/3.4.1056/avr8-gnu-toolchain/bin/../lib/gcc/avr/4.8.1/../../../../avr/lib/avrxmega6\libc.a(eeupd_block_atxmega256a3u.o)
                0x0000739e                __eeupd_block_x256a3u
 .text.avr-libc
                0x000073be       0x16 c:/program files (x86)/atmel/atmel toolchain/avr8 gcc/native/3.4.1056/avr8-gnu-toolchain/bin/../lib/gcc/avr/4.8.1/../../../../avr/lib/avrxmega6\libc.a(eeupd_byte_atxmega256a3u.o)
                0x000073be                __eeupd_byte_x256a3u
                0x000073c0                __eeupd_r18_x256a3u
 .text.avr-libc
                0x000073d4       0x46 c:/program files (x86)/atmel/atmel toolchain/avr8 gcc/native/3.4.1056/avr8-gnu-toolchain/bin/../lib/gcc/avr/4.8.1/../../../../avr/lib/avrxmega6\libc.a(eewr_byte_atxmega256a3u.o)
                0x000073d4                __eewr_byte_x256a3u
                0x000073d6                __eewr_r18_x256a3u
 .text.avr-libc
                0x0000741a       0x20 c:/program files (x86)/atmel/atmel toolchain/avr8 gcc/native/3.4.1056/avr8-gnu-toolchain/bin/../lib/gcc/avr/4.8.1/../../../../avr/lib/avrxmega6\libc.a(eerd_byte_atxmega256a3b.o)
                0x0000741a                __eerd_byte_x256a3b
                0x00007422                eeprom_mapen
 .text.avr-libc
                0x0000743a        0x6 c:/program files (x86)/atmel/atmel toolchain/avr8 gcc/native/3.4.1056/avr8-gnu-toolchain/bin/../lib/gcc/avr/4.8.1/../../../../avr/lib/avrxmega6\libc.a(cty_isfalse.o)
                0x0000743a                __ctype_isfalse
                0x0000743e                __ctype_istrue
 .text.libgcc.mul
                0x00007440       0x20 c:/program files (x86)/atmel/atmel toolchain/avr8 gcc/native/3.4.1056/avr8-gnu-toolchain/bin/../lib/gcc/avr/4.8.1/avrxmega6\libgcc.a(_mulsi3.o)
                0x00007440                __mulsi3
 .text.libgcc.div
                0x00007460       0x44 c:/program files (x86)/atmel/atmel toolchain/avr8 gcc/native/3.4.1056/avr8-gnu-toolchain/bin/../lib/gcc/avr/4.8.1/avrxmega6\libgcc.a(_udivmodsi4.o)
                0x00007460                __udivmodsi4
                0x000074a4                . = ALIGN (0x2)
 *(.fini9)
 .fini9         0x000074a4        0x0 c:/program files (x86)/atmel/atmel toolchain/avr8 gcc/native/3.4.1056/avr8-gnu-toolchain/bin/../lib/gcc/avr/4.8.1/avrxmega6\libgcc.a(_exit.o)
                0x000074a4                _exit
                0x000074a4                exit
 *(.fini9)
 *(.fini8)
 *(.fini8)
 *(.fini7)
 *(.fini7)
 *(.fini6)
 *(.fini6)
 *(.fini5)
 *(.fini5)
 *(.fini4)
 *(.fini4)
 *(.fini3)
 *(.fini3)
 *(.fini2)
 *(.fini2)
 *(.fini1)
 *(.fini1)
 *(.fini0)
 .fini0         0x000074a4        0x4 c:/program files (x86)/atmel/atmel toolchain/avr8 gcc/native/3.4.1056/avr8-gnu-toolchain/bin/../lib/gcc/avr/4.8.1/avrxmega6\libgcc.a(_exit.o)
 *(.fini0)
                0x000074a8                _etext = .

.data           0x00802000      0x794 load address 0x000074a8
                0x00802000                PROVIDE (__data_start, .)
 *(.data)
 .data          0x00802000        0x0 c:/program files (x86)/atmel/atmel toolchain/avr8 gcc/native/3.4.1056/avr8-gnu-toolchain/bin/../lib/gcc/avr/4.8.1/../../../../avr/lib/avrxmega6/crtx256a3u.o
 .data          0x00802000        0x0 clksys_driver.o
 .data          0x00802000        0x0 DataInSlave.o
 .data          0x00802000        0x0 H2A_SECOM_MotorDriver.o
 .data          0x00802000        0x0 md_core_analog.o
 .data          0x00802000        0x0 md_fccomm.o
 .data          0x00802000        0x0 md_readbussensors.o
 .data          0x00802000        0x0 md_serial.o
 .data          0x00802000        0x0 md_ticktimer.o
 .data          0x00802000        0x0 util.o
 .data          0x00802000        0x0 c:/program files (x86)/atmel/atmel toolchain/avr8 gcc/native/3.4.1056/avr8-gnu-toolchain/bin/../lib/gcc/avr/4.8.1/../../../../avr/lib/avrxmega6\libm.a(addsf3.o)
 .data          0x00802000        0x0 c:/program files (x86)/atmel/atmel toolchain/avr8 gcc/native/3.4.1056/avr8-gnu-toolchain/bin/../lib/gcc/avr/4.8.1/../../../../avr/lib/avrxmega6\libm.a(addsf3x.o)
 .data          0x00802000        0x0 c:/program files (x86)/atmel/atmel toolchain/avr8 gcc/native/3.4.1056/avr8-gnu-toolchain/bin/../lib/gcc/avr/4.8.1/../../../../avr/lib/avrxmega6\libm.a(cmpsf2.o)
 .data          0x00802000        0x0 c:/program files (x86)/atmel/atmel toolchain/avr8 gcc/native/3.4.1056/avr8-gnu-toolchain/bin/../lib/gcc/avr/4.8.1/../../../../avr/lib/avrxmega6\libm.a(divsf3.o)
 .data          0x00802000        0x0 c:/program files (x86)/atmel/atmel toolchain/avr8 gcc/native/3.4.1056/avr8-gnu-toolchain/bin/../lib/gcc/avr/4.8.1/../../../../avr/lib/avrxmega6\libm.a(divsf3x.o)
 .data          0x00802000        0x0 c:/program files (x86)/atmel/atmel toolchain/avr8 gcc/native/3.4.1056/avr8-gnu-toolchain/bin/../lib/gcc/avr/4.8.1/../../../../avr/lib/avrxmega6\libm.a(fixsfsi.o)
 .data          0x00802000        0x0 c:/program files (x86)/atmel/atmel toolchain/avr8 gcc/native/3.4.1056/avr8-gnu-toolchain/bin/../lib/gcc/avr/4.8.1/../../../../avr/lib/avrxmega6\libm.a(fixunssfsi.o)
 .data          0x00802000        0x0 c:/program files (x86)/atmel/atmel toolchain/avr8 gcc/native/3.4.1056/avr8-gnu-toolchain/bin/../lib/gcc/avr/4.8.1/../../../../avr/lib/avrxmega6\libm.a(floatdisf.o)
 .data          0x00802000        0x0 c:/program files (x86)/atmel/atmel toolchain/avr8 gcc/native/3.4.1056/avr8-gnu-toolchain/bin/../lib/gcc/avr/4.8.1/../../../../avr/lib/avrxmega6\libm.a(floatsisf.o)
 .data          0x00802000        0x0 c:/program files (x86)/atmel/atmel toolchain/avr8 gcc/native/3.4.1056/avr8-gnu-toolchain/bin/../lib/gcc/avr/4.8.1/../../../../avr/lib/avrxmega6\libm.a(floatundisf.o)
 .data          0x00802000        0x0 c:/program files (x86)/atmel/atmel toolchain/avr8 gcc/native/3.4.1056/avr8-gnu-toolchain/bin/../lib/gcc/avr/4.8.1/../../../../avr/lib/avrxmega6\libm.a(fp_cmp.o)
 .data          0x00802000        0x0 c:/program files (x86)/atmel/atmel toolchain/avr8 gcc/native/3.4.1056/avr8-gnu-toolchain/bin/../lib/gcc/avr/4.8.1/../../../../avr/lib/avrxmega6\libm.a(fp_inf.o)
 .data          0x00802000        0x0 c:/program files (x86)/atmel/atmel toolchain/avr8 gcc/native/3.4.1056/avr8-gnu-toolchain/bin/../lib/gcc/avr/4.8.1/../../../../avr/lib/avrxmega6\libm.a(fp_nan.o)
 .data          0x00802000        0x0 c:/program files (x86)/atmel/atmel toolchain/avr8 gcc/native/3.4.1056/avr8-gnu-toolchain/bin/../lib/gcc/avr/4.8.1/../../../../avr/lib/avrxmega6\libm.a(fp_negdi.o)
 .data          0x00802000        0x0 c:/program files (x86)/atmel/atmel toolchain/avr8 gcc/native/3.4.1056/avr8-gnu-toolchain/bin/../lib/gcc/avr/4.8.1/../../../../avr/lib/avrxmega6\libm.a(fp_pscA.o)
 .data          0x00802000        0x0 c:/program files (x86)/atmel/atmel toolchain/avr8 gcc/native/3.4.1056/avr8-gnu-toolchain/bin/../lib/gcc/avr/4.8.1/../../../../avr/lib/avrxmega6\libm.a(fp_pscB.o)
 .data          0x00802000        0x0 c:/program files (x86)/atmel/atmel toolchain/avr8 gcc/native/3.4.1056/avr8-gnu-toolchain/bin/../lib/gcc/avr/4.8.1/../../../../avr/lib/avrxmega6\libm.a(fp_round.o)
 .data          0x00802000        0x0 c:/program files (x86)/atmel/atmel toolchain/avr8 gcc/native/3.4.1056/avr8-gnu-toolchain/bin/../lib/gcc/avr/4.8.1/../../../../avr/lib/avrxmega6\libm.a(fp_split3.o)
 .data          0x00802000        0x0 c:/program files (x86)/atmel/atmel toolchain/avr8 gcc/native/3.4.1056/avr8-gnu-toolchain/bin/../lib/gcc/avr/4.8.1/../../../../avr/lib/avrxmega6\libm.a(fp_zero.o)
 .data          0x00802000        0x0 c:/program files (x86)/atmel/atmel toolchain/avr8 gcc/native/3.4.1056/avr8-gnu-toolchain/bin/../lib/gcc/avr/4.8.1/../../../../avr/lib/avrxmega6\libm.a(mulsf3.o)
 .data          0x00802000        0x0 c:/program files (x86)/atmel/atmel toolchain/avr8 gcc/native/3.4.1056/avr8-gnu-toolchain/bin/../lib/gcc/avr/4.8.1/../../../../avr/lib/avrxmega6\libm.a(mulsf3x.o)
 .data          0x00802000        0x0 c:/program files (x86)/atmel/atmel toolchain/avr8 gcc/native/3.4.1056/avr8-gnu-toolchain/bin/../lib/gcc/avr/4.8.1/../../../../avr/lib/avrxmega6\libm.a(round.o)
 .data          0x00802000        0x0 c:/program files (x86)/atmel/atmel toolchain/avr8 gcc/native/3.4.1056/avr8-gnu-toolchain/bin/../lib/gcc/avr/4.8.1/../../../../avr/lib/avrxmega6\libm.a(fp_mintl.o)
 .data          0x00802000        0x0 c:/program files (x86)/atmel/atmel toolchain/avr8 gcc/native/3.4.1056/avr8-gnu-toolchain/bin/../lib/gcc/avr/4.8.1/../../../../avr/lib/avrxmega6\libm.a(fp_mpack.o)
 .data          0x00802000        0x0 c:/program files (x86)/atmel/atmel toolchain/avr8 gcc/native/3.4.1056/avr8-gnu-toolchain/bin/../lib/gcc/avr/4.8.1/../../../../avr/lib/avrxmega6\libprintf_flt.a(vfprintf_flt.o)
 .data          0x00802000        0x0 c:/program files (x86)/atmel/atmel toolchain/avr8 gcc/native/3.4.1056/avr8-gnu-toolchain/bin/../lib/gcc/avr/4.8.1/avrxmega6\libgcc.a(_exit.o)
 .data          0x00802000        0x0 c:/program files (x86)/atmel/atmel toolchain/avr8 gcc/native/3.4.1056/avr8-gnu-toolchain/bin/../lib/gcc/avr/4.8.1/avrxmega6\libgcc.a(_copy_data.o)
 .data          0x00802000        0x0 c:/program files (x86)/atmel/atmel toolchain/avr8 gcc/native/3.4.1056/avr8-gnu-toolchain/bin/../lib/gcc/avr/4.8.1/avrxmega6\libgcc.a(_clear_bss.o)
 .data          0x00802000        0x0 c:/program files (x86)/atmel/atmel toolchain/avr8 gcc/native/3.4.1056/avr8-gnu-toolchain/bin/../lib/gcc/avr/4.8.1/avrxmega6\libgcc.a(_mulhisi3.o)
 .data          0x00802000        0x0 c:/program files (x86)/atmel/atmel toolchain/avr8 gcc/native/3.4.1056/avr8-gnu-toolchain/bin/../lib/gcc/avr/4.8.1/avrxmega6\libgcc.a(_umulhisi3.o)
 .data          0x00802000        0x0 c:/program files (x86)/atmel/atmel toolchain/avr8 gcc/native/3.4.1056/avr8-gnu-toolchain/bin/../lib/gcc/avr/4.8.1/avrxmega6\libgcc.a(_usmulhisi3.o)
 .data          0x00802000        0x0 c:/program files (x86)/atmel/atmel toolchain/avr8 gcc/native/3.4.1056/avr8-gnu-toolchain/bin/../lib/gcc/avr/4.8.1/avrxmega6\libgcc.a(_muluhisi3.o)
 .data          0x00802000        0x0 c:/program files (x86)/atmel/atmel toolchain/avr8 gcc/native/3.4.1056/avr8-gnu-toolchain/bin/../lib/gcc/avr/4.8.1/avrxmega6\libgcc.a(_adddi3.o)
 .data          0x00802000        0x6 c:/program files (x86)/atmel/atmel toolchain/avr8 gcc/native/3.4.1056/avr8-gnu-toolchain/bin/../lib/gcc/avr/4.8.1/../../../../avr/lib/avrxmega6\libc.a(malloc.o)
                0x00802000                __malloc_heap_end
                0x00802002                __malloc_heap_start
                0x00802004                __malloc_margin
 .data          0x00802006        0x0 c:/program files (x86)/atmel/atmel toolchain/avr8 gcc/native/3.4.1056/avr8-gnu-toolchain/bin/../lib/gcc/avr/4.8.1/../../../../avr/lib/avrxmega6\libc.a(realloc.o)
 .data          0x00802006        0x0 c:/program files (x86)/atmel/atmel toolchain/avr8 gcc/native/3.4.1056/avr8-gnu-toolchain/bin/../lib/gcc/avr/4.8.1/../../../../avr/lib/avrxmega6\libc.a(strtol.o)
 .data          0x00802006        0x0 c:/program files (x86)/atmel/atmel toolchain/avr8 gcc/native/3.4.1056/avr8-gnu-toolchain/bin/../lib/gcc/avr/4.8.1/../../../../avr/lib/avrxmega6\libc.a(ftoa_engine.o)
 .data          0x00802006        0x0 c:/program files (x86)/atmel/atmel toolchain/avr8 gcc/native/3.4.1056/avr8-gnu-toolchain/bin/../lib/gcc/avr/4.8.1/../../../../avr/lib/avrxmega6\libc.a(isspace.o)
 .data          0x00802006        0x0 c:/program files (x86)/atmel/atmel toolchain/avr8 gcc/native/3.4.1056/avr8-gnu-toolchain/bin/../lib/gcc/avr/4.8.1/../../../../avr/lib/avrxmega6\libc.a(strnlen_P.o)
 .data          0x00802006        0x0 c:/program files (x86)/atmel/atmel toolchain/avr8 gcc/native/3.4.1056/avr8-gnu-toolchain/bin/../lib/gcc/avr/4.8.1/../../../../avr/lib/avrxmega6\libc.a(memcpy.o)
 .data          0x00802006        0x0 c:/program files (x86)/atmel/atmel toolchain/avr8 gcc/native/3.4.1056/avr8-gnu-toolchain/bin/../lib/gcc/avr/4.8.1/../../../../avr/lib/avrxmega6\libc.a(strncmp.o)
 .data          0x00802006        0x0 c:/program files (x86)/atmel/atmel toolchain/avr8 gcc/native/3.4.1056/avr8-gnu-toolchain/bin/../lib/gcc/avr/4.8.1/../../../../avr/lib/avrxmega6\libc.a(strncpy.o)
 .data          0x00802006        0x0 c:/program files (x86)/atmel/atmel toolchain/avr8 gcc/native/3.4.1056/avr8-gnu-toolchain/bin/../lib/gcc/avr/4.8.1/../../../../avr/lib/avrxmega6\libc.a(strnlen.o)
 .data          0x00802006        0x0 c:/program files (x86)/atmel/atmel toolchain/avr8 gcc/native/3.4.1056/avr8-gnu-toolchain/bin/../lib/gcc/avr/4.8.1/../../../../avr/lib/avrxmega6\libc.a(fprintf.o)
 .data          0x00802006        0x0 c:/program files (x86)/atmel/atmel toolchain/avr8 gcc/native/3.4.1056/avr8-gnu-toolchain/bin/../lib/gcc/avr/4.8.1/../../../../avr/lib/avrxmega6\libc.a(fputc.o)
 .data          0x00802006        0x0 c:/program files (x86)/atmel/atmel toolchain/avr8 gcc/native/3.4.1056/avr8-gnu-toolchain/bin/../lib/gcc/avr/4.8.1/../../../../avr/lib/avrxmega6\libc.a(fputs.o)
 .data          0x00802006        0x0 c:/program files (x86)/atmel/atmel toolchain/avr8 gcc/native/3.4.1056/avr8-gnu-toolchain/bin/../lib/gcc/avr/4.8.1/../../../../avr/lib/avrxmega6\libc.a(snprintf.o)
 .data          0x00802006        0x0 c:/program files (x86)/atmel/atmel toolchain/avr8 gcc/native/3.4.1056/avr8-gnu-toolchain/bin/../lib/gcc/avr/4.8.1/../../../../avr/lib/avrxmega6\libc.a(sprintf.o)
 .data          0x00802006        0x0 c:/program files (x86)/atmel/atmel toolchain/avr8 gcc/native/3.4.1056/avr8-gnu-toolchain/bin/../lib/gcc/avr/4.8.1/../../../../avr/lib/avrxmega6\libc.a(ultoa_invert.o)
 .data          0x00802006        0x0 c:/program files (x86)/atmel/atmel toolchain/avr8 gcc/native/3.4.1056/avr8-gnu-toolchain/bin/../lib/gcc/avr/4.8.1/../../../../avr/lib/avrxmega6\libc.a(eerd_block_atxmega256a3u.o)
 .data          0x00802006        0x0 c:/program files (x86)/atmel/atmel toolchain/avr8 gcc/native/3.4.1056/avr8-gnu-toolchain/bin/../lib/gcc/avr/4.8.1/../../../../avr/lib/avrxmega6\libc.a(eeupd_block_atxmega256a3u.o)
 .data          0x00802006        0x0 c:/program files (x86)/atmel/atmel toolchain/avr8 gcc/native/3.4.1056/avr8-gnu-toolchain/bin/../lib/gcc/avr/4.8.1/../../../../avr/lib/avrxmega6\libc.a(eeupd_byte_atxmega256a3u.o)
 .data          0x00802006        0x0 c:/program files (x86)/atmel/atmel toolchain/avr8 gcc/native/3.4.1056/avr8-gnu-toolchain/bin/../lib/gcc/avr/4.8.1/../../../../avr/lib/avrxmega6\libc.a(eewr_byte_atxmega256a3u.o)
 .data          0x00802006        0x0 c:/program files (x86)/atmel/atmel toolchain/avr8 gcc/native/3.4.1056/avr8-gnu-toolchain/bin/../lib/gcc/avr/4.8.1/../../../../avr/lib/avrxmega6\libc.a(eerd_byte_atxmega256a3b.o)
 .data          0x00802006        0x0 c:/program files (x86)/atmel/atmel toolchain/avr8 gcc/native/3.4.1056/avr8-gnu-toolchain/bin/../lib/gcc/avr/4.8.1/../../../../avr/lib/avrxmega6\libc.a(errno.o)
 .data          0x00802006        0x0 c:/program files (x86)/atmel/atmel toolchain/avr8 gcc/native/3.4.1056/avr8-gnu-toolchain/bin/../lib/gcc/avr/4.8.1/../../../../avr/lib/avrxmega6\libc.a(cty_isfalse.o)
 .data          0x00802006        0x0 c:/program files (x86)/atmel/atmel toolchain/avr8 gcc/native/3.4.1056/avr8-gnu-toolchain/bin/../lib/gcc/avr/4.8.1/avrxmega6\libgcc.a(_mulsi3.o)
 .data          0x00802006        0x0 c:/program files (x86)/atmel/atmel toolchain/avr8 gcc/native/3.4.1056/avr8-gnu-toolchain/bin/../lib/gcc/avr/4.8.1/avrxmega6\libgcc.a(_udivmodsi4.o)
 *(.data*)
 .data.sSpeedSensorLastValidInterval.4616
                0x00802006        0x2 md_core_analog.o
 .data.sGPSPos  0x00802008       0x4e md_readbussensors.o
 .data.gCtrl_IO
                0x00802056        0xe md_serial.o
                0x00802056                gCtrl_IO
 *(.rodata)
 .rodata        0x00802064       0x60 md_core_analog.o
 *(.rodata*)
 .rodata.str1.1
                0x008020c4       0xfe DataInSlave.o
 .rodata.str1.1
                0x008021c2        0x4 H2A_SECOM_MotorDriver.o
 .rodata.str1.1
                0x008021c6      0x539 md_core_analog.o
                                0x541 (size before relaxing)
 .rodata.str1.1
                0x008026ff       0x2f md_fccomm.o
 .rodata.str1.1
                0x0080272e       0x21 md_readbussensors.o
 .rodata.str1.1
                0x0080274f       0x44 util.o
                                 0x49 (size before relaxing)
 *(.gnu.linkonce.d*)
                0x00802794                . = ALIGN (0x2)
 *fill*         0x00802793        0x1 
                0x00802794                _edata = .
                0x00802794                PROVIDE (__data_end, .)

.bss            0x00802794      0x746
                0x00802794                PROVIDE (__bss_start, .)
 *(.bss)
 *(.bss*)
 .bss.index.4219
                0x00802794        0x2 DataInSlave.o
 .bss.responseSlave.4281
                0x00802796       0x53 DataInSlave.o
 .bss.getKarakter.4269
                0x008027e9        0x1 DataInSlave.o
 .bss.sWantedSensor
                0x008027ea        0x2 DataInSlave.o
 .bss.sOwnSensor
                0x008027ec        0x2 DataInSlave.o
 .bss.sNumWantedSensor
                0x008027ee        0x2 DataInSlave.o
 .bss.sNumOwnSensor
                0x008027f0        0x2 DataInSlave.o
 .bss.sMyAdress
                0x008027f2        0x2 DataInSlave.o
 .bss.slaveData.4340
                0x008027f4       0x53 H2A_SECOM_MotorDriver.o
 .bss.sCCRunTimer.4615
                0x00802847        0x2 md_core_analog.o
 .bss.sCCPrevPulseInterval.4621
                0x00802849        0x4 md_core_analog.o
 .bss.sCCIsOn.4614
                0x0080284d        0x1 md_core_analog.o
 .bss.sPrevPWMCycles.4613
                0x0080284e        0x1 md_core_analog.o
 .bss.sSamplingVin.4612
                0x0080284f        0x1 md_core_analog.o
 .bss.sSpeedSensorPreviousValidEdgeTimestamp.4617
                0x00802850        0x4 md_core_analog.o
 .bss.sSpeedSensorNegDeglitchCounter.4620
                0x00802854        0x1 md_core_analog.o
 .bss.sSpeedSensorPreviousState.4618
                0x00802855        0x1 md_core_analog.o
 .bss.sSpeedSensorPosDeglitchCounter.4619
                0x00802856        0x1 md_core_analog.o
 .bss.sSensorData
                0x00802857       0x74 md_core_analog.o
 .bss.sSessionCycleCount
                0x008028cb        0x4 md_core_analog.o
 .bss.sTakeSnapshot485
                0x008028cf        0x1 md_core_analog.o
 .bss.sSessionCycleCountSnapshot485
                0x008028d0        0x4 md_core_analog.o
 .bss.sSensorDataSnapshot485
                0x008028d4       0x74 md_core_analog.o
 .bss.sTakeSnapshot
                0x00802948        0x1 md_core_analog.o
 .bss.sSessionCycleCountSnapshot
                0x00802949        0x4 md_core_analog.o
 .bss.sSensorDataSnapshot
                0x0080294d       0x74 md_core_analog.o
 .bss.sCal      0x008029c1       0x30 md_core_analog.o
 .bss.sFCDecodedDataSnapshot485
                0x008029f1       0x19 md_fccomm.o
 .bss.sFCDecodedDataSnapshot
                0x00802a0a       0x19 md_fccomm.o
 .bss.sFCDecodedData
                0x00802a23       0x19 md_fccomm.o
 .bss.sFCDataCount
                0x00802a3c        0x1 md_fccomm.o
 .bss.sFCDataBuffer
                0x00802a3d       0x1a md_fccomm.o
 .bss.sGPSTime  0x00802a57       0x4e md_readbussensors.o
 .bss.sGPSSpeed
                0x00802aa5       0x4e md_readbussensors.o
 .bss.sGPSDirection
                0x00802af3       0x4e md_readbussensors.o
 .bss.checksum.4018
                0x00802b41        0x1 md_serial.o
 .bss.rx_fc_buf
                0x00802b42       0x64 md_serial.o
 .bss.rx_fc_rdidx
                0x00802ba6        0x1 md_serial.o
 .bss.rx_fc_wridx
                0x00802ba7        0x1 md_serial.o
 .bss.tx_fc_buf
                0x00802ba8       0x64 md_serial.o
 .bss.tx_fc_rdidx
                0x00802c0c        0x1 md_serial.o
 .bss.tx_fc_wridx
                0x00802c0d        0x1 md_serial.o
 .bss.rx_ctrl_buf
                0x00802c0e       0x50 md_serial.o
 .bss.rx_ctrl_rdidx
                0x00802c5e        0x1 md_serial.o
 .bss.rx_ctrl_wridx
                0x00802c5f        0x1 md_serial.o
 .bss.tx_ctrl_buf
                0x00802c60       0xfa md_serial.o
 .bss.tx_ctrl_rdidx
                0x00802d5a        0x1 md_serial.o
 .bss.tx_ctrl_wridx
                0x00802d5b        0x1 md_serial.o
 .bss.rx_485_buf
                0x00802d5c       0xb4 md_serial.o
 .bss.rx_485_rdidx
                0x00802e10        0x1 md_serial.o
 .bss.rx_485_wridx
                0x00802e11        0x1 md_serial.o
 .bss.tx_485_busy
                0x00802e12        0x1 md_serial.o
 .bss.tx_485_buf
                0x00802e13       0xb4 md_serial.o
 .bss.tx_485_rdidx
                0x00802ec7        0x1 md_serial.o
 .bss.tx_485_wridx
                0x00802ec8        0x1 md_serial.o
 .bss.sProcID   0x00802ec9        0xb util.o
 *(COMMON)
 COMMON         0x00802ed4        0x4 c:/program files (x86)/atmel/atmel toolchain/avr8 gcc/native/3.4.1056/avr8-gnu-toolchain/bin/../lib/gcc/avr/4.8.1/../../../../avr/lib/avrxmega6\libc.a(malloc.o)
                0x00802ed4                __brkval
                0x00802ed6                __flp
 COMMON         0x00802ed8        0x2 c:/program files (x86)/atmel/atmel toolchain/avr8 gcc/native/3.4.1056/avr8-gnu-toolchain/bin/../lib/gcc/avr/4.8.1/../../../../avr/lib/avrxmega6\libc.a(errno.o)
                0x00802ed8                errno
                0x00802eda                PROVIDE (__bss_end, .)
                0x000074a8                __data_load_start = LOADADDR (.data)
                0x00007c3c                __data_load_end = (__data_load_start + SIZEOF (.data))

.noinit         0x00802eda        0x0
                0x00802eda                PROVIDE (__noinit_start, .)
 *(.noinit*)
                0x00802eda                PROVIDE (__noinit_end, .)
                0x00802eda                _end = .
                0x00802eda                PROVIDE (__heap_start, .)

.eeprom         0x00810000        0x0
 *(.eeprom*)
                0x00810000                __eeprom_end = .

.fuse
 *(.fuse)
 *(.lfuse)
 *(.hfuse)
 *(.efuse)

.lock
 *(.lock*)

.signature
 *(.signature*)

.user_signatures
 *(.user_signatures*)

.stab
 *(.stab)

.stabstr
 *(.stabstr)

.stab.excl
 *(.stab.excl)

.stab.exclstr
 *(.stab.exclstr)

.stab.index
 *(.stab.index)

.stab.indexstr
 *(.stab.indexstr)

.comment        0x00000000       0x5c
 *(.comment)
 .comment       0x00000000       0x30 clksys_driver.o
                                 0x31 (size before relaxing)
 .comment       0x00000000       0x31 DataInSlave.o
 .comment       0x00000000       0x31 H2A_SECOM_MotorDriver.o
 .comment       0x00000000       0x31 md_core_analog.o
 .comment       0x00000000       0x31 md_fccomm.o
 .comment       0x00000000       0x31 md_readbussensors.o
 .comment       0x00000000       0x31 md_serial.o
 .comment       0x00000000       0x31 md_ticktimer.o
 .comment       0x00000000       0x31 util.o
 .comment       0x00000030       0x2c c:/program files (x86)/atmel/atmel toolchain/avr8 gcc/native/3.4.1056/avr8-gnu-toolchain/bin/../lib/gcc/avr/4.8.1/../../../../avr/lib/avrxmega6\libprintf_flt.a(vfprintf_flt.o)
                                 0x2d (size before relaxing)
 .comment       0x00000000       0x31 c:/program files (x86)/atmel/atmel toolchain/avr8 gcc/native/3.4.1056/avr8-gnu-toolchain/bin/../lib/gcc/avr/4.8.1/../../../../avr/lib/avrxmega6\libc.a(malloc.o)
 .comment       0x00000000       0x31 c:/program files (x86)/atmel/atmel toolchain/avr8 gcc/native/3.4.1056/avr8-gnu-toolchain/bin/../lib/gcc/avr/4.8.1/../../../../avr/lib/avrxmega6\libc.a(realloc.o)
 .comment       0x00000000       0x31 c:/program files (x86)/atmel/atmel toolchain/avr8 gcc/native/3.4.1056/avr8-gnu-toolchain/bin/../lib/gcc/avr/4.8.1/../../../../avr/lib/avrxmega6\libc.a(strtol.o)
 .comment       0x00000000       0x31 c:/program files (x86)/atmel/atmel toolchain/avr8 gcc/native/3.4.1056/avr8-gnu-toolchain/bin/../lib/gcc/avr/4.8.1/../../../../avr/lib/avrxmega6\libc.a(fprintf.o)
 .comment       0x00000000       0x31 c:/program files (x86)/atmel/atmel toolchain/avr8 gcc/native/3.4.1056/avr8-gnu-toolchain/bin/../lib/gcc/avr/4.8.1/../../../../avr/lib/avrxmega6\libc.a(fputc.o)
 .comment       0x00000000       0x31 c:/program files (x86)/atmel/atmel toolchain/avr8 gcc/native/3.4.1056/avr8-gnu-toolchain/bin/../lib/gcc/avr/4.8.1/../../../../avr/lib/avrxmega6\libc.a(fputs.o)
 .comment       0x00000000       0x31 c:/program files (x86)/atmel/atmel toolchain/avr8 gcc/native/3.4.1056/avr8-gnu-toolchain/bin/../lib/gcc/avr/4.8.1/../../../../avr/lib/avrxmega6\libc.a(snprintf.o)
 .comment       0x00000000       0x31 c:/program files (x86)/atmel/atmel toolchain/avr8 gcc/native/3.4.1056/avr8-gnu-toolchain/bin/../lib/gcc/avr/4.8.1/../../../../avr/lib/avrxmega6\libc.a(sprintf.o)
 .comment       0x00000000       0x2d c:/program files (x86)/atmel/atmel toolchain/avr8 gcc/native/3.4.1056/avr8-gnu-toolchain/bin/../lib/gcc/avr/4.8.1/../../../../avr/lib/avrxmega6\libc.a(errno.o)

.note.gnu.build-id
 *(.note.gnu.build-id)

.debug
 *(.debug)

.line
 *(.line)

.debug_srcinfo
 *(.debug_srcinfo)

.debug_sfnames
 *(.debug_sfnames)

.debug_aranges  0x00000000      0x3d0
 *(.debug_aranges)
 .debug_aranges
                0x00000000       0x68 clksys_driver.o
 .debug_aranges
                0x00000068       0x60 DataInSlave.o
 .debug_aranges
                0x000000c8       0x20 H2A_SECOM_MotorDriver.o
 .debug_aranges
                0x000000e8       0xf8 md_core_analog.o
 .debug_aranges
                0x000001e0       0x50 md_fccomm.o
 .debug_aranges
                0x00000230       0x50 md_readbussensors.o
 .debug_aranges
                0x00000280       0xc8 md_serial.o
 .debug_aranges
                0x00000348       0x30 md_ticktimer.o
 .debug_aranges
                0x00000378       0x58 util.o

.debug_pubnames
 *(.debug_pubnames)

.debug_info     0x00000000     0x85cb
 *(.debug_info .gnu.linkonce.wi.*)
 .debug_info    0x00000000      0x645 clksys_driver.o
 .debug_info    0x00000645      0xc14 DataInSlave.o
 .debug_info    0x00001259      0x952 H2A_SECOM_MotorDriver.o
 .debug_info    0x00001bab     0x4058 md_core_analog.o
 .debug_info    0x00005c03      0x53c md_fccomm.o
 .debug_info    0x0000613f      0x4a8 md_readbussensors.o
 .debug_info    0x000065e7      0xda0 md_serial.o
 .debug_info    0x00007387      0x866 md_ticktimer.o
 .debug_info    0x00007bed      0x9de util.o

.debug_abbrev   0x00000000     0x1773
 *(.debug_abbrev)
 .debug_abbrev  0x00000000      0x1d6 clksys_driver.o
 .debug_abbrev  0x000001d6      0x3b0 DataInSlave.o
 .debug_abbrev  0x00000586      0x24c H2A_SECOM_MotorDriver.o
 .debug_abbrev  0x000007d2      0x459 md_core_analog.o
 .debug_abbrev  0x00000c2b      0x232 md_fccomm.o
 .debug_abbrev  0x00000e5d      0x1da md_readbussensors.o
 .debug_abbrev  0x00001037      0x342 md_serial.o
 .debug_abbrev  0x00001379      0x167 md_ticktimer.o
 .debug_abbrev  0x000014e0      0x293 util.o

.debug_line     0x00000000     0x1a9f
 *(.debug_line .debug_line.* .debug_line_end)
 .debug_line    0x00000000      0x1e9 clksys_driver.o
 .debug_line    0x000001e9      0x2dd DataInSlave.o
 .debug_line    0x000004c6      0x23c H2A_SECOM_MotorDriver.o
 .debug_line    0x00000702      0x8cd md_core_analog.o
 .debug_line    0x00000fcf      0x1f4 md_fccomm.o
 .debug_line    0x000011c3      0x150 md_readbussensors.o
 .debug_line    0x00001313      0x37d md_serial.o
 .debug_line    0x00001690      0x16c md_ticktimer.o
 .debug_line    0x000017fc      0x2a3 util.o

.debug_frame    0x00000000     0x1254
 *(.debug_frame)
 .debug_frame   0x00000000       0xdc clksys_driver.o
 .debug_frame   0x000000dc      0x1bc DataInSlave.o
 .debug_frame   0x00000298       0x24 H2A_SECOM_MotorDriver.o
 .debug_frame   0x000002bc      0x9a8 md_core_analog.o
 .debug_frame   0x00000c64      0x128 md_fccomm.o
 .debug_frame   0x00000d8c       0xac md_readbussensors.o
 .debug_frame   0x00000e38      0x2a8 md_serial.o
 .debug_frame   0x000010e0       0x44 md_ticktimer.o
 .debug_frame   0x00001124      0x130 util.o

.debug_str      0x00000000     0x42ba
 *(.debug_str)
 .debug_str     0x00000000      0x782 clksys_driver.o
                                0x7c7 (size before relaxing)
 .debug_str     0x00000782      0x2c6 DataInSlave.o
                                0x449 (size before relaxing)
 .debug_str     0x00000a48      0x34d H2A_SECOM_MotorDriver.o
                                0x7ae (size before relaxing)
 .debug_str     0x00000d95     0x2b08 md_core_analog.o
                               0x2f70 (size before relaxing)
 .debug_str     0x0000389d      0x111 md_fccomm.o
                                0x330 (size before relaxing)
 .debug_str     0x000039ae       0xaa md_readbussensors.o
                                0x27a (size before relaxing)
 .debug_str     0x00003a58      0x397 md_serial.o
                                0x82d (size before relaxing)
 .debug_str     0x00003def       0x2f md_ticktimer.o
                                0x7cb (size before relaxing)
 .debug_str     0x00003e1e      0x49c util.o
                                0x8e5 (size before relaxing)

.debug_loc      0x00000000     0x5287
 *(.debug_loc)
 .debug_loc     0x00000000      0x29d clksys_driver.o
 .debug_loc     0x0000029d      0x982 DataInSlave.o
 .debug_loc     0x00000c1f      0x17f H2A_SECOM_MotorDriver.o
 .debug_loc     0x00000d9e     0x301d md_core_analog.o
 .debug_loc     0x00003dbb      0x453 md_fccomm.o
 .debug_loc     0x0000420e      0x271 md_readbussensors.o
 .debug_loc     0x0000447f      0x8f3 md_serial.o
 .debug_loc     0x00004d72       0x76 md_ticktimer.o
 .debug_loc     0x00004de8      0x49f util.o

.debug_macinfo
 *(.debug_macinfo)

.debug_weaknames
 *(.debug_weaknames)

.debug_funcnames
 *(.debug_funcnames)

.debug_typenames
 *(.debug_typenames)

.debug_varnames
 *(.debug_varnames)

.debug_pubtypes
 *(.debug_pubtypes)

.debug_ranges   0x00000000      0x3f0
 *(.debug_ranges)
 .debug_ranges  0x00000000       0x58 clksys_driver.o
 .debug_ranges  0x00000058       0xe8 DataInSlave.o
 .debug_ranges  0x00000140       0x10 H2A_SECOM_MotorDriver.o
 .debug_ranges  0x00000150      0x100 md_core_analog.o
 .debug_ranges  0x00000250       0x40 md_fccomm.o
 .debug_ranges  0x00000290       0x40 md_readbussensors.o
 .debug_ranges  0x000002d0       0xb8 md_serial.o
 .debug_ranges  0x00000388       0x20 md_ticktimer.o
 .debug_ranges  0x000003a8       0x48 util.o

.debug_macro
 *(.debug_macro)
OUTPUT(H2A_SECOM_MotorDriver.elf elf32-avr)
LOAD linker stubs
