Archive member included to satisfy reference by file (symbol)

c:/program files (x86)/atmel/studio/7.0/toolchain/avr8/avr8-gnu-toolchain/bin/../lib/gcc/avr/4.9.2/../../../../avr/lib/avrxmega6\libm.a(addsf3.o)
                              md_core_analog.o (__subsf3)
c:/program files (x86)/atmel/studio/7.0/toolchain/avr8/avr8-gnu-toolchain/bin/../lib/gcc/avr/4.9.2/../../../../avr/lib/avrxmega6\libm.a(addsf3x.o)
                              c:/program files (x86)/atmel/studio/7.0/toolchain/avr8/avr8-gnu-toolchain/bin/../lib/gcc/avr/4.9.2/../../../../avr/lib/avrxmega6\libm.a(addsf3.o) (__addsf3x)
c:/program files (x86)/atmel/studio/7.0/toolchain/avr8/avr8-gnu-toolchain/bin/../lib/gcc/avr/4.9.2/../../../../avr/lib/avrxmega6\libm.a(cmpsf2.o)
                              md_core_analog.o (__ltsf2)
c:/program files (x86)/atmel/studio/7.0/toolchain/avr8/avr8-gnu-toolchain/bin/../lib/gcc/avr/4.9.2/../../../../avr/lib/avrxmega6\libm.a(divsf3.o)
                              md_9dof.o (__divsf3)
c:/program files (x86)/atmel/studio/7.0/toolchain/avr8/avr8-gnu-toolchain/bin/../lib/gcc/avr/4.9.2/../../../../avr/lib/avrxmega6\libm.a(divsf3x.o)
                              c:/program files (x86)/atmel/studio/7.0/toolchain/avr8/avr8-gnu-toolchain/bin/../lib/gcc/avr/4.9.2/../../../../avr/lib/avrxmega6\libm.a(divsf3.o) (__divsf3x)
c:/program files (x86)/atmel/studio/7.0/toolchain/avr8/avr8-gnu-toolchain/bin/../lib/gcc/avr/4.9.2/../../../../avr/lib/avrxmega6\libm.a(fixsfsi.o)
                              md_core_analog.o (__fixsfsi)
c:/program files (x86)/atmel/studio/7.0/toolchain/avr8/avr8-gnu-toolchain/bin/../lib/gcc/avr/4.9.2/../../../../avr/lib/avrxmega6\libm.a(fixunssfsi.o)
                              c:/program files (x86)/atmel/studio/7.0/toolchain/avr8/avr8-gnu-toolchain/bin/../lib/gcc/avr/4.9.2/../../../../avr/lib/avrxmega6\libm.a(fixsfsi.o) (__fixunssfsi)
c:/program files (x86)/atmel/studio/7.0/toolchain/avr8/avr8-gnu-toolchain/bin/../lib/gcc/avr/4.9.2/../../../../avr/lib/avrxmega6\libm.a(floatdisf.o)
                              md_core_analog.o (__floatdisf)
c:/program files (x86)/atmel/studio/7.0/toolchain/avr8/avr8-gnu-toolchain/bin/../lib/gcc/avr/4.9.2/../../../../avr/lib/avrxmega6\libm.a(floatsisf.o)
                              md_core_analog.o (__floatunsisf)
c:/program files (x86)/atmel/studio/7.0/toolchain/avr8/avr8-gnu-toolchain/bin/../lib/gcc/avr/4.9.2/../../../../avr/lib/avrxmega6\libm.a(floatundisf.o)
                              c:/program files (x86)/atmel/studio/7.0/toolchain/avr8/avr8-gnu-toolchain/bin/../lib/gcc/avr/4.9.2/../../../../avr/lib/avrxmega6\libm.a(floatdisf.o) (__fp_di2sf)
c:/program files (x86)/atmel/studio/7.0/toolchain/avr8/avr8-gnu-toolchain/bin/../lib/gcc/avr/4.9.2/../../../../avr/lib/avrxmega6\libm.a(fp_cmp.o)
                              c:/program files (x86)/atmel/studio/7.0/toolchain/avr8/avr8-gnu-toolchain/bin/../lib/gcc/avr/4.9.2/../../../../avr/lib/avrxmega6\libm.a(cmpsf2.o) (__fp_cmp)
c:/program files (x86)/atmel/studio/7.0/toolchain/avr8/avr8-gnu-toolchain/bin/../lib/gcc/avr/4.9.2/../../../../avr/lib/avrxmega6\libm.a(fp_inf.o)
                              c:/program files (x86)/atmel/studio/7.0/toolchain/avr8/avr8-gnu-toolchain/bin/../lib/gcc/avr/4.9.2/../../../../avr/lib/avrxmega6\libm.a(addsf3x.o) (__fp_inf)
c:/program files (x86)/atmel/studio/7.0/toolchain/avr8/avr8-gnu-toolchain/bin/../lib/gcc/avr/4.9.2/../../../../avr/lib/avrxmega6\libm.a(fp_nan.o)
                              c:/program files (x86)/atmel/studio/7.0/toolchain/avr8/avr8-gnu-toolchain/bin/../lib/gcc/avr/4.9.2/../../../../avr/lib/avrxmega6\libm.a(addsf3x.o) (__fp_nan)
c:/program files (x86)/atmel/studio/7.0/toolchain/avr8/avr8-gnu-toolchain/bin/../lib/gcc/avr/4.9.2/../../../../avr/lib/avrxmega6\libm.a(fp_negdi.o)
                              c:/program files (x86)/atmel/studio/7.0/toolchain/avr8/avr8-gnu-toolchain/bin/../lib/gcc/avr/4.9.2/../../../../avr/lib/avrxmega6\libm.a(floatdisf.o) (__fp_negdi)
c:/program files (x86)/atmel/studio/7.0/toolchain/avr8/avr8-gnu-toolchain/bin/../lib/gcc/avr/4.9.2/../../../../avr/lib/avrxmega6\libm.a(fp_pscA.o)
                              c:/program files (x86)/atmel/studio/7.0/toolchain/avr8/avr8-gnu-toolchain/bin/../lib/gcc/avr/4.9.2/../../../../avr/lib/avrxmega6\libm.a(addsf3x.o) (__fp_pscA)
c:/program files (x86)/atmel/studio/7.0/toolchain/avr8/avr8-gnu-toolchain/bin/../lib/gcc/avr/4.9.2/../../../../avr/lib/avrxmega6\libm.a(fp_pscB.o)
                              c:/program files (x86)/atmel/studio/7.0/toolchain/avr8/avr8-gnu-toolchain/bin/../lib/gcc/avr/4.9.2/../../../../avr/lib/avrxmega6\libm.a(addsf3x.o) (__fp_pscB)
c:/program files (x86)/atmel/studio/7.0/toolchain/avr8/avr8-gnu-toolchain/bin/../lib/gcc/avr/4.9.2/../../../../avr/lib/avrxmega6\libm.a(fp_round.o)
                              c:/program files (x86)/atmel/studio/7.0/toolchain/avr8/avr8-gnu-toolchain/bin/../lib/gcc/avr/4.9.2/../../../../avr/lib/avrxmega6\libm.a(addsf3.o) (__fp_round)
[...]
Memory Configuration

Name             Origin             Length             Attributes
text             0x00000000         0x00100000         xr
data             0x00802000         0x0000ffa0         rw !x
eeprom           0x00810000         0x00010000         rw !x
fuse             0x00820000         0x00000006         rw !x
lock             0x00830000         0x00000400         rw !x
signature        0x00840000         0x00000400         rw !x
user_signatures  0x00850000         0x00000400         rw !x
*default*        0x00000000         0xffffffff

Linker script and memory map

LOAD C:/Program Files (x86)/Atmel/Studio/7.0/Packs/atmel/XMEGAA_DFP/1.1.63/gcc/dev/atxmega256a3u/avrxmega6/crtatxmega256a3u.o
LOAD clksys_driver.o
LOAD DataInSlave.o
LOAD H2A_SECOM_MotorDriver.o
LOAD md_9dof.o
LOAD md_core_analog.o
LOAD md_readbussensors.o
LOAD md_serial.o
LOAD md_ticktimer.o
LOAD util.o
START GROUP
LOAD c:/program files (x86)/atmel/studio/7.0/toolchain/avr8/avr8-gnu-toolchain/bin/../lib/gcc/avr/4.9.2/../../../../avr/lib/avrxmega6\libm.a
END GROUP
START GROUP
LOAD c:/program files (x86)/atmel/studio/7.0/toolchain/avr8/avr8-gnu-toolchain/bin/../lib/gcc/avr/4.9.2/avrxmega6\libgcc.a
LOAD c:/program files (x86)/atmel/studio/7.0/toolchain/avr8/avr8-gnu-toolchain/bin/../lib/gcc/avr/4.9.2/../../../../avr/lib/avrxmega6\libm.a
LOAD c:/program files (x86)/atmel/studio/7.0/toolchain/avr8/avr8-gnu-toolchain/bin/../lib/gcc/avr/4.9.2/../../../../avr/lib/avrxmega6\libc.a
LOAD C:/Program Files (x86)/Atmel/Studio/7.0/Packs/atmel/XMEGAA_DFP/1.1.63/gcc/dev/atxmega256a3u/avrxmega6\libatxmega256a3u.a
END GROUP
                0x00100000                __TEXT_REGION_LENGTH__ = DEFINED (__TEXT_REGION_LENGTH__)?__TEXT_REGION_LENGTH__:0x100000
                0x0000ffa0                __DATA_REGION_LENGTH__ = DEFINED (__DATA_REGION_LENGTH__)?__DATA_REGION_LENGTH__:0xffa0
                0x00010000                __EEPROM_REGION_LENGTH__ = DEFINED (__EEPROM_REGION_LENGTH__)?__EEPROM_REGION_LENGTH__:0x10000
                [0x00000006]                __FUSE_REGION_LENGTH__ = DEFINED (__FUSE_REGION_LENGTH__)?__FUSE_REGION_LENGTH__:0x400
                0x00000400                __LOCK_REGION_LENGTH__ = DEFINED (__LOCK_REGION_LENGTH__)?__LOCK_REGION_LENGTH__:0x400
                0x00000400                __SIGNATURE_REGION_LENGTH__ = DEFINED (__SIGNATURE_REGION_LENGTH__)?__SIGNATURE_REGION_LENGTH__:0x400
                0x00000400                __USER_SIGNATURE_REGION_LENGTH__ = DEFINED (__USER_SIGNATURE_REGION_LENGTH__)?__USER_SIGNATURE_REGION_LENGTH__:0x400

.hash
 *(.hash)

.dynsym
 *(.dynsym)

.dynstr
 *(.dynstr)

.gnu.version
 *(.gnu.version)

.gnu.version_d
 *(.gnu.version_d)

.gnu.version_r
 *(.gnu.version_r)

.rel.init
 *(.rel.init)

.rela.init
 *(.rela.init)

.rel.text
 *(.rel.text)
 *(.rel.text.*)
 *(.rel.gnu.linkonce.t*)

.rela.text
 *(.rela.text)
 *(.rela.text.*)
 *(.rela.gnu.linkonce.t*)

.rel.fini
 *(.rel.fini)

.rela.fini
 *(.rela.fini)

.rel.rodata
 *(.rel.rodata)
 *(.rel.rodata.*)
 *(.rel.gnu.linkonce.r*)

.rela.rodata
 *(.rela.rodata)
 *(.rela.rodata.*)
 *(.rela.gnu.linkonce.r*)

.rel.data
 *(.rel.data)
 *(.rel.data.*)
 *(.rel.gnu.linkonce.d*)

.rela.data
 *(.rela.data)
 *(.rela.data.*)
 *(.rela.gnu.linkonce.d*)

.rel.ctors
 *(.rel.ctors)

.rela.ctors
 *(.rela.ctors)

.rel.dtors
 *(.rel.dtors)

.rela.dtors
 *(.rela.dtors)

.rel.got
 *(.rel.got)

.rela.got
 *(.rela.got)

.rel.bss
 *(.rel.bss)

.rela.bss
 *(.rela.bss)

.rel.plt
 *(.rel.plt)

.rela.plt
 *(.rela.plt)

.text           0x00000000     0x7720
 *(.vectors)
 .vectors       0x00000000      0x1fc C:/Program Files (x86)/Atmel/Studio/7.0/Packs/atmel/XMEGAA_DFP/1.1.63/gcc/dev/atxmega256a3u/avrxmega6/crtatxmega256a3u.o
                0x00000000                __vector_default
                0x00000000                __vectors
 *(.vectors)
 *(.progmem.gcc*)
                0x000001fc                . = ALIGN (0x2)
                0x000001fc                __trampolines_start = .
 *(.trampolines)
 .trampolines   0x000001fc       0x60 linker stubs
 *(.trampolines*)
                0x0000025c                __trampolines_end = .
 *libprintf_flt.a:*(.progmem.data)
 *libc.a:*(.progmem.data)
 *(.progmem*)
                0x0000025c                . = ALIGN (0x2)
 *(.jumptables)
 *(.jumptables*)
 *(.lowtext)
 *(.lowtext*)
                0x0000025c                __ctors_start = .
 *(.ctors)
                0x0000025c                __ctors_end = .
                0x0000025c                __dtors_start = .
 *(.dtors)
                0x0000025c                __dtors_end = .
 SORT(*)(.ctors)
 SORT(*)(.dtors)
 *(.init0)
 .init0         0x0000025c        0x0 C:/Program Files (x86)/Atmel/Studio/7.0/Packs/atmel/XMEGAA_DFP/1.1.63/gcc/dev/atxmega256a3u/avrxmega6/crtatxmega256a3u.o
                0x0000025c                __init
 *(.init0)
 *(.init1)
 *(.init1)
 *(.init2)
 .init2         0x0000025c       0x10 C:/Program Files (x86)/Atmel/Studio/7.0/Packs/atmel/XMEGAA_DFP/1.1.63/gcc/dev/atxmega256a3u/avrxmega6/crtatxmega256a3u.o
 *(.init2)
 *(.init3)
 *(.init3)
 *(.init4)
 .init4         0x0000026c       0x1a c:/program files (x86)/atmel/studio/7.0/toolchain/avr8/avr8-gnu-toolchain/bin/../lib/gcc/avr/4.9.2/avrxmega6\libgcc.a(_copy_data.o)
                0x0000026c                __do_copy_data
 .init4         0x00000286       0x10 c:/program files (x86)/atmel/studio/7.0/toolchain/avr8/avr8-gnu-toolchain/bin/../lib/gcc/avr/4.9.2/avrxmega6\libgcc.a(_clear_bss.o)
                0x00000286                __do_clear_bss
 *(.init4)
 *(.init5)
 *(.init5)
 *(.init6)
 *(.init6)
 *(.init7)
 *(.init7)
 *(.init8)
 *(.init8)
 *(.init9)
 .init9         0x00000296        0x8 C:/Program Files (x86)/Atmel/Studio/7.0/Packs/atmel/XMEGAA_DFP/1.1.63/gcc/dev/atxmega256a3u/avrxmega6/crtatxmega256a3u.o
 *(.init9)
 *(.text)
 .text          0x0000029e        0x4 C:/Program Files (x86)/Atmel/Studio/7.0/Packs/atmel/XMEGAA_DFP/1.1.63/gcc/dev/atxmega256a3u/avrxmega6/crtatxmega256a3u.o
                0x0000029e                __vector_38
                0x0000029e                __vector_104
                0x0000029e                __vector_22
                0x0000029e                __vector_63
                0x0000029e                __vector_28
                0x0000029e                __vector_67
                0x0000029e                __vector_1
                0x0000029e                __vector_32
                0x0000029e                __vector_75
                0x0000029e                __vector_34
                0x0000029e                __vector_62
                0x0000029e                __vector_77
                0x0000029e                __vector_102
                0x0000029e                __vector_24
                0x0000029e                __vector_12
                0x0000029e                __vector_55
                0x0000029e                __vector_69
                0x0000029e                __vector_81
                0x0000029e                __vector_46
                0x0000029e                __bad_interrupt
                0x0000029e                __vector_122
                0x0000029e                __vector_72
                0x0000029e                __vector_114
                0x0000029e                __vector_6
                0x0000029e                __vector_110
                0x0000029e                __vector_31
                0x0000029e                __vector_35
                0x0000029e                __vector_78
                0x0000029e                __vector_74
                0x0000029e                __vector_117
                0x0000029e                __vector_39
                0x0000029e                __vector_107
                0x0000029e                __vector_3
                0x0000029e                __vector_105
                0x0000029e                __vector_98
                0x0000029e                __vector_23
                0x0000029e                __vector_68
                0x0000029e                __vector_30
                0x0000029e                __vector_73
                0x0000029e                __vector_45
                0x0000029e                __vector_25
                0x0000029e                __vector_93
                0x0000029e                __vector_61
                0x0000029e                __vector_11
                0x0000029e                __vector_54
                0x0000029e                __vector_99
                0x0000029e                __vector_13
                0x0000029e                __vector_17
                0x0000029e                __vector_19
                0x0000029e                __vector_56
                0x0000029e                __vector_7
                0x0000029e                __vector_125
                0x0000029e                __vector_49
                0x0000029e                __vector_123
                0x0000029e                __vector_41
                0x0000029e                __vector_86
                0x0000029e                __vector_100
                0x0000029e                __vector_101
                0x0000029e                __vector_64
                0x0000029e                __vector_109
                0x0000029e                __vector_43
                0x0000029e                __vector_27
                0x0000029e                __vector_5
                0x0000029e                __vector_113
                0x0000029e                __vector_33
                0x0000029e                __vector_76
                0x0000029e                __vector_115
                0x0000029e                __vector_47
                0x0000029e                __vector_52
                0x0000029e                __vector_37
                0x0000029e                __vector_95
                0x0000029e                __vector_103
                0x0000029e                __vector_96
                0x0000029e                __vector_108
                0x0000029e                __vector_4
                0x0000029e                __vector_44
                0x0000029e                __vector_82
                0x0000029e                __vector_106
                0x0000029e                __vector_118
                0x0000029e                __vector_51
                0x0000029e                __vector_9
                0x0000029e                __vector_2
                0x0000029e                __vector_21
                0x0000029e                __vector_15
                0x0000029e                __vector_66
                0x0000029e                __vector_36
                0x0000029e                __vector_79
                0x0000029e                __vector_58
                0x0000029e                __vector_70
                0x0000029e                __vector_83
                0x0000029e                __vector_29
                0x0000029e                __vector_60
                0x0000029e                __vector_121
                0x0000029e                __vector_40
                0x0000029e                __vector_85
                0x0000029e                __vector_94
                0x0000029e                __vector_126
                0x0000029e                __vector_8
                0x0000029e                __vector_26
                0x0000029e                __vector_48
                0x0000029e                __vector_124
                0x0000029e                __vector_116
                0x0000029e                __vector_112
                0x0000029e                __vector_111
                0x0000029e                __vector_80
                0x0000029e                __vector_14
                0x0000029e                __vector_84
                0x0000029e                __vector_57
                0x0000029e                __vector_53
                0x0000029e                __vector_10
                0x0000029e                __vector_50
                0x0000029e                __vector_16
                0x0000029e                __vector_59
                0x0000029e                __vector_18
                0x0000029e                __vector_97
                0x0000029e                __vector_20
                0x0000029e                __vector_42
                0x0000029e                __vector_87
                0x0000029e                __vector_65
                0x000002a2                . = ALIGN (0x2)
 *(.text.*)
 .text.CCPWrite
                0x000002a2       0x2a clksys_driver.o
                0x000002a2                CCPWrite
 .text.CLKSYS_XOSC_Config
                0x000002cc       0x14 clksys_driver.o
                0x000002cc                CLKSYS_XOSC_Config
 .text.CLKSYS_PLL_Config
                0x000002e0        0xa clksys_driver.o
                0x000002e0                CLKSYS_PLL_Config
 .text.CLKSYS_Disable
                0x000002ea       0x14 clksys_driver.o
                0x000002ea                CLKSYS_Disable
 .text.CLKSYS_Main_ClockSource_Select
                0x000002fe       0x2a clksys_driver.o
                0x000002fe                CLKSYS_Main_ClockSource_Select
 .text.InitSlave
                0x00000328       0x2a DataInSlave.o
                0x00000328                InitSlave
 .text.AddSlaveOwnSensor
                0x00000352       0x9e DataInSlave.o
                0x00000352                AddSlaveOwnSensor
 .text.AddWantedSensor
                0x000003f0       0x96 DataInSlave.o
                0x000003f0                AddWantedSensor
 .text.HandleSnapshot
                0x00000486       0x58 DataInSlave.o
                0x00000486                HandleSnapshot
 .text.HandleCmdS
                0x000004de      0x1d4 DataInSlave.o
 .text.SendLineRS485
                0x000006b2       0x2a DataInSlave.o
                0x000006b2                SendLineRS485
 .text.ReadLineRS45
                0x000006dc       0x66 DataInSlave.o
                0x000006dc                ReadLineRS45
 .text.ScanDataInSlave
                0x00000742      0x3f6 DataInSlave.o
                0x00000742                ScanDataInSlave
 .text.main     0x00000b38      0x21c H2A_SECOM_MotorDriver.o
                0x00000b38                main
 .text.S9DOFWrite
                0x00000d54       0xb4 md_9dof.o
 .text.S9DOFRead
                0x00000e08      0x1b2 md_9dof.o
 .text.Init9DOF
                0x00000fba       0x82 md_9dof.o
                0x00000fba                Init9DOF
 .text.Process9DOF
                0x0000103c        0x2 md_9dof.o
                0x0000103c                Process9DOF
 .text.GyroGetTemp
                0x0000103e       0x24 md_9dof.o
                0x0000103e                GyroGetTemp
 .text.GyroGetMagnetic
                0x00001062       0x5a md_9dof.o
                0x00001062                GyroGetMagnetic
 .text.GyroGetAcceleration
                0x000010bc       0x66 md_9dof.o
                0x000010bc                GyroGetAcceleration
 .text.GyroGetGyro
                0x00001122       0x4e md_9dof.o
                0x00001122                GyroGetGyro
 .text.PrintCSV_9DOF
                0x00001170      0x170 md_9dof.o
                0x00001170                PrintCSV_9DOF
 .text.CoreAnalogTakeSnapshot485
                0x000012e0        0xc md_core_analog.o
 .text.GetCruiseControlButtonStatus
                0x000012ec       0x84 md_core_analog.o
 .text.GetFullPowerButtonStatus
                0x00001370       0x84 md_core_analog.o
 .text.GetMotorDriverTemp
                0x000013f4       0x70 md_core_analog.o
 .text.GetWheelSpeedH2A
                0x00001464       0xc4 md_core_analog.o
 .text.GetDiodeStatus
                0x00001528       0x80 md_core_analog.o
 .text.GetTimeSnapshot
                0x000015a8       0x70 md_core_analog.o
 .text.GetSupercapEnergy
                0x00001618       0xd4 md_core_analog.o
 .text.GetSupercapPower
                0x000016ec       0xd0 md_core_analog.o
 .text.GetSupercapCurrent
                0x000017bc       0xb4 md_core_analog.o
 .text.GetSupercapVoltage
                0x00001870       0xb4 md_core_analog.o
 .text.GetFuelCellEnergy
                0x00001924       0xd4 md_core_analog.o
 .text.GetFuelCellPower
                0x000019f8       0xd0 md_core_analog.o
 .text.GetFuelCellCurrent
                0x00001ac8       0xb4 md_core_analog.o
 .text.GetFuelCellVoltage
                0x00001b7c       0xb4 md_core_analog.o
 .text.GetMotorCurrent
                0x00001c30       0x7c md_core_analog.o
 .text.GetMotorVoltage
                0x00001cac       0xb4 md_core_analog.o
 .text.GetWheelDistance
                0x00001d60       0x70 md_core_analog.o
 .text.GetWheelSpeedEVA
                0x00001dd0       0xc4 md_core_analog.o
 .text.InitCoreAnalog
                0x00001e94      0x532 md_core_analog.o
                0x00001e94                InitCoreAnalog
 .text.CalibrateChannel
                0x000023c6      0xc26 md_core_analog.o
                0x000023c6                CalibrateChannel
 .text.TakeSnapshot
                0x00002fec        0x8 md_core_analog.o
                0x00002fec                TakeSnapshot
 .text.GetSessionCycleCount
                0x00002ff4       0x3a md_core_analog.o
                0x00002ff4                GetSessionCycleCount
 .text.PrintCSV_H2A
                0x0000302e     0x10ae md_core_analog.o
                0x0000302e                PrintCSV_H2A
 .text.PrintCSV_EVA
                0x000040dc      0x9ce md_core_analog.o
                0x000040dc                PrintCSV_EVA
 .text.PrintResetHeader
                0x00004aaa       0x6a md_core_analog.o
                0x00004aaa                PrintResetHeader
 .text.__vector_71
                0x00004b14      0xe16 md_core_analog.o
                0x00004b14                __vector_71
 .text.CopySensorData
                0x0000592a       0x50 md_readbussensors.o
 .text.AcceptDataGPSPosition
                0x0000597a        0xe md_readbussensors.o
 .text.AcceptDataGPSDirection
                0x00005988        0xe md_readbussensors.o
 .text.AcceptDataGPSSpeed
                0x00005996        0xe md_readbussensors.o
 .text.AcceptDataGPSTime
                0x000059a4        0xe md_readbussensors.o
 .text.InitReadBussensors
                0x000059b2       0x32 md_readbussensors.o
                0x000059b2                InitReadBussensors
 .text.PrintBussensors
                0x000059e4       0x3c md_readbussensors.o
                0x000059e4                PrintBussensors
 .text.InitSerial
                0x00005a20       0xb4 md_serial.o
                0x00005a20                InitSerial
 .text.CanRead_Comm485
                0x00005ad4       0x16 md_serial.o
                0x00005ad4                CanRead_Comm485
 .text.ReadByte_Comm485
                0x00005aea       0x2a md_serial.o
                0x00005aea                ReadByte_Comm485
 .text.CanWrite_Comm485
                0x00005b14       0x22 md_serial.o
                0x00005b14                CanWrite_Comm485
 .text.WriteByte_Comm485
                0x00005b36       0x88 md_serial.o
                0x00005b36                WriteByte_Comm485
 .text.CanRead_Ctrl
                0x00005bbe       0x16 md_serial.o
                0x00005bbe                CanRead_Ctrl
 .text.ReadByte_Ctrl
                0x00005bd4       0x2a md_serial.o
                0x00005bd4                ReadByte_Ctrl
 .text.CanWrite_Ctrl
                0x00005bfe       0x22 md_serial.o
                0x00005bfe                CanWrite_Ctrl
 .text.WriteByte_Ctrl
                0x00005c20       0x58 md_serial.o
                0x00005c20                WriteByte_Ctrl
 .text.Ctrl_putchar
                0x00005c78       0x60 md_serial.o
 .text.__vector_88
                0x00005cd8       0x50 md_serial.o
                0x00005cd8                __vector_88
 .text.__vector_89
                0x00005d28       0x62 md_serial.o
                0x00005d28                __vector_89
 .text.__vector_90
                0x00005d8a       0x3a md_serial.o
                0x00005d8a                __vector_90
 .text.__vector_91
                0x00005dc4       0x50 md_serial.o
                0x00005dc4                __vector_91
 .text.__vector_92
                0x00005e14       0x62 md_serial.o
                0x00005e14                __vector_92
 .text.__vector_119
                0x00005e76       0x50 md_serial.o
                0x00005e76                __vector_119
 .text.__vector_120
                0x00005ec6       0x62 md_serial.o
                0x00005ec6                __vector_120
 .text.InitTimer
                0x00005f28       0x20 md_ticktimer.o
                0x00005f28                InitTimer
 .text.GetTicks
                0x00005f48        0xa md_ticktimer.o
                0x00005f48                GetTicks
 .text.BusyWaitTillAfter
                0x00005f52       0x28 md_ticktimer.o
                0x00005f52                BusyWaitTillAfter
 .text.GetBusID
                0x00005f7a       0x24 util.o
                0x00005f7a                GetBusID
 .text.PrintBoardType
                0x00005f9e       0x78 util.o
                0x00005f9e                PrintBoardType
 .text.PrintProcessorID
                0x00006016       0x94 util.o
                0x00006016                PrintProcessorID
 .text.TryReadEEPROM
                0x000060aa       0xc2 util.o
                0x000060aa                TryReadEEPROM
 .text.UpdateEEPROM
                0x0000616c       0x7e util.o
                0x0000616c                UpdateEEPROM
 .text.ReadCalibrationByte
                0x000061ea       0x18 util.o
                0x000061ea                ReadCalibrationByte
 .text.InitUtil
                0x00006202       0x7a util.o
                0x00006202                InitUtil
 .text.avr-libc.fplib
                0x0000627c        0xe c:/program files (x86)/atmel/studio/7.0/toolchain/avr8/avr8-gnu-toolchain/bin/../lib/gcc/avr/4.9.2/../../../../avr/lib/avrxmega6\libm.a(addsf3.o)
                0x0000627c                __subsf3
                0x0000627e                __addsf3
 .text.avr-libc.fplib
                0x0000628a       0xcc c:/program files (x86)/atmel/studio/7.0/toolchain/avr8/avr8-gnu-toolchain/bin/../lib/gcc/avr/4.9.2/../../../../avr/lib/avrxmega6\libm.a(addsf3x.o)
                0x000062ac                __addsf3x
 .text.avr-libc.fplib
                0x00006356        0xa c:/program files (x86)/atmel/studio/7.0/toolchain/avr8/avr8-gnu-toolchain/bin/../lib/gcc/avr/4.9.2/../../../../avr/lib/avrxmega6\libm.a(cmpsf2.o)
                0x00006356                __nesf2
                0x00006356                __eqsf2
                0x00006356                __cmpsf2
                0x00006356                __ltsf2
                0x00006356                __lesf2
 .text.avr-libc.fplib
                0x00006360        0x8 c:/program files (x86)/atmel/studio/7.0/toolchain/avr8/avr8-gnu-toolchain/bin/../lib/gcc/avr/4.9.2/../../../../avr/lib/avrxmega6\libm.a(divsf3.o)
                0x00006360                __divsf3
 .text.avr-libc.fplib
                0x00006368       0xdc c:/program files (x86)/atmel/studio/7.0/toolchain/avr8/avr8-gnu-toolchain/bin/../lib/gcc/avr/4.9.2/../../../../avr/lib/avrxmega6\libm.a(divsf3x.o)
                0x00006388                __divsf3x
                0x0000638e                __divsf3_pse
 .text.avr-libc.fplib
                0x00006444        0xe c:/program files (x86)/atmel/studio/7.0/toolchain/avr8/avr8-gnu-toolchain/bin/../lib/gcc/avr/4.9.2/../../../../avr/lib/avrxmega6\libm.a(fixsfsi.o)
                0x00006444                __fixsfsi
 .text.avr-libc.fplib
                0x00006452       0x5e c:/program files (x86)/atmel/studio/7.0/toolchain/avr8/avr8-gnu-toolchain/bin/../lib/gcc/avr/4.9.2/../../../../avr/lib/avrxmega6\libm.a(fixunssfsi.o)
                0x00006452                __fixunssfsi
 .text.avr-libc.fplib
                0x000064b0        0xc c:/program files (x86)/atmel/studio/7.0/toolchain/avr8/avr8-gnu-toolchain/bin/../lib/gcc/avr/4.9.2/../../../../avr/lib/avrxmega6\libm.a(floatdisf.o)
                0x000064b0                __floatdisf
 .text.avr-libc.fplib
                0x000064bc       0x7a c:/program files (x86)/atmel/studio/7.0/toolchain/avr8/avr8-gnu-toolchain/bin/../lib/gcc/avr/4.9.2/../../../../avr/lib/avrxmega6\libm.a(floatsisf.o)
                0x000064bc                __floatunsisf
                0x000064c0                __floatsisf
 .text.avr-libc.fplib
                0x00006536       0x7c c:/program files (x86)/atmel/studio/7.0/toolchain/avr8/avr8-gnu-toolchain/bin/../lib/gcc/avr/4.9.2/../../../../avr/lib/avrxmega6\libm.a(floatundisf.o)
                0x00006536                __floatundisf
                0x00006538                __fp_di2sf
 .text.avr-libc.fplib
                0x000065b2       0x48 c:/program files (x86)/atmel/studio/7.0/toolchain/avr8/avr8-gnu-toolchain/bin/../lib/gcc/avr/4.9.2/../../../../avr/lib/avrxmega6\libm.a(fp_cmp.o)
                0x000065b2                __fp_cmp
 .text.avr-libc.fplib
                0x000065fa        0xc c:/program files (x86)/atmel/studio/7.0/toolchain/avr8/avr8-gnu-toolchain/bin/../lib/gcc/avr/4.9.2/../../../../avr/lib/avrxmega6\libm.a(fp_inf.o)
                0x000065fa                __fp_inf
 .text.avr-libc.fplib
                0x00006606        0x6 c:/program files (x86)/atmel/studio/7.0/toolchain/avr8/avr8-gnu-toolchain/bin/../lib/gcc/avr/4.9.2/../../../../avr/lib/avrxmega6\libm.a(fp_nan.o)
                0x00006606                __fp_nan
 .text.avr-libc.fplib
                0x0000660c       0x20 c:/program files (x86)/atmel/studio/7.0/toolchain/avr8/avr8-gnu-toolchain/bin/../lib/gcc/avr/4.9.2/../../../../avr/lib/avrxmega6\libm.a(fp_negdi.o)
                0x0000660c                __fp_negdi
 .text.avr-libc.fplib
                0x0000662c        0xe c:/program files (x86)/atmel/studio/7.0/toolchain/avr8/avr8-gnu-toolchain/bin/../lib/gcc/avr/4.9.2/../../../../avr/lib/avrxmega6\libm.a(fp_pscA.o)
                0x0000662c                __fp_pscA
 .text.avr-libc.fplib
                0x0000663a        0xe c:/program files (x86)/atmel/studio/7.0/toolchain/avr8/avr8-gnu-toolchain/bin/../lib/gcc/avr/4.9.2/../../../../avr/lib/avrxmega6\libm.a(fp_pscB.o)
                0x0000663a                __fp_pscB
 .text.avr-libc.fplib
                0x00006648       0x22 c:/program files (x86)/atmel/studio/7.0/toolchain/avr8/avr8-gnu-toolchain/bin/../lib/gcc/avr/4.9.2/../../../../avr/lib/avrxmega6\libm.a(fp_round.o)
                0x00006648                __fp_round
 .text.avr-libc.fplib
                0x0000666a       0x44 c:/program files (x86)/atmel/studio/7.0/toolchain/avr8/avr8-gnu-toolchain/bin/../lib/gcc/avr/4.9.2/../../../../avr/lib/avrxmega6\libm.a(fp_split3.o)
                0x0000666a                __fp_split3
                0x0000667a                __fp_splitA
 .text.avr-libc.fplib
                0x000066ae        0xe c:/program files (x86)/atmel/studio/7.0/toolchain/avr8/avr8-gnu-toolchain/bin/../lib/gcc/avr/4.9.2/../../../../avr/lib/avrxmega6\libm.a(fp_zero.o)
                0x000066ae                __fp_zero
                0x000066b0                __fp_szero
 .text.avr-libc.fplib
                0x000066bc        0x8 c:/program files (x86)/atmel/studio/7.0/toolchain/avr8/avr8-gnu-toolchain/bin/../lib/gcc/avr/4.9.2/../../../../avr/lib/avrxmega6\libm.a(mulsf3.o)
                0x000066bc                __mulsf3
 .text.avr-libc.fplib
                0x000066c4       0xd2 c:/program files (x86)/atmel/studio/7.0/toolchain/avr8/avr8-gnu-toolchain/bin/../lib/gcc/avr/4.9.2/../../../../avr/lib/avrxmega6\libm.a(mulsf3x.o)
                0x000066e2                __mulsf3x
                0x000066e8                __mulsf3_pse
 .text.avr-libc.fplib
                0x00006796       0x48 c:/program files (x86)/atmel/studio/7.0/toolchain/avr8/avr8-gnu-toolchain/bin/../lib/gcc/avr/4.9.2/../../../../avr/lib/avrxmega6\libm.a(round.o)
                0x00006796                round
 .text.avr-libc.fplib
                0x000067de       0x36 c:/program files (x86)/atmel/studio/7.0/toolchain/avr8/avr8-gnu-toolchain/bin/../lib/gcc/avr/4.9.2/../../../../avr/lib/avrxmega6\libm.a(fp_mintl.o)
                0x000067de                __fp_mintl
 .text.avr-libc.fplib
                0x00006814       0x1c c:/program files (x86)/atmel/studio/7.0/toolchain/avr8/avr8-gnu-toolchain/bin/../lib/gcc/avr/4.9.2/../../../../avr/lib/avrxmega6\libm.a(fp_mpack.o)
                0x00006814                __fp_mpack
                0x00006818                __fp_mpack_finite
 .text.libgcc.mul
                0x00006830       0x20 c:/program files (x86)/atmel/studio/7.0/toolchain/avr8/avr8-gnu-toolchain/bin/../lib/gcc/avr/4.9.2/avrxmega6\libgcc.a(_mulsi3.o)
                0x00006830                __mulsi3
 .text.libgcc.mul
                0x00006850       0x16 c:/program files (x86)/atmel/studio/7.0/toolchain/avr8/avr8-gnu-toolchain/bin/../lib/gcc/avr/4.9.2/avrxmega6\libgcc.a(_muluhisi3.o)
                0x00006850                __muluhisi3
 .text.libgcc   0x00006866       0x12 c:/program files (x86)/atmel/studio/7.0/toolchain/avr8/avr8-gnu-toolchain/bin/../lib/gcc/avr/4.9.2/avrxmega6\libgcc.a(_adddi3.o)
                0x00006866                __adddi3
 .text.libgcc.mul
                0x00006878       0x1e c:/program files (x86)/atmel/studio/7.0/toolchain/avr8/avr8-gnu-toolchain/bin/../lib/gcc/avr/4.9.2/avrxmega6\libgcc.a(_umulhisi3.o)
                0x00006878                __umulhisi3
 .text.avr-libc
                0x00006896      0x25a c:/program files (x86)/atmel/studio/7.0/toolchain/avr8/avr8-gnu-toolchain/bin/../lib/gcc/avr/4.9.2/../../../../avr/lib/avrxmega6\libc.a(malloc.o)
                0x00006896                malloc
                0x000069c0                free
 .text.avr-libc
                0x00006af0      0x1d2 c:/program files (x86)/atmel/studio/7.0/toolchain/avr8/avr8-gnu-toolchain/bin/../lib/gcc/avr/4.9.2/../../../../avr/lib/avrxmega6\libc.a(realloc.o)
                0x00006af0                realloc
 .text.avr-libc
                0x00006cc2      0x256 c:/program files (x86)/atmel/studio/7.0/toolchain/avr8/avr8-gnu-toolchain/bin/../lib/gcc/avr/4.9.2/../../../../avr/lib/avrxmega6\libc.a(strtol.o)
                0x00006cc2                strtol
 .text.avr-libc
                0x00006f18       0x12 c:/program files (x86)/atmel/studio/7.0/toolchain/avr8/avr8-gnu-toolchain/bin/../lib/gcc/avr/4.9.2/../../../../avr/lib/avrxmega6\libc.a(isspace.o)
                0x00006f18                isspace
 .text.avr-libc
                0x00006f2a       0x12 c:/program files (x86)/atmel/studio/7.0/toolchain/avr8/avr8-gnu-toolchain/bin/../lib/gcc/avr/4.9.2/../../../../avr/lib/avrxmega6\libc.a(memcpy.o)
                0x00006f2a                memcpy
 .text.avr-libc
                0x00006f3c       0x1c c:/program files (x86)/atmel/studio/7.0/toolchain/avr8/avr8-gnu-toolchain/bin/../lib/gcc/avr/4.9.2/../../../../avr/lib/avrxmega6\libc.a(strncmp.o)
                0x00006f3c                strncmp
 .text.avr-libc
                0x00006f58       0x1e c:/program files (x86)/atmel/studio/7.0/toolchain/avr8/avr8-gnu-toolchain/bin/../lib/gcc/avr/4.9.2/../../../../avr/lib/avrxmega6\libc.a(strncpy.o)
                0x00006f58                strncpy
 .text.avr-libc
                0x00006f76       0x20 c:/program files (x86)/atmel/studio/7.0/toolchain/avr8/avr8-gnu-toolchain/bin/../lib/gcc/avr/4.9.2/../../../../avr/lib/avrxmega6\libc.a(fprintf.o)
                0x00006f76                fprintf
 .text.avr-libc
                0x00006f96       0x70 c:/program files (x86)/atmel/studio/7.0/toolchain/avr8/avr8-gnu-toolchain/bin/../lib/gcc/avr/4.9.2/../../../../avr/lib/avrxmega6\libc.a(fputc.o)
                0x00006f96                fputc
 .text.avr-libc
                0x00007006       0x84 c:/program files (x86)/atmel/studio/7.0/toolchain/avr8/avr8-gnu-toolchain/bin/../lib/gcc/avr/4.9.2/../../../../avr/lib/avrxmega6\libc.a(fwrite.o)
                0x00007006                fwrite
 .text.avr-libc
                0x0000708a       0x6e c:/program files (x86)/atmel/studio/7.0/toolchain/avr8/avr8-gnu-toolchain/bin/../lib/gcc/avr/4.9.2/../../../../avr/lib/avrxmega6\libc.a(snprintf.o)
                0x0000708a                snprintf
 .text.avr-libc
                0x000070f8       0x54 c:/program files (x86)/atmel/studio/7.0/toolchain/avr8/avr8-gnu-toolchain/bin/../lib/gcc/avr/4.9.2/../../../../avr/lib/avrxmega6\libc.a(sprintf.o)
                0x000070f8                sprintf
 .text.avr-libc
                0x0000714c      0x3ea c:/program files (x86)/atmel/studio/7.0/toolchain/avr8/avr8-gnu-toolchain/bin/../lib/gcc/avr/4.9.2/../../../../avr/lib/avrxmega6\libc.a(vfprintf_std.o)
                0x0000714c                vfprintf
 .text.avr-libc
                0x00007536        0x6 c:/program files (x86)/atmel/studio/7.0/toolchain/avr8/avr8-gnu-toolchain/bin/../lib/gcc/avr/4.9.2/../../../../avr/lib/avrxmega6\libc.a(cty_isfalse.o)
                0x00007536                __ctype_isfalse
                0x0000753a                __ctype_istrue
 .text.avr-libc
                0x0000753c       0x16 c:/program files (x86)/atmel/studio/7.0/toolchain/avr8/avr8-gnu-toolchain/bin/../lib/gcc/avr/4.9.2/../../../../avr/lib/avrxmega6\libc.a(strnlen_P.o)
                0x0000753c                strnlen_P
 .text.avr-libc
                0x00007552       0x16 c:/program files (x86)/atmel/studio/7.0/toolchain/avr8/avr8-gnu-toolchain/bin/../lib/gcc/avr/4.9.2/../../../../avr/lib/avrxmega6\libc.a(strnlen.o)
                0x00007552                strnlen
 .text.avr-libc
                0x00007568       0xbc c:/program files (x86)/atmel/studio/7.0/toolchain/avr8/avr8-gnu-toolchain/bin/../lib/gcc/avr/4.9.2/../../../../avr/lib/avrxmega6\libc.a(ultoa_invert.o)
                0x00007568                __ultoa_invert
 .text.avr-libc
                0x00007624       0x18 C:/Program Files (x86)/Atmel/Studio/7.0/Packs/atmel/XMEGAA_DFP/1.1.63/gcc/dev/atxmega256a3u/avrxmega6\libatxmega256a3u.a(eerd_block.o)
                0x00007624                eeprom_read_block
 .text.avr-libc
                0x0000763c       0x20 C:/Program Files (x86)/Atmel/Studio/7.0/Packs/atmel/XMEGAA_DFP/1.1.63/gcc/dev/atxmega256a3u/avrxmega6\libatxmega256a3u.a(eeupd_block.o)
                0x0000763c                eeprom_update_block
 .text.avr-libc
                0x0000765c       0x16 C:/Program Files (x86)/Atmel/Studio/7.0/Packs/atmel/XMEGAA_DFP/1.1.63/gcc/dev/atxmega256a3u/avrxmega6\libatxmega256a3u.a(eeupd_byte.o)
                0x0000765c                eeprom_update_byte
                0x0000765e                eeprom_update_r18
 .text.avr-libc
                0x00007672       0x46 C:/Program Files (x86)/Atmel/Studio/7.0/Packs/atmel/XMEGAA_DFP/1.1.63/gcc/dev/atxmega256a3u/avrxmega6\libatxmega256a3u.a(eewr_byte.o)
                0x00007672                eeprom_write_byte
                0x00007674                eeprom_write_r18
 .text.avr-libc
                0x000076b8       0x20 C:/Program Files (x86)/Atmel/Studio/7.0/Packs/atmel/XMEGAA_DFP/1.1.63/gcc/dev/atxmega256a3u/avrxmega6\libatxmega256a3u.a(eerd_byte.o)
                0x000076b8                eeprom_read_byte
                0x000076c0                eeprom_mapen
 .text.libgcc.div
                0x000076d8       0x44 c:/program files (x86)/atmel/studio/7.0/toolchain/avr8/avr8-gnu-toolchain/bin/../lib/gcc/avr/4.9.2/avrxmega6\libgcc.a(_udivmodsi4.o)
                0x000076d8                __udivmodsi4
                0x0000771c                . = ALIGN (0x2)
 *(.fini9)
 .fini9         0x0000771c        0x0 c:/program files (x86)/atmel/studio/7.0/toolchain/avr8/avr8-gnu-toolchain/bin/../lib/gcc/avr/4.9.2/avrxmega6\libgcc.a(_exit.o)
                0x0000771c                _exit
                0x0000771c                exit
 *(.fini9)
 *(.fini8)
 *(.fini8)
 *(.fini7)
 *(.fini7)
 *(.fini6)
 *(.fini6)
 *(.fini5)
 *(.fini5)
 *(.fini4)
 *(.fini4)
 *(.fini3)
 *(.fini3)
 *(.fini2)
 *(.fini2)
 *(.fini1)
 *(.fini1)
 *(.fini0)
 .fini0         0x0000771c        0x4 c:/program files (x86)/atmel/studio/7.0/toolchain/avr8/avr8-gnu-toolchain/bin/../lib/gcc/avr/4.9.2/avrxmega6\libgcc.a(_exit.o)
 *(.fini0)
                0x00007720                _etext = .

.data           0x00802000      0x7a0 load address 0x00007720
                0x00802000                PROVIDE (__data_start, .)
 *(.data)
 .data          0x00802000        0x6 c:/program files (x86)/atmel/studio/7.0/toolchain/avr8/avr8-gnu-toolchain/bin/../lib/gcc/avr/4.9.2/../../../../avr/lib/avrxmega6\libc.a(malloc.o)
                0x00802000                __malloc_heap_end
                0x00802002                __malloc_heap_start
                0x00802004                __malloc_margin
 *(.data*)
 .data.sSpeedSensorLastValidInterval.4805
                0x00802006        0x2 md_core_analog.o
 .data.sGPSPos  0x00802008       0x4e md_readbussensors.o
 .data.gCtrl_IO
                0x00802056        0xe md_serial.o
                0x00802056                gCtrl_IO
 *(.rodata)
 .rodata        0x00802064       0x60 md_core_analog.o
 *(.rodata*)
 .rodata.str1.1
                0x008020c4       0xfe DataInSlave.o
 .rodata.str1.1
                0x008021c2        0x4 H2A_SECOM_MotorDriver.o
 .rodata.str1.1
                0x008021c6       0x33 md_9dof.o
 .rodata.str1.1
                0x008021f9      0x541 md_core_analog.o
                                0x549 (size before relaxing)
 .rodata.str1.1
                0x0080273a       0x21 md_readbussensors.o
 .rodata.str1.1
                0x0080275b       0x44 util.o
                                 0x49 (size before relaxing)
 *(.gnu.linkonce.d*)
                0x008027a0                . = ALIGN (0x2)
 *fill*         0x0080279f        0x1 
                0x008027a0                _edata = .
                0x008027a0                PROVIDE (__data_end, .)

.bss            0x008027a0      0x6f8
                0x008027a0                PROVIDE (__bss_start, .)
 *(.bss)
 *(.bss*)
 .bss.index.4407
                0x008027a0        0x2 DataInSlave.o
 .bss.responseSlave.4469
                0x008027a2       0x53 DataInSlave.o
 .bss.getKarakter.4457
                0x008027f5        0x1 DataInSlave.o
 .bss.sWantedSensor
                0x008027f6        0x2 DataInSlave.o
 .bss.sOwnSensor
                0x008027f8        0x2 DataInSlave.o
 .bss.sNumWantedSensor
                0x008027fa        0x2 DataInSlave.o
 .bss.sNumOwnSensor
                0x008027fc        0x2 DataInSlave.o
 .bss.sMyAdress
                0x008027fe        0x2 DataInSlave.o
 .bss.slaveData.4527
                0x00802800       0x53 H2A_SECOM_MotorDriver.o
 .bss.sCCRunTimer.4804
                0x00802853        0x2 md_core_analog.o
 .bss.sCCPrevPulseInterval.4810
                0x00802855        0x4 md_core_analog.o
 .bss.sCCIsOn.4803
                0x00802859        0x1 md_core_analog.o
 .bss.sPrevPWMCycles.4802
                0x0080285a        0x1 md_core_analog.o
 .bss.sSamplingVin.4801
                0x0080285b        0x1 md_core_analog.o
 .bss.sSpeedSensorPreviousValidEdgeTimestamp.4806
                0x0080285c        0x4 md_core_analog.o
 .bss.sSpeedSensorNegDeglitchCounter.4809
                0x00802860        0x1 md_core_analog.o
 .bss.sSpeedSensorPreviousState.4807
                0x00802861        0x1 md_core_analog.o
 .bss.sSpeedSensorPosDeglitchCounter.4808
                0x00802862        0x1 md_core_analog.o
 .bss.sSensorData
                0x00802863       0x79 md_core_analog.o
 .bss.sCC2TargetSpeed
                0x008028dc        0x4 md_core_analog.o
 .bss.sCC2MinSpeed
                0x008028e0        0x4 md_core_analog.o
 .bss.sCC2TargetSpeedUpdate
                0x008028e4        0x1 md_core_analog.o
 .bss.sSessionCycleCount
                0x008028e5        0x4 md_core_analog.o
 .bss.sTakeSnapshot485
                0x008028e9        0x1 md_core_analog.o
 .bss.sSessionCycleCountSnapshot485
                0x008028ea        0x4 md_core_analog.o
 .bss.sSensorDataSnapshot485
                0x008028ee       0x79 md_core_analog.o
 .bss.sTakeSnapshot
                0x00802967        0x1 md_core_analog.o
 .bss.sSessionCycleCountSnapshot
                0x00802968        0x4 md_core_analog.o
 .bss.sSensorDataSnapshot
                0x0080296c       0x79 md_core_analog.o
 .bss.sCal      0x008029e5       0x30 md_core_analog.o
 .bss.sGPSTime  0x00802a15       0x4e md_readbussensors.o
 .bss.sGPSSpeed
                0x00802a63       0x4e md_readbussensors.o
 .bss.sGPSDirection
                0x00802ab1       0x4e md_readbussensors.o
 .bss.checksum.4192
                0x00802aff        0x1 md_serial.o
 .bss.rx_fc_buf
                0x00802b00       0x64 md_serial.o
 .bss.rx_fc_rdidx
                0x00802b64        0x1 md_serial.o
 .bss.rx_fc_wridx
                0x00802b65        0x1 md_serial.o
 .bss.tx_fc_buf
                0x00802b66       0x64 md_serial.o
 .bss.tx_fc_rdidx
                0x00802bca        0x1 md_serial.o
 .bss.tx_fc_wridx
                0x00802bcb        0x1 md_serial.o
 .bss.rx_ctrl_buf
                0x00802bcc       0x50 md_serial.o
 .bss.rx_ctrl_rdidx
                0x00802c1c        0x1 md_serial.o
 .bss.rx_ctrl_wridx
                0x00802c1d        0x1 md_serial.o
 .bss.tx_ctrl_buf
                0x00802c1e       0xfa md_serial.o
 .bss.tx_ctrl_rdidx
                0x00802d18        0x1 md_serial.o
 .bss.tx_ctrl_wridx
                0x00802d19        0x1 md_serial.o
 .bss.rx_485_buf
                0x00802d1a       0xb4 md_serial.o
 .bss.rx_485_rdidx
                0x00802dce        0x1 md_serial.o
 .bss.rx_485_wridx
                0x00802dcf        0x1 md_serial.o
 .bss.tx_485_busy
                0x00802dd0        0x1 md_serial.o
 .bss.tx_485_buf
                0x00802dd1       0xb4 md_serial.o
 .bss.tx_485_rdidx
                0x00802e85        0x1 md_serial.o
 .bss.tx_485_wridx
                0x00802e86        0x1 md_serial.o
 .bss.sProcID   0x00802e87        0xb util.o
 *(COMMON)
 COMMON         0x00802e92        0x4 c:/program files (x86)/atmel/studio/7.0/toolchain/avr8/avr8-gnu-toolchain/bin/../lib/gcc/avr/4.9.2/../../../../avr/lib/avrxmega6\libc.a(malloc.o)
                0x00802e92                __brkval
                0x00802e94                __flp
 COMMON         0x00802e96        0x2 c:/program files (x86)/atmel/studio/7.0/toolchain/avr8/avr8-gnu-toolchain/bin/../lib/gcc/avr/4.9.2/../../../../avr/lib/avrxmega6\libc.a(errno.o)
                0x00802e96                errno
                0x00802e98                PROVIDE (__bss_end, .)
                0x00007720                __data_load_start = LOADADDR (.data)
                0x00007ec0                __data_load_end = (__data_load_start + SIZEOF (.data))

.noinit         0x00802e98        0x0
                [!provide]                PROVIDE (__noinit_start, .)
 *(.noinit*)
                [!provide]                PROVIDE (__noinit_end, .)
                0x00802e98                _end = .
                0x00802e98                PROVIDE (__heap_start, .)

.eeprom         0x00810000        0x0
 *(.eeprom*)
                0x00810000                __eeprom_end = .

.fuse
 *(.fuse)
 *(.lfuse)
 *(.hfuse)
 *(.efuse)

.lock
 *(.lock*)

.signature
 *(.signature*)

.user_signatures
 *(.user_signatures*)

.stab
 *(.stab)

.stabstr
 *(.stabstr)

.stab.excl
 *(.stab.excl)

.stab.exclstr
 *(.stab.exclstr)

.stab.index
 *(.stab.index)

.stab.indexstr
 *(.stab.indexstr)

.comment        0x00000000       0x5c
 *(.comment)
 .comment       0x00000000       0x30 clksys_driver.o
                                 0x31 (size before relaxing)
 .comment       0x00000030       0x31 DataInSlave.o
 .comment       0x00000030       0x31 H2A_SECOM_MotorDriver.o
 .comment       0x00000030       0x31 md_9dof.o
 .comment       0x00000030       0x31 md_core_analog.o
 .comment       0x00000030       0x31 md_readbussensors.o
 .comment       0x00000030       0x31 md_serial.o
 .comment       0x00000030       0x31 md_ticktimer.o
 .comment       0x00000030       0x31 util.o
 .comment       0x00000030       0x31 c:/program files (x86)/atmel/studio/7.0/toolchain/avr8/avr8-gnu-toolchain/bin/../lib/gcc/avr/4.9.2/../../../../avr/lib/avrxmega6\libc.a(malloc.o)
 .comment       0x00000030       0x31 c:/program files (x86)/atmel/studio/7.0/toolchain/avr8/avr8-gnu-toolchain/bin/../lib/gcc/avr/4.9.2/../../../../avr/lib/avrxmega6\libc.a(realloc.o)
 .comment       0x00000030       0x31 c:/program files (x86)/atmel/studio/7.0/toolchain/avr8/avr8-gnu-toolchain/bin/../lib/gcc/avr/4.9.2/../../../../avr/lib/avrxmega6\libc.a(strtol.o)
 .comment       0x00000030       0x31 c:/program files (x86)/atmel/studio/7.0/toolchain/avr8/avr8-gnu-toolchain/bin/../lib/gcc/avr/4.9.2/../../../../avr/lib/avrxmega6\libc.a(fprintf.o)
 .comment       0x00000030       0x31 c:/program files (x86)/atmel/studio/7.0/toolchain/avr8/avr8-gnu-toolchain/bin/../lib/gcc/avr/4.9.2/../../../../avr/lib/avrxmega6\libc.a(fputc.o)
 .comment       0x00000030       0x31 c:/program files (x86)/atmel/studio/7.0/toolchain/avr8/avr8-gnu-toolchain/bin/../lib/gcc/avr/4.9.2/../../../../avr/lib/avrxmega6\libc.a(fwrite.o)
 .comment       0x00000030       0x31 c:/program files (x86)/atmel/studio/7.0/toolchain/avr8/avr8-gnu-toolchain/bin/../lib/gcc/avr/4.9.2/../../../../avr/lib/avrxmega6\libc.a(snprintf.o)
 .comment       0x00000030       0x31 c:/program files (x86)/atmel/studio/7.0/toolchain/avr8/avr8-gnu-toolchain/bin/../lib/gcc/avr/4.9.2/../../../../avr/lib/avrxmega6\libc.a(sprintf.o)
 .comment       0x00000030       0x2c c:/program files (x86)/atmel/studio/7.0/toolchain/avr8/avr8-gnu-toolchain/bin/../lib/gcc/avr/4.9.2/../../../../avr/lib/avrxmega6\libc.a(vfprintf_std.o)
                                 0x2d (size before relaxing)
 .comment       0x0000005c       0x2d c:/program files (x86)/atmel/studio/7.0/toolchain/avr8/avr8-gnu-toolchain/bin/../lib/gcc/avr/4.9.2/../../../../avr/lib/avrxmega6\libc.a(errno.o)

.note.gnu.avr.deviceinfo
                0x00000000       0x40
 .note.gnu.avr.deviceinfo
                0x00000000       0x40 C:/Program Files (x86)/Atmel/Studio/7.0/Packs/atmel/XMEGAA_DFP/1.1.63/gcc/dev/atxmega256a3u/avrxmega6/crtatxmega256a3u.o

.note.gnu.build-id
 *(.note.gnu.build-id)

.debug
 *(.debug)

.line
 *(.line)

.debug_srcinfo
 *(.debug_srcinfo)

.debug_sfnames
 *(.debug_sfnames)

.debug_aranges  0x00000000      0x480
 *(.debug_aranges)
 .debug_aranges
                0x00000000       0x68 clksys_driver.o
 .debug_aranges
                0x00000068       0x60 DataInSlave.o
 .debug_aranges
                0x000000c8       0x20 H2A_SECOM_MotorDriver.o
 .debug_aranges
                0x000000e8       0x60 md_9dof.o
 .debug_aranges
                0x00000148       0xf8 md_core_analog.o
 .debug_aranges
                0x00000240       0x50 md_readbussensors.o
 .debug_aranges
                0x00000290       0xc8 md_serial.o
 .debug_aranges
                0x00000358       0x30 md_ticktimer.o
 .debug_aranges
                0x00000388       0x58 util.o
 .debug_aranges
                0x000003e0       0x20 C:/Program Files (x86)/Atmel/Studio/7.0/Packs/atmel/XMEGAA_DFP/1.1.63/gcc/dev/atxmega256a3u/avrxmega6\libatxmega256a3u.a(eerd_block.o)
 .debug_aranges
                0x00000400       0x20 C:/Program Files (x86)/Atmel/Studio/7.0/Packs/atmel/XMEGAA_DFP/1.1.63/gcc/dev/atxmega256a3u/avrxmega6\libatxmega256a3u.a(eeupd_block.o)
 .debug_aranges
                0x00000420       0x20 C:/Program Files (x86)/Atmel/Studio/7.0/Packs/atmel/XMEGAA_DFP/1.1.63/gcc/dev/atxmega256a3u/avrxmega6\libatxmega256a3u.a(eeupd_byte.o)
 .debug_aranges
                0x00000440       0x20 C:/Program Files (x86)/Atmel/Studio/7.0/Packs/atmel/XMEGAA_DFP/1.1.63/gcc/dev/atxmega256a3u/avrxmega6\libatxmega256a3u.a(eewr_byte.o)
 .debug_aranges
                0x00000460       0x20 C:/Program Files (x86)/Atmel/Studio/7.0/Packs/atmel/XMEGAA_DFP/1.1.63/gcc/dev/atxmega256a3u/avrxmega6\libatxmega256a3u.a(eerd_byte.o)

.debug_pubnames
 *(.debug_pubnames)

.debug_info     0x00000000     0xc40c
 *(.debug_info .gnu.linkonce.wi.*)
 .debug_info    0x00000000     0x3409 C:/Program Files (x86)/Atmel/Studio/7.0/Packs/atmel/XMEGAA_DFP/1.1.63/gcc/dev/atxmega256a3u/avrxmega6/crtatxmega256a3u.o
 .debug_info    0x00003409      0x655 clksys_driver.o
 .debug_info    0x00003a5e      0xc47 DataInSlave.o
 .debug_info    0x000046a5      0x971 H2A_SECOM_MotorDriver.o
 .debug_info    0x00005016      0x892 md_9dof.o
 .debug_info    0x000058a8     0x427c md_core_analog.o
 .debug_info    0x00009b24      0x4b9 md_readbussensors.o
 .debug_info    0x00009fdd      0xd67 md_serial.o
 .debug_info    0x0000ad44      0x866 md_ticktimer.o
 .debug_info    0x0000b5aa      0xada util.o
 .debug_info    0x0000c084       0xb5 C:/Program Files (x86)/Atmel/Studio/7.0/Packs/atmel/XMEGAA_DFP/1.1.63/gcc/dev/atxmega256a3u/avrxmega6\libatxmega256a3u.a(eerd_block.o)
 .debug_info    0x0000c139       0xb6 C:/Program Files (x86)/Atmel/Studio/7.0/Packs/atmel/XMEGAA_DFP/1.1.63/gcc/dev/atxmega256a3u/avrxmega6\libatxmega256a3u.a(eeupd_block.o)
 .debug_info    0x0000c1ef       0xb5 C:/Program Files (x86)/Atmel/Studio/7.0/Packs/atmel/XMEGAA_DFP/1.1.63/gcc/dev/atxmega256a3u/avrxmega6\libatxmega256a3u.a(eeupd_byte.o)
 .debug_info    0x0000c2a4       0xb4 C:/Program Files (x86)/Atmel/Studio/7.0/Packs/atmel/XMEGAA_DFP/1.1.63/gcc/dev/atxmega256a3u/avrxmega6\libatxmega256a3u.a(eewr_byte.o)
 .debug_info    0x0000c358       0xb4 C:/Program Files (x86)/Atmel/Studio/7.0/Packs/atmel/XMEGAA_DFP/1.1.63/gcc/dev/atxmega256a3u/avrxmega6\libatxmega256a3u.a(eerd_byte.o)

.debug_abbrev   0x00000000     0x483c
 *(.debug_abbrev)
 .debug_abbrev  0x00000000     0x3148 C:/Program Files (x86)/Atmel/Studio/7.0/Packs/atmel/XMEGAA_DFP/1.1.63/gcc/dev/atxmega256a3u/avrxmega6/crtatxmega256a3u.o
 .debug_abbrev  0x00003148      0x19b clksys_driver.o
 .debug_abbrev  0x000032e3      0x38f DataInSlave.o
 .debug_abbrev  0x00003672      0x22a H2A_SECOM_MotorDriver.o
 .debug_abbrev  0x0000389c      0x243 md_9dof.o
 .debug_abbrev  0x00003adf      0x43d md_core_analog.o
 .debug_abbrev  0x00003f1c      0x1d9 md_readbussensors.o
 .debug_abbrev  0x000040f5      0x2f7 md_serial.o
 .debug_abbrev  0x000043ec      0x167 md_ticktimer.o
 .debug_abbrev  0x00004553      0x285 util.o
 .debug_abbrev  0x000047d8       0x14 C:/Program Files (x86)/Atmel/Studio/7.0/Packs/atmel/XMEGAA_DFP/1.1.63/gcc/dev/atxmega256a3u/avrxmega6\libatxmega256a3u.a(eerd_block.o)
 .debug_abbrev  0x000047ec       0x14 C:/Program Files (x86)/Atmel/Studio/7.0/Packs/atmel/XMEGAA_DFP/1.1.63/gcc/dev/atxmega256a3u/avrxmega6\libatxmega256a3u.a(eeupd_block.o)
 .debug_abbrev  0x00004800       0x14 C:/Program Files (x86)/Atmel/Studio/7.0/Packs/atmel/XMEGAA_DFP/1.1.63/gcc/dev/atxmega256a3u/avrxmega6\libatxmega256a3u.a(eeupd_byte.o)
 .debug_abbrev  0x00004814       0x14 C:/Program Files (x86)/Atmel/Studio/7.0/Packs/atmel/XMEGAA_DFP/1.1.63/gcc/dev/atxmega256a3u/avrxmega6\libatxmega256a3u.a(eewr_byte.o)
 .debug_abbrev  0x00004828       0x14 C:/Program Files (x86)/Atmel/Studio/7.0/Packs/atmel/XMEGAA_DFP/1.1.63/gcc/dev/atxmega256a3u/avrxmega6\libatxmega256a3u.a(eerd_byte.o)

.debug_line     0x00000000     0x3b0f
 *(.debug_line .debug_line.* .debug_line_end)
 .debug_line    0x00000000      0x39d C:/Program Files (x86)/Atmel/Studio/7.0/Packs/atmel/XMEGAA_DFP/1.1.63/gcc/dev/atxmega256a3u/avrxmega6/crtatxmega256a3u.o
 .debug_line    0x0000039d      0x250 clksys_driver.o
 .debug_line    0x000005ed      0x4a3 DataInSlave.o
 .debug_line    0x00000a90      0x344 H2A_SECOM_MotorDriver.o
 .debug_line    0x00000dd4      0x4e7 md_9dof.o
 .debug_line    0x000012bb     0x1591 md_core_analog.o
 .debug_line    0x0000284c      0x1c9 md_readbussensors.o
 .debug_line    0x00002a15      0x7f5 md_serial.o
 .debug_line    0x0000320a      0x19c md_ticktimer.o
 .debug_line    0x000033a6      0x3f3 util.o
 .debug_line    0x00003799       0x8d C:/Program Files (x86)/Atmel/Studio/7.0/Packs/atmel/XMEGAA_DFP/1.1.63/gcc/dev/atxmega256a3u/avrxmega6\libatxmega256a3u.a(eerd_block.o)
 .debug_line    0x00003826       0xa5 C:/Program Files (x86)/Atmel/Studio/7.0/Packs/atmel/XMEGAA_DFP/1.1.63/gcc/dev/atxmega256a3u/avrxmega6\libatxmega256a3u.a(eeupd_block.o)
 .debug_line    0x000038cb       0x80 C:/Program Files (x86)/Atmel/Studio/7.0/Packs/atmel/XMEGAA_DFP/1.1.63/gcc/dev/atxmega256a3u/avrxmega6\libatxmega256a3u.a(eeupd_byte.o)
 .debug_line    0x0000394b      0x11b C:/Program Files (x86)/Atmel/Studio/7.0/Packs/atmel/XMEGAA_DFP/1.1.63/gcc/dev/atxmega256a3u/avrxmega6\libatxmega256a3u.a(eewr_byte.o)
 .debug_line    0x00003a66       0xa9 C:/Program Files (x86)/Atmel/Studio/7.0/Packs/atmel/XMEGAA_DFP/1.1.63/gcc/dev/atxmega256a3u/avrxmega6\libatxmega256a3u.a(eerd_byte.o)

.debug_frame    0x00000000     0x1320
 *(.debug_frame)
 .debug_frame   0x00000000       0xdc clksys_driver.o
 .debug_frame   0x000000dc      0x1e8 DataInSlave.o
 .debug_frame   0x000002c4       0x24 H2A_SECOM_MotorDriver.o
 .debug_frame   0x000002e8      0x170 md_9dof.o
 .debug_frame   0x00000458      0x9d8 md_core_analog.o
 .debug_frame   0x00000e30       0xac md_readbussensors.o
 .debug_frame   0x00000edc      0x2bc md_serial.o
 .debug_frame   0x00001198       0x44 md_ticktimer.o
 .debug_frame   0x000011dc      0x144 util.o

.debug_str      0x00000000     0x69c5
 *(.debug_str)
 .debug_str     0x00000000     0x223b C:/Program Files (x86)/Atmel/Studio/7.0/Packs/atmel/XMEGAA_DFP/1.1.63/gcc/dev/atxmega256a3u/avrxmega6/crtatxmega256a3u.o
 .debug_str     0x0000223b      0x7bf clksys_driver.o
                                0x804 (size before relaxing)
 .debug_str     0x000029fa      0x2c6 DataInSlave.o
                                0x486 (size before relaxing)
 .debug_str     0x00002cc0      0x33f H2A_SECOM_MotorDriver.o
                                0x7de (size before relaxing)
 .debug_str     0x00002fff       0xdc md_9dof.o
                                0x3c0 (size before relaxing)
 .debug_str     0x000030db     0x2fcb md_core_analog.o
                               0x348e (size before relaxing)
 .debug_str     0x000060a6       0xaa md_readbussensors.o
                                0x2bc (size before relaxing)
 .debug_str     0x00006150      0x3ae md_serial.o
                                0x86f (size before relaxing)
 .debug_str     0x000064fe       0x2f md_ticktimer.o
                                0x8bc (size before relaxing)
 .debug_str     0x0000652d      0x498 util.o
                                0x925 (size before relaxing)

.debug_loc      0x00000000     0x5d57
 *(.debug_loc)
 .debug_loc     0x00000000      0x2cf clksys_driver.o
 .debug_loc     0x000002cf      0x9b4 DataInSlave.o
 .debug_loc     0x00000c83      0x17c H2A_SECOM_MotorDriver.o
 .debug_loc     0x00000dff      0x972 md_9dof.o
 .debug_loc     0x00001771     0x3331 md_core_analog.o
 .debug_loc     0x00004aa2      0x28a md_readbussensors.o
 .debug_loc     0x00004d2c      0xa1d md_serial.o
 .debug_loc     0x00005749       0x76 md_ticktimer.o
 .debug_loc     0x000057bf      0x598 util.o

.debug_macinfo
 *(.debug_macinfo)

.debug_weaknames
 *(.debug_weaknames)

.debug_funcnames
 *(.debug_funcnames)

.debug_typenames
 *(.debug_typenames)

.debug_varnames
 *(.debug_varnames)

.debug_pubtypes
 *(.debug_pubtypes)

.debug_ranges   0x00000000      0x368
 *(.debug_ranges)
 .debug_ranges  0x00000000       0x58 clksys_driver.o
 .debug_ranges  0x00000058       0x68 DataInSlave.o
 .debug_ranges  0x000000c0       0x10 H2A_SECOM_MotorDriver.o
 .debug_ranges  0x000000d0       0x50 md_9dof.o
 .debug_ranges  0x00000120       0xe8 md_core_analog.o
 .debug_ranges  0x00000208       0x40 md_readbussensors.o
 .debug_ranges  0x00000248       0xb8 md_serial.o
 .debug_ranges  0x00000300       0x20 md_ticktimer.o
 .debug_ranges  0x00000320       0x48 util.o

.debug_macro
 *(.debug_macro)
OUTPUT(H2A_SECOM_MotorDriver_6_2.elf elf32-avr)
LOAD linker stubs
